../Core/Src/main.c:106:6:HAL_UART_TxCpltCallback	16	static
../Core/Src/main.c:116:5:main	336	static
../Core/Src/main.c:248:6:SystemClock_Config	88	static
../Core/Src/main.c:294:13:MX_I2C1_Init	8	static
../Core/Src/main.c:328:13:MX_I2C2_Init	8	static
../Core/Src/main.c:362:13:MX_SPI1_Init	8	static
../Core/Src/main.c:400:13:MX_TIM11_Init	8	static
../Core/Src/main.c:431:13:MX_USART2_UART_Init	8	static
../Core/Src/main.c:462:13:MX_DMA_Init	16	static
../Core/Src/main.c:480:13:MX_GPIO_Init	40	static
../Core/Src/main.c:558:6:Error_Handler	4	static,ignoring_inline_asm
