../Drivers/STM32F4xx_HAL_Driver/Inc/stm32f4xx_ll_gpio.h:273:22:LL_GPIO_SetPinMode	40	static,ignoring_inline_asm
../Drivers/STM32F4xx_HAL_Driver/Inc/stm32f4xx_ll_gpio.h:342:22:LL_GPIO_SetPinOutputType	24	static
../Drivers/STM32F4xx_HAL_Driver/Inc/stm32f4xx_ll_gpio.h:413:22:LL_GPIO_SetPinSpeed	40	static,ignoring_inline_asm
../Drivers/STM32F4xx_HAL_Driver/Inc/stm32f4xx_ll_gpio.h:484:22:LL_GPIO_SetPinPull	40	static,ignoring_inline_asm
../Drivers/STM32F4xx_HAL_Driver/Inc/stm32f4xx_ll_gpio.h:556:22:LL_GPIO_SetAFPin_0_7	40	static,ignoring_inline_asm
../Core/Src/MPU6050.c:108:13:i2c_MPU6050_write_reg	32	static
../Core/Src/MPU6050.c:127:13:i2c_MPU6050_read_reg	32	static
../Core/Src/MPU6050.c:145:16:accel_sensitiviy_config	24	static
../Core/Src/MPU6050.c:188:16:gyro_sensitiviy_config	24	static
../Core/Src/MPU6050.c:331:6:MPU6050_set_power_mode	24	static
../Core/Src/MPU6050.c:422:6:MPU6050_enable_irq	24	static
../Core/Src/MPU6050.c:461:9:MPU6050_get_irq_status	16	static
../Core/Src/MPU6050.c:487:6:MPU6050_disable_irq	16	static
../Core/Src/MPU6050.c:511:6:MPU6050_peripheral_config	16	static
../Core/Src/MPU6050.c:558:9:MPU6050_Init	32	static
../Core/Src/MPU6050.c:633:6:MPU6050_Read_Accel	24	static
../Core/Src/MPU6050.c:661:6:MPU6050_Read_Gyro	24	static
../Core/Src/MPU6050.c:689:6:MPU6050_Read_Temp	24	static
../Core/Src/MPU6050.c:711:6:MPU6050_Read_All	96	static
../Core/Src/MPU6050.c:771:8:Kalman_getAngle	104	static
