Archive member included to satisfy reference by file (symbol)

c:/st/stm32cubeide_1.11.0/stm32cubeide/plugins/com.st.stm32cube.ide.mcu.externaltools.gnu-tools-for-stm32.10.3-2021.10.win32_1.0.100.202210260954/tools/bin/../lib/gcc/arm-none-eabi/10.3.1/../../../../arm-none-eabi/lib/thumb/v7e-m+fp/hard\libc_nano.a(lib_a-errno.o)
                              ./Core/Src/syscalls.o (__errno)
c:/st/stm32cubeide_1.11.0/stm32cubeide/plugins/com.st.stm32cube.ide.mcu.externaltools.gnu-tools-for-stm32.10.3-2021.10.win32_1.0.100.202210260954/tools/bin/../lib/gcc/arm-none-eabi/10.3.1/../../../../arm-none-eabi/lib/thumb/v7e-m+fp/hard\libc_nano.a(lib_a-exit.o)
                              c:/st/stm32cubeide_1.11.0/stm32cubeide/plugins/com.st.stm32cube.ide.mcu.externaltools.gnu-tools-for-stm32.10.3-2021.10.win32_1.0.100.202210260954/tools/bin/../lib/gcc/arm-none-eabi/10.3.1/../../../../arm-none-eabi/lib/thumb/v7e-m+fp/hard/crt0.o (exit)
c:/st/stm32cubeide_1.11.0/stm32cubeide/plugins/com.st.stm32cube.ide.mcu.externaltools.gnu-tools-for-stm32.10.3-2021.10.win32_1.0.100.202210260954/tools/bin/../lib/gcc/arm-none-eabi/10.3.1/../../../../arm-none-eabi/lib/thumb/v7e-m+fp/hard\libc_nano.a(lib_a-impure.o)
                              c:/st/stm32cubeide_1.11.0/stm32cubeide/plugins/com.st.stm32cube.ide.mcu.externaltools.gnu-tools-for-stm32.10.3-2021.10.win32_1.0.100.202210260954/tools/bin/../lib/gcc/arm-none-eabi/10.3.1/../../../../arm-none-eabi/lib/thumb/v7e-m+fp/hard\libc_nano.a(lib_a-exit.o) (_global_impure_ptr)
c:/st/stm32cubeide_1.11.0/stm32cubeide/plugins/com.st.stm32cube.ide.mcu.externaltools.gnu-tools-for-stm32.10.3-2021.10.win32_1.0.100.202210260954/tools/bin/../lib/gcc/arm-none-eabi/10.3.1/../../../../arm-none-eabi/lib/thumb/v7e-m+fp/hard\libc_nano.a(lib_a-init.o)
                              c:/st/stm32cubeide_1.11.0/stm32cubeide/plugins/com.st.stm32cube.ide.mcu.externaltools.gnu-tools-for-stm32.10.3-2021.10.win32_1.0.100.202210260954/tools/bin/../lib/gcc/arm-none-eabi/10.3.1/../../../../arm-none-eabi/lib/thumb/v7e-m+fp/hard/crt0.o (__libc_init_array)
c:/st/stm32cubeide_1.11.0/stm32cubeide/plugins/com.st.stm32cube.ide.mcu.externaltools.gnu-tools-for-stm32.10.3-2021.10.win32_1.0.100.202210260954/tools/bin/../lib/gcc/arm-none-eabi/10.3.1/../../../../arm-none-eabi/lib/thumb/v7e-m+fp/hard\libc_nano.a(lib_a-memset.o)
                              c:/st/stm32cubeide_1.11.0/stm32cubeide/plugins/com.st.stm32cube.ide.mcu.externaltools.gnu-tools-for-stm32.10.3-2021.10.win32_1.0.100.202210260954/tools/bin/../lib/gcc/arm-none-eabi/10.3.1/../../../../arm-none-eabi/lib/thumb/v7e-m+fp/hard/crt0.o (memset)
c:/st/stm32cubeide_1.11.0/stm32cubeide/plugins/com.st.stm32cube.ide.mcu.externaltools.gnu-tools-for-stm32.10.3-2021.10.win32_1.0.100.202210260954/tools/bin/../lib/gcc/arm-none-eabi/10.3.1/../../../../arm-none-eabi/lib/thumb/v7e-m+fp/hard\libc_nano.a(lib_a-printf.o)
                              ./Core/Src/MPU6050.o (printf)
c:/st/stm32cubeide_1.11.0/stm32cubeide/plugins/com.st.stm32cube.ide.mcu.externaltools.gnu-tools-for-stm32.10.3-2021.10.win32_1.0.100.202210260954/tools/bin/../lib/gcc/arm-none-eabi/10.3.1/../../../../arm-none-eabi/lib/thumb/v7e-m+fp/hard\libc_nano.a(lib_a-puts.o)
                              ./Core/Src/main.o (puts)
c:/st/stm32cubeide_1.11.0/stm32cubeide/plugins/com.st.stm32cube.ide.mcu.externaltools.gnu-tools-for-stm32.10.3-2021.10.win32_1.0.100.202210260954/tools/bin/../lib/gcc/arm-none-eabi/10.3.1/../../../../arm-none-eabi/lib/thumb/v7e-m+fp/hard\libc_nano.a(lib_a-sprintf.o)
                              ./Core/Src/main.o (sprintf)
c:/st/stm32cubeide_1.11.0/stm32cubeide/plugins/com.st.stm32cube.ide.mcu.externaltools.gnu-tools-for-stm32.10.3-2021.10.win32_1.0.100.202210260954/tools/bin/../lib/gcc/arm-none-eabi/10.3.1/../../../../arm-none-eabi/lib/thumb/v7e-m+fp/hard\libc_nano.a(lib_a-strcpy.o)
                              ./Core/Src/main.o (strcpy)
c:/st/stm32cubeide_1.11.0/stm32cubeide/plugins/com.st.stm32cube.ide.mcu.externaltools.gnu-tools-for-stm32.10.3-2021.10.win32_1.0.100.202210260954/tools/bin/../lib/gcc/arm-none-eabi/10.3.1/../../../../arm-none-eabi/lib/thumb/v7e-m+fp/hard\libc_nano.a(lib_a-wbuf.o)
                              c:/st/stm32cubeide_1.11.0/stm32cubeide/plugins/com.st.stm32cube.ide.mcu.externaltools.gnu-tools-for-stm32.10.3-2021.10.win32_1.0.100.202210260954/tools/bin/../lib/gcc/arm-none-eabi/10.3.1/../../../../arm-none-eabi/lib/thumb/v7e-m+fp/hard\libc_nano.a(lib_a-puts.o) (__swbuf_r)
c:/st/stm32cubeide_1.11.0/stm32cubeide/plugins/com.st.stm32cube.ide.mcu.externaltools.gnu-tools-for-stm32.10.3-2021.10.win32_1.0.100.202210260954/tools/bin/../lib/gcc/arm-none-eabi/10.3.1/../../../../arm-none-eabi/lib/thumb/v7e-m+fp/hard\libc_nano.a(lib_a-wsetup.o)
[...]
Memory Configuration

Name             Origin             Length             Attributes
RAM              0x0000000020000000 0x0000000000020000 xrw
FLASH            0x0000000008000000 0x0000000000080000 xr
*default*        0x0000000000000000 0xffffffffffffffff

Linker script and memory map

LOAD c:/st/stm32cubeide_1.11.0/stm32cubeide/plugins/com.st.stm32cube.ide.mcu.externaltools.gnu-tools-for-stm32.10.3-2021.10.win32_1.0.100.202210260954/tools/bin/../lib/gcc/arm-none-eabi/10.3.1/thumb/v7e-m+fp/hard/crti.o
LOAD c:/st/stm32cubeide_1.11.0/stm32cubeide/plugins/com.st.stm32cube.ide.mcu.externaltools.gnu-tools-for-stm32.10.3-2021.10.win32_1.0.100.202210260954/tools/bin/../lib/gcc/arm-none-eabi/10.3.1/thumb/v7e-m+fp/hard/crtbegin.o
LOAD c:/st/stm32cubeide_1.11.0/stm32cubeide/plugins/com.st.stm32cube.ide.mcu.externaltools.gnu-tools-for-stm32.10.3-2021.10.win32_1.0.100.202210260954/tools/bin/../lib/gcc/arm-none-eabi/10.3.1/../../../../arm-none-eabi/lib/thumb/v7e-m+fp/hard/crt0.o
LOAD ./Core/Src/BMP280.o
LOAD ./Core/Src/MPU6050.o
LOAD ./Core/Src/main.o
LOAD ./Core/Src/stm32f4xx_hal_msp.o
LOAD ./Core/Src/stm32f4xx_it.o
LOAD ./Core/Src/syscalls.o
LOAD ./Core/Src/sysmem.o
LOAD ./Core/Src/system_stm32f4xx.o
LOAD ./Core/Startup/startup_stm32f411ceux.o
LOAD ./Drivers/STM32F4xx_HAL_Driver/Src/stm32f4xx_hal.o
LOAD ./Drivers/STM32F4xx_HAL_Driver/Src/stm32f4xx_hal_cortex.o
LOAD ./Drivers/STM32F4xx_HAL_Driver/Src/stm32f4xx_hal_dma.o
LOAD ./Drivers/STM32F4xx_HAL_Driver/Src/stm32f4xx_hal_dma_ex.o
LOAD ./Drivers/STM32F4xx_HAL_Driver/Src/stm32f4xx_hal_exti.o
LOAD ./Drivers/STM32F4xx_HAL_Driver/Src/stm32f4xx_hal_flash.o
LOAD ./Drivers/STM32F4xx_HAL_Driver/Src/stm32f4xx_hal_flash_ex.o
LOAD ./Drivers/STM32F4xx_HAL_Driver/Src/stm32f4xx_hal_flash_ramfunc.o
LOAD ./Drivers/STM32F4xx_HAL_Driver/Src/stm32f4xx_hal_gpio.o
LOAD ./Drivers/STM32F4xx_HAL_Driver/Src/stm32f4xx_hal_i2c.o
LOAD ./Drivers/STM32F4xx_HAL_Driver/Src/stm32f4xx_hal_i2c_ex.o
LOAD ./Drivers/STM32F4xx_HAL_Driver/Src/stm32f4xx_hal_pcd.o
LOAD ./Drivers/STM32F4xx_HAL_Driver/Src/stm32f4xx_hal_pcd_ex.o
LOAD ./Drivers/STM32F4xx_HAL_Driver/Src/stm32f4xx_hal_pwr.o
LOAD ./Drivers/STM32F4xx_HAL_Driver/Src/stm32f4xx_hal_pwr_ex.o
LOAD ./Drivers/STM32F4xx_HAL_Driver/Src/stm32f4xx_hal_rcc.o
LOAD ./Drivers/STM32F4xx_HAL_Driver/Src/stm32f4xx_hal_rcc_ex.o
LOAD ./Drivers/STM32F4xx_HAL_Driver/Src/stm32f4xx_hal_sd.o
LOAD ./Drivers/STM32F4xx_HAL_Driver/Src/stm32f4xx_hal_tim.o
LOAD ./Drivers/STM32F4xx_HAL_Driver/Src/stm32f4xx_hal_tim_ex.o
LOAD ./Drivers/STM32F4xx_HAL_Driver/Src/stm32f4xx_hal_uart.o
LOAD ./Drivers/STM32F4xx_HAL_Driver/Src/stm32f4xx_ll_sdmmc.o
LOAD ./Drivers/STM32F4xx_HAL_Driver/Src/stm32f4xx_ll_usb.o
LOAD ./FATFS/App/fatfs.o
LOAD ./FATFS/Target/bsp_driver_sd.o
LOAD ./FATFS/Target/fatfs_platform.o
LOAD ./FATFS/Target/sd_diskio.o
LOAD ./Middlewares/ST/STM32_USB_Device_Library/Class/CDC/Src/usbd_cdc.o
LOAD ./Middlewares/ST/STM32_USB_Device_Library/Core/Src/usbd_core.o
LOAD ./Middlewares/ST/STM32_USB_Device_Library/Core/Src/usbd_ctlreq.o
LOAD ./Middlewares/ST/STM32_USB_Device_Library/Core/Src/usbd_ioreq.o
LOAD ./Middlewares/Third_Party/FatFs/src/diskio.o
LOAD ./Middlewares/Third_Party/FatFs/src/ff.o
LOAD ./Middlewares/Third_Party/FatFs/src/ff_gen_drv.o
LOAD ./Middlewares/Third_Party/FatFs/src/option/syscall.o
LOAD ./USB_DEVICE/App/usb_device.o
LOAD ./USB_DEVICE/App/usbd_cdc_if.o
LOAD ./USB_DEVICE/App/usbd_desc.o
LOAD ./USB_DEVICE/Target/usbd_conf.o
START GROUP
LOAD c:/st/stm32cubeide_1.11.0/stm32cubeide/plugins/com.st.stm32cube.ide.mcu.externaltools.gnu-tools-for-stm32.10.3-2021.10.win32_1.0.100.202210260954/tools/bin/../lib/gcc/arm-none-eabi/10.3.1/../../../../arm-none-eabi/lib/thumb/v7e-m+fp/hard\libc_nano.a
LOAD c:/st/stm32cubeide_1.11.0/stm32cubeide/plugins/com.st.stm32cube.ide.mcu.externaltools.gnu-tools-for-stm32.10.3-2021.10.win32_1.0.100.202210260954/tools/bin/../lib/gcc/arm-none-eabi/10.3.1/../../../../arm-none-eabi/lib/thumb/v7e-m+fp/hard\libm.a
END GROUP
START GROUP
LOAD c:/st/stm32cubeide_1.11.0/stm32cubeide/plugins/com.st.stm32cube.ide.mcu.externaltools.gnu-tools-for-stm32.10.3-2021.10.win32_1.0.100.202210260954/tools/bin/../lib/gcc/arm-none-eabi/10.3.1/thumb/v7e-m+fp/hard\libgcc.a
LOAD c:/st/stm32cubeide_1.11.0/stm32cubeide/plugins/com.st.stm32cube.ide.mcu.externaltools.gnu-tools-for-stm32.10.3-2021.10.win32_1.0.100.202210260954/tools/bin/../lib/gcc/arm-none-eabi/10.3.1/../../../../arm-none-eabi/lib/thumb/v7e-m+fp/hard\libc_nano.a
END GROUP
START GROUP
LOAD c:/st/stm32cubeide_1.11.0/stm32cubeide/plugins/com.st.stm32cube.ide.mcu.externaltools.gnu-tools-for-stm32.10.3-2021.10.win32_1.0.100.202210260954/tools/bin/../lib/gcc/arm-none-eabi/10.3.1/thumb/v7e-m+fp/hard\libgcc.a
LOAD c:/st/stm32cubeide_1.11.0/stm32cubeide/plugins/com.st.stm32cube.ide.mcu.externaltools.gnu-tools-for-stm32.10.3-2021.10.win32_1.0.100.202210260954/tools/bin/../lib/gcc/arm-none-eabi/10.3.1/../../../../arm-none-eabi/lib/thumb/v7e-m+fp/hard\libc_nano.a
LOAD c:/st/stm32cubeide_1.11.0/stm32cubeide/plugins/com.st.stm32cube.ide.mcu.externaltools.gnu-tools-for-stm32.10.3-2021.10.win32_1.0.100.202210260954/tools/bin/../lib/gcc/arm-none-eabi/10.3.1/../../../../arm-none-eabi/lib/thumb/v7e-m+fp/hard\libnosys.a
END GROUP
START GROUP
LOAD c:/st/stm32cubeide_1.11.0/stm32cubeide/plugins/com.st.stm32cube.ide.mcu.externaltools.gnu-tools-for-stm32.10.3-2021.10.win32_1.0.100.202210260954/tools/bin/../lib/gcc/arm-none-eabi/10.3.1/thumb/v7e-m+fp/hard\libgcc.a
LOAD c:/st/stm32cubeide_1.11.0/stm32cubeide/plugins/com.st.stm32cube.ide.mcu.externaltools.gnu-tools-for-stm32.10.3-2021.10.win32_1.0.100.202210260954/tools/bin/../lib/gcc/arm-none-eabi/10.3.1/../../../../arm-none-eabi/lib/thumb/v7e-m+fp/hard\libc_nano.a
LOAD c:/st/stm32cubeide_1.11.0/stm32cubeide/plugins/com.st.stm32cube.ide.mcu.externaltools.gnu-tools-for-stm32.10.3-2021.10.win32_1.0.100.202210260954/tools/bin/../lib/gcc/arm-none-eabi/10.3.1/../../../../arm-none-eabi/lib/thumb/v7e-m+fp/hard\libnosys.a
END GROUP
LOAD c:/st/stm32cubeide_1.11.0/stm32cubeide/plugins/com.st.stm32cube.ide.mcu.externaltools.gnu-tools-for-stm32.10.3-2021.10.win32_1.0.100.202210260954/tools/bin/../lib/gcc/arm-none-eabi/10.3.1/thumb/v7e-m+fp/hard/crtend.o
LOAD c:/st/stm32cubeide_1.11.0/stm32cubeide/plugins/com.st.stm32cube.ide.mcu.externaltools.gnu-tools-for-stm32.10.3-2021.10.win32_1.0.100.202210260954/tools/bin/../lib/gcc/arm-none-eabi/10.3.1/thumb/v7e-m+fp/hard/crtn.o
                0x0000000020020000                _estack = (ORIGIN (RAM) + LENGTH (RAM))
                0x0000000000000200                _Min_Heap_Size = 0x200
                0x0000000000000400                _Min_Stack_Size = 0x400

.isr_vector     0x0000000008000000      0x198
                0x0000000008000000                . = ALIGN (0x4)
 *(.isr_vector)
 .isr_vector    0x0000000008000000      0x198 ./Core/Startup/startup_stm32f411ceux.o
                0x0000000008000000                g_pfnVectors
                0x0000000008000198                . = ALIGN (0x4)

.text           0x00000000080001a0     0x84b0
                0x00000000080001a0                . = ALIGN (0x4)
 *(.text)
 .text          0x00000000080001a0       0x40 c:/st/stm32cubeide_1.11.0/stm32cubeide/plugins/com.st.stm32cube.ide.mcu.externaltools.gnu-tools-for-stm32.10.3-2021.10.win32_1.0.100.202210260954/tools/bin/../lib/gcc/arm-none-eabi/10.3.1/thumb/v7e-m+fp/hard/crtbegin.o
 .text          0x00000000080001e0       0xa0 c:/st/stm32cubeide_1.11.0/stm32cubeide/plugins/com.st.stm32cube.ide.mcu.externaltools.gnu-tools-for-stm32.10.3-2021.10.win32_1.0.100.202210260954/tools/bin/../lib/gcc/arm-none-eabi/10.3.1/../../../../arm-none-eabi/lib/thumb/v7e-m+fp/hard\libc_nano.a(lib_a-memchr.o)
                0x00000000080001e0                memchr
 .text          0x0000000008000280      0x378 c:/st/stm32cubeide_1.11.0/stm32cubeide/plugins/com.st.stm32cube.ide.mcu.externaltools.gnu-tools-for-stm32.10.3-2021.10.win32_1.0.100.202210260954/tools/bin/../lib/gcc/arm-none-eabi/10.3.1/thumb/v7e-m+fp/hard\libgcc.a(_arm_addsubdf3.o)
                0x0000000008000280                __aeabi_drsub
                0x0000000008000288                __aeabi_dsub
                0x0000000008000288                __subdf3
                0x000000000800028c                __aeabi_dadd
                0x000000000800028c                __adddf3
                0x0000000008000504                __floatunsidf
                0x0000000008000504                __aeabi_ui2d
                0x0000000008000524                __floatsidf
                0x0000000008000524                __aeabi_i2d
                0x0000000008000548                __aeabi_f2d
                0x0000000008000548                __extendsfdf2
                0x000000000800058c                __floatundidf
                0x000000000800058c                __aeabi_ul2d
                0x000000000800059c                __floatdidf
                0x000000000800059c                __aeabi_l2d
 .text          0x00000000080005f8      0x424 c:/st/stm32cubeide_1.11.0/stm32cubeide/plugins/com.st.stm32cube.ide.mcu.externaltools.gnu-tools-for-stm32.10.3-2021.10.win32_1.0.100.202210260954/tools/bin/../lib/gcc/arm-none-eabi/10.3.1/thumb/v7e-m+fp/hard\libgcc.a(_arm_muldivdf3.o)
                0x00000000080005f8                __aeabi_dmul
                0x00000000080005f8                __muldf3
                0x000000000800084c                __divdf3
                0x000000000800084c                __aeabi_ddiv
 .text          0x0000000008000a1c      0x110 c:/st/stm32cubeide_1.11.0/stm32cubeide/plugins/com.st.stm32cube.ide.mcu.externaltools.gnu-tools-for-stm32.10.3-2021.10.win32_1.0.100.202210260954/tools/bin/../lib/gcc/arm-none-eabi/10.3.1/thumb/v7e-m+fp/hard\libgcc.a(_arm_cmpdf2.o)
                0x0000000008000a1c                __gtdf2
                0x0000000008000a1c                __gedf2
                0x0000000008000a24                __ltdf2
                0x0000000008000a24                __ledf2
                0x0000000008000a2c                __nedf2
                0x0000000008000a2c                __eqdf2
                0x0000000008000a2c                __cmpdf2
                0x0000000008000aa8                __aeabi_cdrcmple
                0x0000000008000ab8                __aeabi_cdcmpeq
                0x0000000008000ab8                __aeabi_cdcmple
                0x0000000008000ac8                __aeabi_dcmpeq
                0x0000000008000adc                __aeabi_dcmplt
                0x0000000008000af0                __aeabi_dcmple
                0x0000000008000b04                __aeabi_dcmpge
                0x0000000008000b18                __aeabi_dcmpgt
 .text          0x0000000008000b2c       0x2c c:/st/stm32cubeide_1.11.0/stm32cubeide/plugins/com.st.stm32cube.ide.mcu.externaltools.gnu-tools-for-stm32.10.3-2021.10.win32_1.0.100.202210260954/tools/bin/../lib/gcc/arm-none-eabi/10.3.1/thumb/v7e-m+fp/hard\libgcc.a(_arm_unorddf2.o)
                0x0000000008000b2c                __unorddf2
                0x0000000008000b2c                __aeabi_dcmpun
 .text          0x0000000008000b58       0xa0 c:/st/stm32cubeide_1.11.0/stm32cubeide/plugins/com.st.stm32cube.ide.mcu.externaltools.gnu-tools-for-stm32.10.3-2021.10.win32_1.0.100.202210260954/tools/bin/../lib/gcc/arm-none-eabi/10.3.1/thumb/v7e-m+fp/hard\libgcc.a(_arm_truncdfsf2.o)
                0x0000000008000b58                __truncdfsf2
                0x0000000008000b58                __aeabi_d2f
 .text          0x0000000008000bf8       0xa0 c:/st/stm32cubeide_1.11.0/stm32cubeide/plugins/com.st.stm32cube.ide.mcu.externaltools.gnu-tools-for-stm32.10.3-2021.10.win32_1.0.100.202210260954/tools/bin/../lib/gcc/arm-none-eabi/10.3.1/thumb/v7e-m+fp/hard\libgcc.a(_aeabi_ldivmod.o)
                0x0000000008000bf8                __aeabi_ldivmod
 .text          0x0000000008000c98       0x30 c:/st/stm32cubeide_1.11.0/stm32cubeide/plugins/com.st.stm32cube.ide.mcu.externaltools.gnu-tools-for-stm32.10.3-2021.10.win32_1.0.100.202210260954/tools/bin/../lib/gcc/arm-none-eabi/10.3.1/thumb/v7e-m+fp/hard\libgcc.a(_aeabi_uldivmod.o)
                0x0000000008000c98                __aeabi_uldivmod
 .text          0x0000000008000cc8      0x2d0 c:/st/stm32cubeide_1.11.0/stm32cubeide/plugins/com.st.stm32cube.ide.mcu.externaltools.gnu-tools-for-stm32.10.3-2021.10.win32_1.0.100.202210260954/tools/bin/../lib/gcc/arm-none-eabi/10.3.1/thumb/v7e-m+fp/hard\libgcc.a(_udivmoddi4.o)
                0x0000000008000cc8                __udivmoddi4
 .text          0x0000000008000f98        0x4 c:/st/stm32cubeide_1.11.0/stm32cubeide/plugins/com.st.stm32cube.ide.mcu.externaltools.gnu-tools-for-stm32.10.3-2021.10.win32_1.0.100.202210260954/tools/bin/../lib/gcc/arm-none-eabi/10.3.1/thumb/v7e-m+fp/hard\libgcc.a(_dvmd_tls.o)
                0x0000000008000f98                __aeabi_idiv0
                0x0000000008000f98                __aeabi_ldiv0
 *(.text*)
 .text.read_data
                0x0000000008000f9c       0x2a ./Core/Src/BMP280.o
 .text.read_reg16
                0x0000000008000fc6       0x38 ./Core/Src/BMP280.o
 .text.write_reg8
                0x0000000008000ffe       0x32 ./Core/Src/BMP280.o
 .text.bmp280_uhr_all_init
                0x0000000008001030       0x12 ./Core/Src/BMP280.o
                0x0000000008001030                bmp280_uhr_all_init
 .text.bmp280_init
                0x0000000008001042      0x144 ./Core/Src/BMP280.o
                0x0000000008001042                bmp280_init
 .text.bmp280_read_fixed
                0x0000000008001186      0x1a4 ./Core/Src/BMP280.o
                0x0000000008001186                bmp280_read_fixed
 *fill*         0x000000000800132a        0x2 
 .text.bmp280_read
                0x000000000800132c       0x38 ./Core/Src/BMP280.o
                0x000000000800132c                bmp280_read
 .text.i2c_MPU6050_read_reg
                0x0000000008001364       0x20 ./Core/Src/MPU6050.o
 .text.i2c_MPU6050_write_reg.constprop.0
                0x0000000008001384       0x24 ./Core/Src/MPU6050.o
 .text.MPU6050_set_power_mode
                0x00000000080013a8       0x8c ./Core/Src/MPU6050.o
                0x00000000080013a8                MPU6050_set_power_mode
 .text.MPU6050_enable_irq
                0x0000000008001434       0x3c ./Core/Src/MPU6050.o
                0x0000000008001434                MPU6050_enable_irq
 .text.MPU6050_peripheral_config
                0x0000000008001470      0x1e8 ./Core/Src/MPU6050.o
                0x0000000008001470                MPU6050_peripheral_config
 .text.MPU6050_Init
                0x0000000008001658      0x118 ./Core/Src/MPU6050.o
                0x0000000008001658                MPU6050_Init
 .text.SystemClock_Config
                0x0000000008001770       0xa0 ./Core/Src/main.o
                0x0000000008001770                SystemClock_Config
 .text.startup.main
                0x0000000008001810      0x348 ./Core/Src/main.o
                0x0000000008001810                main
 .text.Error_Handler
                0x0000000008001b58        0x4 ./Core/Src/main.o
                0x0000000008001b58                Error_Handler
 .text.HAL_MspInit
                0x0000000008001b5c       0x38 ./Core/Src/stm32f4xx_hal_msp.o
                0x0000000008001b5c                HAL_MspInit
 .text.HAL_I2C_MspInit
                0x0000000008001b94       0xd8 ./Core/Src/stm32f4xx_hal_msp.o
                0x0000000008001b94                HAL_I2C_MspInit
 .text.HAL_SD_MspInit
                0x0000000008001c6c       0xa0 ./Core/Src/stm32f4xx_hal_msp.o
                0x0000000008001c6c                HAL_SD_MspInit
 .text.HAL_UART_MspInit
                0x0000000008001d0c       0x7c ./Core/Src/stm32f4xx_hal_msp.o
                0x0000000008001d0c                HAL_UART_MspInit
 .text.NMI_Handler
                0x0000000008001d88        0x2 ./Core/Src/stm32f4xx_it.o
                0x0000000008001d88                NMI_Handler
 .text.HardFault_Handler
                0x0000000008001d8a        0x2 ./Core/Src/stm32f4xx_it.o
                0x0000000008001d8a                HardFault_Handler
 .text.MemManage_Handler
                0x0000000008001d8c        0x2 ./Core/Src/stm32f4xx_it.o
                0x0000000008001d8c                MemManage_Handler
 .text.BusFault_Handler
                0x0000000008001d8e        0x2 ./Core/Src/stm32f4xx_it.o
                0x0000000008001d8e                BusFault_Handler
 .text.UsageFault_Handler
                0x0000000008001d90        0x2 ./Core/Src/stm32f4xx_it.o
                0x0000000008001d90                UsageFault_Handler
 .text.SVC_Handler
                0x0000000008001d92        0x2 ./Core/Src/stm32f4xx_it.o
                0x0000000008001d92                SVC_Handler
 .text.DebugMon_Handler
                0x0000000008001d94        0x2 ./Core/Src/stm32f4xx_it.o
                0x0000000008001d94                DebugMon_Handler
 .text.PendSV_Handler
                0x0000000008001d96        0x2 ./Core/Src/stm32f4xx_it.o
                0x0000000008001d96                PendSV_Handler
 .text.SysTick_Handler
                0x0000000008001d98        0x4 ./Core/Src/stm32f4xx_it.o
                0x0000000008001d98                SysTick_Handler
 .text.EXTI1_IRQHandler
                0x0000000008001d9c        0x6 ./Core/Src/stm32f4xx_it.o
                0x0000000008001d9c                EXTI1_IRQHandler
 .text.EXTI9_5_IRQHandler
                0x0000000008001da2        0x8 ./Core/Src/stm32f4xx_it.o
                0x0000000008001da2                EXTI9_5_IRQHandler
 *fill*         0x0000000008001daa        0x2 
 .text.USART2_IRQHandler
                0x0000000008001dac        0xc ./Core/Src/stm32f4xx_it.o
                0x0000000008001dac                USART2_IRQHandler
 .text.OTG_FS_IRQHandler
                0x0000000008001db8        0xc ./Core/Src/stm32f4xx_it.o
                0x0000000008001db8                OTG_FS_IRQHandler
 .text._read    0x0000000008001dc4       0x1c ./Core/Src/syscalls.o
                0x0000000008001dc4                _read
 .text._write   0x0000000008001de0       0x1c ./Core/Src/syscalls.o
                0x0000000008001de0                _write
 .text._close   0x0000000008001dfc        0x6 ./Core/Src/syscalls.o
                0x0000000008001dfc                _close
 .text._fstat   0x0000000008001e02        0xa ./Core/Src/syscalls.o
                0x0000000008001e02                _fstat
 .text._isatty  0x0000000008001e0c        0x4 ./Core/Src/syscalls.o
                0x0000000008001e0c                _isatty
 .text._lseek   0x0000000008001e10        0x4 ./Core/Src/syscalls.o
                0x0000000008001e10                _lseek
 .text._sbrk    0x0000000008001e14       0x40 ./Core/Src/sysmem.o
                0x0000000008001e14                _sbrk
 .text.SystemInit
                0x0000000008001e54       0x14 ./Core/Src/system_stm32f4xx.o
                0x0000000008001e54                SystemInit
 .text.Reset_Handler
                0x0000000008001e68       0x50 ./Core/Startup/startup_stm32f411ceux.o
                0x0000000008001e68                Reset_Handler
 .text.Default_Handler
                0x0000000008001eb8        0x2 ./Core/Startup/startup_stm32f411ceux.o
                0x0000000008001eb8                RTC_Alarm_IRQHandler
                0x0000000008001eb8                EXTI2_IRQHandler
                0x0000000008001eb8                SPI4_IRQHandler
                0x0000000008001eb8                TIM1_CC_IRQHandler
                0x0000000008001eb8                DMA2_Stream5_IRQHandler
                0x0000000008001eb8                DMA1_Stream5_IRQHandler
                0x0000000008001eb8                PVD_IRQHandler
                0x0000000008001eb8                SDIO_IRQHandler
                0x0000000008001eb8                TAMP_STAMP_IRQHandler
                0x0000000008001eb8                EXTI3_IRQHandler
                0x0000000008001eb8                TIM1_UP_TIM10_IRQHandler
                0x0000000008001eb8                I2C3_ER_IRQHandler
                0x0000000008001eb8                EXTI0_IRQHandler
                0x0000000008001eb8                I2C2_EV_IRQHandler
                0x0000000008001eb8                DMA1_Stream2_IRQHandler
                0x0000000008001eb8                FPU_IRQHandler
                0x0000000008001eb8                DMA2_Stream2_IRQHandler
                0x0000000008001eb8                SPI1_IRQHandler
                0x0000000008001eb8                TIM1_BRK_TIM9_IRQHandler
                0x0000000008001eb8                DMA2_Stream3_IRQHandler
                0x0000000008001eb8                USART6_IRQHandler
                0x0000000008001eb8                DMA2_Stream0_IRQHandler
                0x0000000008001eb8                TIM4_IRQHandler
                0x0000000008001eb8                I2C1_EV_IRQHandler
                0x0000000008001eb8                DMA1_Stream6_IRQHandler
                0x0000000008001eb8                DMA1_Stream1_IRQHandler
                0x0000000008001eb8                TIM3_IRQHandler
                0x0000000008001eb8                RCC_IRQHandler
                0x0000000008001eb8                Default_Handler
                0x0000000008001eb8                EXTI15_10_IRQHandler
                0x0000000008001eb8                ADC_IRQHandler
                0x0000000008001eb8                DMA1_Stream7_IRQHandler
                0x0000000008001eb8                SPI5_IRQHandler
                0x0000000008001eb8                TIM5_IRQHandler
                0x0000000008001eb8                DMA2_Stream7_IRQHandler
                0x0000000008001eb8                I2C3_EV_IRQHandler
                0x0000000008001eb8                RTC_WKUP_IRQHandler
                0x0000000008001eb8                SPI2_IRQHandler
                0x0000000008001eb8                DMA1_Stream0_IRQHandler
                0x0000000008001eb8                EXTI4_IRQHandler
                0x0000000008001eb8                WWDG_IRQHandler
                0x0000000008001eb8                TIM2_IRQHandler
                0x0000000008001eb8                OTG_FS_WKUP_IRQHandler
                0x0000000008001eb8                TIM1_TRG_COM_TIM11_IRQHandler
                0x0000000008001eb8                I2C2_ER_IRQHandler
                0x0000000008001eb8                DMA2_Stream1_IRQHandler
                0x0000000008001eb8                FLASH_IRQHandler
                0x0000000008001eb8                DMA2_Stream4_IRQHandler
                0x0000000008001eb8                USART1_IRQHandler
                0x0000000008001eb8                SPI3_IRQHandler
                0x0000000008001eb8                DMA1_Stream4_IRQHandler
                0x0000000008001eb8                I2C1_ER_IRQHandler
                0x0000000008001eb8                DMA2_Stream6_IRQHandler
                0x0000000008001eb8                DMA1_Stream3_IRQHandler
 *fill*         0x0000000008001eba        0x2 
 .text.HAL_InitTick
                0x0000000008001ebc       0x48 ./Drivers/STM32F4xx_HAL_Driver/Src/stm32f4xx_hal.o
                0x0000000008001ebc                HAL_InitTick
 .text.HAL_Init
                0x0000000008001f04       0x34 ./Drivers/STM32F4xx_HAL_Driver/Src/stm32f4xx_hal.o
                0x0000000008001f04                HAL_Init
 .text.HAL_IncTick
                0x0000000008001f38       0x18 ./Drivers/STM32F4xx_HAL_Driver/Src/stm32f4xx_hal.o
                0x0000000008001f38                HAL_IncTick
 .text.HAL_GetTick
                0x0000000008001f50        0xc ./Drivers/STM32F4xx_HAL_Driver/Src/stm32f4xx_hal.o
                0x0000000008001f50                HAL_GetTick
 .text.HAL_Delay
                0x0000000008001f5c       0x28 ./Drivers/STM32F4xx_HAL_Driver/Src/stm32f4xx_hal.o
                0x0000000008001f5c                HAL_Delay
 .text.HAL_NVIC_SetPriorityGrouping
                0x0000000008001f84       0x24 ./Drivers/STM32F4xx_HAL_Driver/Src/stm32f4xx_hal_cortex.o
                0x0000000008001f84                HAL_NVIC_SetPriorityGrouping
 .text.HAL_NVIC_SetPriority
                0x0000000008001fa8       0x64 ./Drivers/STM32F4xx_HAL_Driver/Src/stm32f4xx_hal_cortex.o
                0x0000000008001fa8                HAL_NVIC_SetPriority
 .text.HAL_NVIC_EnableIRQ
                0x000000000800200c       0x1c ./Drivers/STM32F4xx_HAL_Driver/Src/stm32f4xx_hal_cortex.o
                0x000000000800200c                HAL_NVIC_EnableIRQ
 .text.HAL_SYSTICK_Config
                0x0000000008002028       0x28 ./Drivers/STM32F4xx_HAL_Driver/Src/stm32f4xx_hal_cortex.o
                0x0000000008002028                HAL_SYSTICK_Config
 .text.HAL_DMA_Abort
                0x0000000008002050       0x88 ./Drivers/STM32F4xx_HAL_Driver/Src/stm32f4xx_hal_dma.o
                0x0000000008002050                HAL_DMA_Abort
 .text.HAL_DMA_Abort_IT
                0x00000000080020d8       0x24 ./Drivers/STM32F4xx_HAL_Driver/Src/stm32f4xx_hal_dma.o
                0x00000000080020d8                HAL_DMA_Abort_IT
 .text.HAL_GPIO_Init
                0x00000000080020fc      0x190 ./Drivers/STM32F4xx_HAL_Driver/Src/stm32f4xx_hal_gpio.o
                0x00000000080020fc                HAL_GPIO_Init
 .text.HAL_GPIO_ReadPin
                0x000000000800228c        0xc ./Drivers/STM32F4xx_HAL_Driver/Src/stm32f4xx_hal_gpio.o
                0x000000000800228c                HAL_GPIO_ReadPin
 .text.HAL_GPIO_WritePin
                0x0000000008002298        0xa ./Drivers/STM32F4xx_HAL_Driver/Src/stm32f4xx_hal_gpio.o
                0x0000000008002298                HAL_GPIO_WritePin
 .text.HAL_GPIO_EXTI_Callback
                0x00000000080022a2        0x2 ./Drivers/STM32F4xx_HAL_Driver/Src/stm32f4xx_hal_gpio.o
                0x00000000080022a2                HAL_GPIO_EXTI_Callback
 .text.HAL_GPIO_EXTI_IRQHandler
                0x00000000080022a4       0x18 ./Drivers/STM32F4xx_HAL_Driver/Src/stm32f4xx_hal_gpio.o
                0x00000000080022a4                HAL_GPIO_EXTI_IRQHandler
 .text.I2C_IsAcknowledgeFailed
                0x00000000080022bc       0x34 ./Drivers/STM32F4xx_HAL_Driver/Src/stm32f4xx_hal_i2c.o
 .text.I2C_WaitOnFlagUntilTimeout
                0x00000000080022f0       0x64 ./Drivers/STM32F4xx_HAL_Driver/Src/stm32f4xx_hal_i2c.o
 .text.I2C_WaitOnMasterAddressFlagUntilTimeout
                0x0000000008002354       0x76 ./Drivers/STM32F4xx_HAL_Driver/Src/stm32f4xx_hal_i2c.o
 .text.I2C_WaitOnRXNEFlagUntilTimeout
                0x00000000080023ca       0x5e ./Drivers/STM32F4xx_HAL_Driver/Src/stm32f4xx_hal_i2c.o
 .text.I2C_WaitOnBTFFlagUntilTimeout
                0x0000000008002428       0x4c ./Drivers/STM32F4xx_HAL_Driver/Src/stm32f4xx_hal_i2c.o
 .text.I2C_WaitOnTXEFlagUntilTimeout
                0x0000000008002474       0x4c ./Drivers/STM32F4xx_HAL_Driver/Src/stm32f4xx_hal_i2c.o
 .text.I2C_RequestMemoryWrite
                0x00000000080024c0       0xb0 ./Drivers/STM32F4xx_HAL_Driver/Src/stm32f4xx_hal_i2c.o
 .text.I2C_RequestMemoryRead
                0x0000000008002570      0x104 ./Drivers/STM32F4xx_HAL_Driver/Src/stm32f4xx_hal_i2c.o
 .text.HAL_I2C_Init
                0x0000000008002674      0x150 ./Drivers/STM32F4xx_HAL_Driver/Src/stm32f4xx_hal_i2c.o
                0x0000000008002674                HAL_I2C_Init
 .text.HAL_I2C_Mem_Write
                0x00000000080027c4      0x120 ./Drivers/STM32F4xx_HAL_Driver/Src/stm32f4xx_hal_i2c.o
                0x00000000080027c4                HAL_I2C_Mem_Write
 .text.HAL_I2C_Mem_Read
                0x00000000080028e4      0x210 ./Drivers/STM32F4xx_HAL_Driver/Src/stm32f4xx_hal_i2c.o
                0x00000000080028e4                HAL_I2C_Mem_Read
 .text.HAL_PCD_Init
                0x0000000008002af4      0x10a ./Drivers/STM32F4xx_HAL_Driver/Src/stm32f4xx_hal_pcd.o
                0x0000000008002af4                HAL_PCD_Init
 .text.HAL_PCD_Start
                0x0000000008002bfe       0x3e ./Drivers/STM32F4xx_HAL_Driver/Src/stm32f4xx_hal_pcd.o
                0x0000000008002bfe                HAL_PCD_Start
 .text.HAL_PCD_SetAddress
                0x0000000008002c3c       0x28 ./Drivers/STM32F4xx_HAL_Driver/Src/stm32f4xx_hal_pcd.o
                0x0000000008002c3c                HAL_PCD_SetAddress
 .text.HAL_PCD_EP_Open
                0x0000000008002c64       0x70 ./Drivers/STM32F4xx_HAL_Driver/Src/stm32f4xx_hal_pcd.o
                0x0000000008002c64                HAL_PCD_EP_Open
 .text.HAL_PCD_EP_Close
                0x0000000008002cd4       0x5e ./Drivers/STM32F4xx_HAL_Driver/Src/stm32f4xx_hal_pcd.o
                0x0000000008002cd4                HAL_PCD_EP_Close
 .text.HAL_PCD_EP_Receive
                0x0000000008002d32       0x48 ./Drivers/STM32F4xx_HAL_Driver/Src/stm32f4xx_hal_pcd.o
                0x0000000008002d32                HAL_PCD_EP_Receive
 .text.HAL_PCD_EP_GetRxCount
                0x0000000008002d7a       0x10 ./Drivers/STM32F4xx_HAL_Driver/Src/stm32f4xx_hal_pcd.o
                0x0000000008002d7a                HAL_PCD_EP_GetRxCount
 .text.HAL_PCD_EP_Transmit
                0x0000000008002d8a       0x40 ./Drivers/STM32F4xx_HAL_Driver/Src/stm32f4xx_hal_pcd.o
                0x0000000008002d8a                HAL_PCD_EP_Transmit
 .text.HAL_PCD_EP_SetStall
                0x0000000008002dca       0x70 ./Drivers/STM32F4xx_HAL_Driver/Src/stm32f4xx_hal_pcd.o
                0x0000000008002dca                HAL_PCD_EP_SetStall
 .text.HAL_PCD_EP_ClrStall
                0x0000000008002e3a       0x6c ./Drivers/STM32F4xx_HAL_Driver/Src/stm32f4xx_hal_pcd.o
                0x0000000008002e3a                HAL_PCD_EP_ClrStall
 .text.HAL_PCD_EP_Abort
                0x0000000008002ea6       0x20 ./Drivers/STM32F4xx_HAL_Driver/Src/stm32f4xx_hal_pcd.o
                0x0000000008002ea6                HAL_PCD_EP_Abort
 *fill*         0x0000000008002ec6        0x2 
 .text.HAL_PCD_IRQHandler
                0x0000000008002ec8      0x68c ./Drivers/STM32F4xx_HAL_Driver/Src/stm32f4xx_hal_pcd.o
                0x0000000008002ec8                HAL_PCD_IRQHandler
 .text.HAL_PCDEx_SetTxFiFo
                0x0000000008003554       0x40 ./Drivers/STM32F4xx_HAL_Driver/Src/stm32f4xx_hal_pcd_ex.o
                0x0000000008003554                HAL_PCDEx_SetTxFiFo
 .text.HAL_PCDEx_SetRxFiFo
                0x0000000008003594        0x8 ./Drivers/STM32F4xx_HAL_Driver/Src/stm32f4xx_hal_pcd_ex.o
                0x0000000008003594                HAL_PCDEx_SetRxFiFo
 .text.HAL_PCDEx_LPM_Callback
                0x000000000800359c        0x2 ./Drivers/STM32F4xx_HAL_Driver/Src/stm32f4xx_hal_pcd_ex.o
                0x000000000800359c                HAL_PCDEx_LPM_Callback
 *fill*         0x000000000800359e        0x2 
 .text.HAL_RCC_OscConfig
                0x00000000080035a0      0x360 ./Drivers/STM32F4xx_HAL_Driver/Src/stm32f4xx_hal_rcc.o
                0x00000000080035a0                HAL_RCC_OscConfig
 .text.HAL_RCC_GetSysClockFreq
                0x0000000008003900       0x5c ./Drivers/STM32F4xx_HAL_Driver/Src/stm32f4xx_hal_rcc.o
                0x0000000008003900                HAL_RCC_GetSysClockFreq
 .text.HAL_RCC_ClockConfig
                0x000000000800395c      0x138 ./Drivers/STM32F4xx_HAL_Driver/Src/stm32f4xx_hal_rcc.o
                0x000000000800395c                HAL_RCC_ClockConfig
 .text.HAL_RCC_GetHCLKFreq
                0x0000000008003a94        0xc ./Drivers/STM32F4xx_HAL_Driver/Src/stm32f4xx_hal_rcc.o
                0x0000000008003a94                HAL_RCC_GetHCLKFreq
 .text.HAL_RCC_GetPCLK1Freq
                0x0000000008003aa0       0x20 ./Drivers/STM32F4xx_HAL_Driver/Src/stm32f4xx_hal_rcc.o
                0x0000000008003aa0                HAL_RCC_GetPCLK1Freq
 .text.HAL_RCC_GetPCLK2Freq
                0x0000000008003ac0       0x20 ./Drivers/STM32F4xx_HAL_Driver/Src/stm32f4xx_hal_rcc.o
                0x0000000008003ac0                HAL_RCC_GetPCLK2Freq
 .text.SD_FindSCR
                0x0000000008003ae0       0xcc ./Drivers/STM32F4xx_HAL_Driver/Src/stm32f4xx_hal_sd.o
 .text.HAL_SD_ReadBlocks
                0x0000000008003bac      0x208 ./Drivers/STM32F4xx_HAL_Driver/Src/stm32f4xx_hal_sd.o
                0x0000000008003bac                HAL_SD_ReadBlocks
 .text.HAL_SD_WriteBlocks
                0x0000000008003db4      0x1a0 ./Drivers/STM32F4xx_HAL_Driver/Src/stm32f4xx_hal_sd.o
                0x0000000008003db4                HAL_SD_WriteBlocks
 .text.HAL_SD_GetCardCSD
                0x0000000008003f54      0x16c ./Drivers/STM32F4xx_HAL_Driver/Src/stm32f4xx_hal_sd.o
                0x0000000008003f54                HAL_SD_GetCardCSD
 .text.HAL_SD_InitCard
                0x00000000080040c0      0x204 ./Drivers/STM32F4xx_HAL_Driver/Src/stm32f4xx_hal_sd.o
                0x00000000080040c0                HAL_SD_InitCard
 .text.HAL_SD_Init
                0x00000000080042c4       0x36 ./Drivers/STM32F4xx_HAL_Driver/Src/stm32f4xx_hal_sd.o
                0x00000000080042c4                HAL_SD_Init
 .text.HAL_SD_GetCardInfo
                0x00000000080042fa       0x24 ./Drivers/STM32F4xx_HAL_Driver/Src/stm32f4xx_hal_sd.o
                0x00000000080042fa                HAL_SD_GetCardInfo
 *fill*         0x000000000800431e        0x2 
 .text.HAL_SD_ConfigWideBusOperation
                0x0000000008004320      0x114 ./Drivers/STM32F4xx_HAL_Driver/Src/stm32f4xx_hal_sd.o
                0x0000000008004320                HAL_SD_ConfigWideBusOperation
 .text.HAL_SD_GetCardState
                0x0000000008004434       0x28 ./Drivers/STM32F4xx_HAL_Driver/Src/stm32f4xx_hal_sd.o
                0x0000000008004434                HAL_SD_GetCardState
 .text.UART_EndRxTransfer
                0x000000000800445c       0x5c ./Drivers/STM32F4xx_HAL_Driver/Src/stm32f4xx_hal_uart.o
 .text.UART_SetConfig
                0x00000000080044b8       0xbc ./Drivers/STM32F4xx_HAL_Driver/Src/stm32f4xx_hal_uart.o
 .text.HAL_UART_Init
                0x0000000008004574       0x5c ./Drivers/STM32F4xx_HAL_Driver/Src/stm32f4xx_hal_uart.o
                0x0000000008004574                HAL_UART_Init
 .text.HAL_UART_TxCpltCallback
                0x00000000080045d0        0x2 ./Drivers/STM32F4xx_HAL_Driver/Src/stm32f4xx_hal_uart.o
                0x00000000080045d0                HAL_UART_TxCpltCallback
 .text.HAL_UART_RxCpltCallback
                0x00000000080045d2        0x2 ./Drivers/STM32F4xx_HAL_Driver/Src/stm32f4xx_hal_uart.o
                0x00000000080045d2                HAL_UART_RxCpltCallback
 .text.HAL_UART_ErrorCallback
                0x00000000080045d4        0x2 ./Drivers/STM32F4xx_HAL_Driver/Src/stm32f4xx_hal_uart.o
                0x00000000080045d4                HAL_UART_ErrorCallback
 .text.UART_DMAAbortOnError
                0x00000000080045d6       0x10 ./Drivers/STM32F4xx_HAL_Driver/Src/stm32f4xx_hal_uart.o
 .text.HAL_UARTEx_RxEventCallback
                0x00000000080045e6        0x2 ./Drivers/STM32F4xx_HAL_Driver/Src/stm32f4xx_hal_uart.o
                0x00000000080045e6                HAL_UARTEx_RxEventCallback
 .text.UART_Receive_IT.part.0.isra.0
                0x00000000080045e8       0xac ./Drivers/STM32F4xx_HAL_Driver/Src/stm32f4xx_hal_uart.o
 .text.HAL_UART_IRQHandler
                0x0000000008004694      0x2a0 ./Drivers/STM32F4xx_HAL_Driver/Src/stm32f4xx_hal_uart.o
                0x0000000008004694                HAL_UART_IRQHandler
 .text.SDIO_Init
                0x0000000008004934       0x38 ./Drivers/STM32F4xx_HAL_Driver/Src/stm32f4xx_ll_sdmmc.o
                0x0000000008004934                SDIO_Init
 .text.SDIO_ReadFIFO
                0x000000000800496c        0x6 ./Drivers/STM32F4xx_HAL_Driver/Src/stm32f4xx_ll_sdmmc.o
                0x000000000800496c                SDIO_ReadFIFO
 .text.SDIO_WriteFIFO
                0x0000000008004972        0xa ./Drivers/STM32F4xx_HAL_Driver/Src/stm32f4xx_ll_sdmmc.o
                0x0000000008004972                SDIO_WriteFIFO
 .text.SDIO_PowerState_ON
                0x000000000800497c        0x8 ./Drivers/STM32F4xx_HAL_Driver/Src/stm32f4xx_ll_sdmmc.o
                0x000000000800497c                SDIO_PowerState_ON
 .text.SDIO_GetPowerState
                0x0000000008004984        0x8 ./Drivers/STM32F4xx_HAL_Driver/Src/stm32f4xx_ll_sdmmc.o
                0x0000000008004984                SDIO_GetPowerState
 .text.SDIO_SendCommand
                0x000000000800498c       0x26 ./Drivers/STM32F4xx_HAL_Driver/Src/stm32f4xx_ll_sdmmc.o
                0x000000000800498c                SDIO_SendCommand
 .text.SDIO_GetResponse
                0x00000000080049b2        0x6 ./Drivers/STM32F4xx_HAL_Driver/Src/stm32f4xx_ll_sdmmc.o
                0x00000000080049b2                SDIO_GetResponse
 .text.SDIO_ConfigData
                0x00000000080049b8       0x26 ./Drivers/STM32F4xx_HAL_Driver/Src/stm32f4xx_ll_sdmmc.o
                0x00000000080049b8                SDIO_ConfigData
 *fill*         0x00000000080049de        0x2 
 .text.SDMMC_CmdGoIdleState
                0x00000000080049e0       0x4c ./Drivers/STM32F4xx_HAL_Driver/Src/stm32f4xx_ll_sdmmc.o
                0x00000000080049e0                SDMMC_CmdGoIdleState
 .text.SDMMC_GetCmdResp1
                0x0000000008004a2c      0x120 ./Drivers/STM32F4xx_HAL_Driver/Src/stm32f4xx_ll_sdmmc.o
                0x0000000008004a2c                SDMMC_GetCmdResp1
 .text.SDMMC_CmdBlockLength
                0x0000000008004b4c       0x30 ./Drivers/STM32F4xx_HAL_Driver/Src/stm32f4xx_ll_sdmmc.o
                0x0000000008004b4c                SDMMC_CmdBlockLength
 .text.SDMMC_CmdReadSingleBlock
                0x0000000008004b7c       0x30 ./Drivers/STM32F4xx_HAL_Driver/Src/stm32f4xx_ll_sdmmc.o
                0x0000000008004b7c                SDMMC_CmdReadSingleBlock
 .text.SDMMC_CmdReadMultiBlock
                0x0000000008004bac       0x30 ./Drivers/STM32F4xx_HAL_Driver/Src/stm32f4xx_ll_sdmmc.o
                0x0000000008004bac                SDMMC_CmdReadMultiBlock
 .text.SDMMC_CmdWriteSingleBlock
                0x0000000008004bdc       0x30 ./Drivers/STM32F4xx_HAL_Driver/Src/stm32f4xx_ll_sdmmc.o
                0x0000000008004bdc                SDMMC_CmdWriteSingleBlock
 .text.SDMMC_CmdWriteMultiBlock
                0x0000000008004c0c       0x30 ./Drivers/STM32F4xx_HAL_Driver/Src/stm32f4xx_ll_sdmmc.o
                0x0000000008004c0c                SDMMC_CmdWriteMultiBlock
 .text.SDMMC_CmdStopTransfer
                0x0000000008004c3c       0x34 ./Drivers/STM32F4xx_HAL_Driver/Src/stm32f4xx_ll_sdmmc.o
                0x0000000008004c3c                SDMMC_CmdStopTransfer
 .text.SDMMC_CmdSelDesel
                0x0000000008004c70       0x30 ./Drivers/STM32F4xx_HAL_Driver/Src/stm32f4xx_ll_sdmmc.o
                0x0000000008004c70                SDMMC_CmdSelDesel
 .text.SDMMC_CmdAppCommand
                0x0000000008004ca0       0x30 ./Drivers/STM32F4xx_HAL_Driver/Src/stm32f4xx_ll_sdmmc.o
                0x0000000008004ca0                SDMMC_CmdAppCommand
 .text.SDMMC_CmdBusWidth
                0x0000000008004cd0       0x30 ./Drivers/STM32F4xx_HAL_Driver/Src/stm32f4xx_ll_sdmmc.o
                0x0000000008004cd0                SDMMC_CmdBusWidth
 .text.SDMMC_CmdSendSCR
                0x0000000008004d00       0x30 ./Drivers/STM32F4xx_HAL_Driver/Src/stm32f4xx_ll_sdmmc.o
                0x0000000008004d00                SDMMC_CmdSendSCR
 .text.SDMMC_CmdSendStatus
                0x0000000008004d30       0x30 ./Drivers/STM32F4xx_HAL_Driver/Src/stm32f4xx_ll_sdmmc.o
                0x0000000008004d30                SDMMC_CmdSendStatus
 .text.SDMMC_GetCmdResp2
                0x0000000008004d60       0x4c ./Drivers/STM32F4xx_HAL_Driver/Src/stm32f4xx_ll_sdmmc.o
                0x0000000008004d60                SDMMC_GetCmdResp2
 .text.SDMMC_CmdSendCID
                0x0000000008004dac       0x2a ./Drivers/STM32F4xx_HAL_Driver/Src/stm32f4xx_ll_sdmmc.o
                0x0000000008004dac                SDMMC_CmdSendCID
 .text.SDMMC_CmdSendCSD
                0x0000000008004dd6       0x2a ./Drivers/STM32F4xx_HAL_Driver/Src/stm32f4xx_ll_sdmmc.o
                0x0000000008004dd6                SDMMC_CmdSendCSD
 .text.SDMMC_GetCmdResp3
                0x0000000008004e00       0x40 ./Drivers/STM32F4xx_HAL_Driver/Src/stm32f4xx_ll_sdmmc.o
                0x0000000008004e00                SDMMC_GetCmdResp3
 .text.SDMMC_CmdAppOperCommand
                0x0000000008004e40       0x32 ./Drivers/STM32F4xx_HAL_Driver/Src/stm32f4xx_ll_sdmmc.o
                0x0000000008004e40                SDMMC_CmdAppOperCommand
 *fill*         0x0000000008004e72        0x2 
 .text.SDMMC_GetCmdResp6
                0x0000000008004e74       0x84 ./Drivers/STM32F4xx_HAL_Driver/Src/stm32f4xx_ll_sdmmc.o
                0x0000000008004e74                SDMMC_GetCmdResp6
 .text.SDMMC_CmdSetRelAdd
                0x0000000008004ef8       0x30 ./Drivers/STM32F4xx_HAL_Driver/Src/stm32f4xx_ll_sdmmc.o
                0x0000000008004ef8                SDMMC_CmdSetRelAdd
 .text.SDMMC_GetCmdResp7
                0x0000000008004f28       0x54 ./Drivers/STM32F4xx_HAL_Driver/Src/stm32f4xx_ll_sdmmc.o
                0x0000000008004f28                SDMMC_GetCmdResp7
 .text.SDMMC_CmdOperCond
                0x0000000008004f7c       0x2e ./Drivers/STM32F4xx_HAL_Driver/Src/stm32f4xx_ll_sdmmc.o
                0x0000000008004f7c                SDMMC_CmdOperCond
 *fill*         0x0000000008004faa        0x2 
 .text.USB_CoreReset
                0x0000000008004fac       0x4c ./Drivers/STM32F4xx_HAL_Driver/Src/stm32f4xx_ll_usb.o
 .text.USB_CoreInit
                0x0000000008004ff8       0x80 ./Drivers/STM32F4xx_HAL_Driver/Src/stm32f4xx_ll_usb.o
                0x0000000008004ff8                USB_CoreInit
 .text.USB_SetTurnaroundTime
                0x0000000008005078       0xe0 ./Drivers/STM32F4xx_HAL_Driver/Src/stm32f4xx_ll_usb.o
                0x0000000008005078                USB_SetTurnaroundTime
 .text.USB_EnableGlobalInt
                0x0000000008005158        0xc ./Drivers/STM32F4xx_HAL_Driver/Src/stm32f4xx_ll_usb.o
                0x0000000008005158                USB_EnableGlobalInt
 .text.USB_DisableGlobalInt
                0x0000000008005164        0xc ./Drivers/STM32F4xx_HAL_Driver/Src/stm32f4xx_ll_usb.o
                0x0000000008005164                USB_DisableGlobalInt
 .text.USB_SetCurrentMode
                0x0000000008005170       0x60 ./Drivers/STM32F4xx_HAL_Driver/Src/stm32f4xx_ll_usb.o
                0x0000000008005170                USB_SetCurrentMode
 .text.USB_FlushTxFifo
                0x00000000080051d0       0x4c ./Drivers/STM32F4xx_HAL_Driver/Src/stm32f4xx_ll_usb.o
                0x00000000080051d0                USB_FlushTxFifo
 .text.USB_FlushRxFifo
                0x000000000800521c       0x48 ./Drivers/STM32F4xx_HAL_Driver/Src/stm32f4xx_ll_usb.o
                0x000000000800521c                USB_FlushRxFifo
 .text.USB_SetDevSpeed
                0x0000000008005264        0xe ./Drivers/STM32F4xx_HAL_Driver/Src/stm32f4xx_ll_usb.o
                0x0000000008005264                USB_SetDevSpeed
 *fill*         0x0000000008005272        0x2 
 .text.USB_DevInit
                0x0000000008005274      0x170 ./Drivers/STM32F4xx_HAL_Driver/Src/stm32f4xx_ll_usb.o
                0x0000000008005274                USB_DevInit
 .text.USB_GetDevSpeed
                0x00000000080053e4       0x16 ./Drivers/STM32F4xx_HAL_Driver/Src/stm32f4xx_ll_usb.o
                0x00000000080053e4                USB_GetDevSpeed
 .text.USB_ActivateEndpoint
                0x00000000080053fa       0x7c ./Drivers/STM32F4xx_HAL_Driver/Src/stm32f4xx_ll_usb.o
                0x00000000080053fa                USB_ActivateEndpoint
 *fill*         0x0000000008005476        0x2 
 .text.USB_DeactivateEndpoint
                0x0000000008005478       0xac ./Drivers/STM32F4xx_HAL_Driver/Src/stm32f4xx_ll_usb.o
                0x0000000008005478                USB_DeactivateEndpoint
 .text.USB_EP0StartXfer
                0x0000000008005524       0xf8 ./Drivers/STM32F4xx_HAL_Driver/Src/stm32f4xx_ll_usb.o
                0x0000000008005524                USB_EP0StartXfer
 .text.USB_EPStopXfer
                0x000000000800561c       0x84 ./Drivers/STM32F4xx_HAL_Driver/Src/stm32f4xx_ll_usb.o
                0x000000000800561c                USB_EPStopXfer
 .text.USB_WritePacket
                0x00000000080056a0       0x26 ./Drivers/STM32F4xx_HAL_Driver/Src/stm32f4xx_ll_usb.o
                0x00000000080056a0                USB_WritePacket
 *fill*         0x00000000080056c6        0x2 
 .text.USB_EPStartXfer
                0x00000000080056c8      0x1d8 ./Drivers/STM32F4xx_HAL_Driver/Src/stm32f4xx_ll_usb.o
                0x00000000080056c8                USB_EPStartXfer
 .text.USB_ReadPacket
                0x00000000080058a0       0x40 ./Drivers/STM32F4xx_HAL_Driver/Src/stm32f4xx_ll_usb.o
                0x00000000080058a0                USB_ReadPacket
 .text.USB_EPSetStall
                0x00000000080058e0       0x56 ./Drivers/STM32F4xx_HAL_Driver/Src/stm32f4xx_ll_usb.o
                0x00000000080058e0                USB_EPSetStall
 .text.USB_EPClearStall
                0x0000000008005936       0x52 ./Drivers/STM32F4xx_HAL_Driver/Src/stm32f4xx_ll_usb.o
                0x0000000008005936                USB_EPClearStall
 .text.USB_SetDevAddress
                0x0000000008005988       0x20 ./Drivers/STM32F4xx_HAL_Driver/Src/stm32f4xx_ll_usb.o
                0x0000000008005988                USB_SetDevAddress
 .text.USB_DevConnect
                0x00000000080059a8       0x1c ./Drivers/STM32F4xx_HAL_Driver/Src/stm32f4xx_ll_usb.o
                0x00000000080059a8                USB_DevConnect
 .text.USB_DevDisconnect
                0x00000000080059c4       0x1c ./Drivers/STM32F4xx_HAL_Driver/Src/stm32f4xx_ll_usb.o
                0x00000000080059c4                USB_DevDisconnect
 .text.USB_ReadInterrupts
                0x00000000080059e0        0x8 ./Drivers/STM32F4xx_HAL_Driver/Src/stm32f4xx_ll_usb.o
                0x00000000080059e0                USB_ReadInterrupts
 .text.USB_ReadDevAllOutEpInterrupt
                0x00000000080059e8       0x10 ./Drivers/STM32F4xx_HAL_Driver/Src/stm32f4xx_ll_usb.o
                0x00000000080059e8                USB_ReadDevAllOutEpInterrupt
 .text.USB_ReadDevAllInEpInterrupt
                0x00000000080059f8       0x10 ./Drivers/STM32F4xx_HAL_Driver/Src/stm32f4xx_ll_usb.o
                0x00000000080059f8                USB_ReadDevAllInEpInterrupt
 .text.USB_ReadDevOutEPInterrupt
                0x0000000008005a08       0x12 ./Drivers/STM32F4xx_HAL_Driver/Src/stm32f4xx_ll_usb.o
                0x0000000008005a08                USB_ReadDevOutEPInterrupt
 .text.USB_ReadDevInEPInterrupt
                0x0000000008005a1a       0x24 ./Drivers/STM32F4xx_HAL_Driver/Src/stm32f4xx_ll_usb.o
                0x0000000008005a1a                USB_ReadDevInEPInterrupt
 .text.USB_GetMode
                0x0000000008005a3e        0x8 ./Drivers/STM32F4xx_HAL_Driver/Src/stm32f4xx_ll_usb.o
                0x0000000008005a3e                USB_GetMode
 .text.USB_ActivateSetup
                0x0000000008005a46       0x20 ./Drivers/STM32F4xx_HAL_Driver/Src/stm32f4xx_ll_usb.o
                0x0000000008005a46                USB_ActivateSetup
 *fill*         0x0000000008005a66        0x2 
 .text.USB_EP0_OutStart
                0x0000000008005a68       0x4c ./Drivers/STM32F4xx_HAL_Driver/Src/stm32f4xx_ll_usb.o
                0x0000000008005a68                USB_EP0_OutStart
 .text.MX_FATFS_Init
                0x0000000008005ab4       0x1c ./FATFS/App/fatfs.o
                0x0000000008005ab4                MX_FATFS_Init
 .text.BSP_SD_ReadBlocks
                0x0000000008005ad0       0x20 ./FATFS/Target/bsp_driver_sd.o
                0x0000000008005ad0                BSP_SD_ReadBlocks
 .text.BSP_SD_WriteBlocks
                0x0000000008005af0       0x20 ./FATFS/Target/bsp_driver_sd.o
                0x0000000008005af0                BSP_SD_WriteBlocks
 .text.BSP_SD_GetCardState
                0x0000000008005b10       0x14 ./FATFS/Target/bsp_driver_sd.o
                0x0000000008005b10                BSP_SD_GetCardState
 .text.BSP_SD_GetCardInfo
                0x0000000008005b24        0xc ./FATFS/Target/bsp_driver_sd.o
                0x0000000008005b24                BSP_SD_GetCardInfo
 .text.BSP_SD_IsDetected
                0x0000000008005b30       0x1c ./FATFS/Target/bsp_driver_sd.o
                0x0000000008005b30                BSP_SD_IsDetected
 .text.BSP_SD_Init
                0x0000000008005b4c       0x2c ./FATFS/Target/bsp_driver_sd.o
                0x0000000008005b4c                BSP_SD_Init
 .text.BSP_PlatformIsDetected
                0x0000000008005b78       0x18 ./FATFS/Target/fatfs_platform.o
                0x0000000008005b78                BSP_PlatformIsDetected
 .text.SD_ioctl
                0x0000000008005b90       0x54 ./FATFS/Target/sd_diskio.o
                0x0000000008005b90                SD_ioctl
 .text.SD_read  0x0000000008005be4       0x20 ./FATFS/Target/sd_diskio.o
                0x0000000008005be4                SD_read
 .text.SD_status
                0x0000000008005c04       0x20 ./FATFS/Target/sd_diskio.o
                0x0000000008005c04                SD_status
 .text.SD_write
                0x0000000008005c24       0x20 ./FATFS/Target/sd_diskio.o
                0x0000000008005c24                SD_write
 .text.SD_initialize
                0x0000000008005c44       0x2c ./FATFS/Target/sd_diskio.o
                0x0000000008005c44                SD_initialize
 .text.USBD_CDC_EP0_RxReady
                0x0000000008005c70       0x36 ./Middlewares/ST/STM32_USB_Device_Library/Class/CDC/Src/usbd_cdc.o
 *fill*         0x0000000008005ca6        0x2 
 .text.USBD_CDC_GetDeviceQualifierDescriptor
                0x0000000008005ca8        0xc ./Middlewares/ST/STM32_USB_Device_Library/Class/CDC/Src/usbd_cdc.o
                0x0000000008005ca8                USBD_CDC_GetDeviceQualifierDescriptor
 .text.USBD_CDC_GetFSCfgDesc
                0x0000000008005cb4       0x48 ./Middlewares/ST/STM32_USB_Device_Library/Class/CDC/Src/usbd_cdc.o
 .text.USBD_CDC_GetOtherSpeedCfgDesc
                0x0000000008005cfc        0x4 ./Middlewares/ST/STM32_USB_Device_Library/Class/CDC/Src/usbd_cdc.o
 .text.USBD_CDC_GetHSCfgDesc
                0x0000000008005d00       0x48 ./Middlewares/ST/STM32_USB_Device_Library/Class/CDC/Src/usbd_cdc.o
 .text.USBD_CDC_DataOut
                0x0000000008005d48       0x38 ./Middlewares/ST/STM32_USB_Device_Library/Class/CDC/Src/usbd_cdc.o
 .text.USBD_CDC_DataIn
                0x0000000008005d80       0x68 ./Middlewares/ST/STM32_USB_Device_Library/Class/CDC/Src/usbd_cdc.o
 .text.USBD_CDC_Setup
                0x0000000008005de8      0x108 ./Middlewares/ST/STM32_USB_Device_Library/Class/CDC/Src/usbd_cdc.o
 .text.USBD_CDC_DeInit
                0x0000000008005ef0       0x5a ./Middlewares/ST/STM32_USB_Device_Library/Class/CDC/Src/usbd_cdc.o
 .text.USBD_CDC_Init
                0x0000000008005f4a       0xd2 ./Middlewares/ST/STM32_USB_Device_Library/Class/CDC/Src/usbd_cdc.o
 .text.USBD_CDC_RegisterInterface
                0x000000000800601c       0x16 ./Middlewares/ST/STM32_USB_Device_Library/Class/CDC/Src/usbd_cdc.o
                0x000000000800601c                USBD_CDC_RegisterInterface
 .text.USBD_CDC_SetTxBuffer
                0x0000000008006032       0x1c ./Middlewares/ST/STM32_USB_Device_Library/Class/CDC/Src/usbd_cdc.o
                0x0000000008006032                USBD_CDC_SetTxBuffer
 .text.USBD_CDC_SetRxBuffer
                0x000000000800604e       0x18 ./Middlewares/ST/STM32_USB_Device_Library/Class/CDC/Src/usbd_cdc.o
                0x000000000800604e                USBD_CDC_SetRxBuffer
 .text.USBD_CDC_TransmitPacket
                0x0000000008006066       0x36 ./Middlewares/ST/STM32_USB_Device_Library/Class/CDC/Src/usbd_cdc.o
                0x0000000008006066                USBD_CDC_TransmitPacket
 .text.USBD_CDC_ReceivePacket
                0x000000000800609c       0x34 ./Middlewares/ST/STM32_USB_Device_Library/Class/CDC/Src/usbd_cdc.o
                0x000000000800609c                USBD_CDC_ReceivePacket
 .text.USBD_Init
                0x00000000080060d0       0x26 ./Middlewares/ST/STM32_USB_Device_Library/Core/Src/usbd_core.o
                0x00000000080060d0                USBD_Init
 .text.USBD_RegisterClass
                0x00000000080060f6       0x32 ./Middlewares/ST/STM32_USB_Device_Library/Core/Src/usbd_core.o
                0x00000000080060f6                USBD_RegisterClass
 .text.USBD_Start
                0x0000000008006128        0x4 ./Middlewares/ST/STM32_USB_Device_Library/Core/Src/usbd_core.o
                0x0000000008006128                USBD_Start
 .text.USBD_SetClassConfig
                0x000000000800612c        0xe ./Middlewares/ST/STM32_USB_Device_Library/Core/Src/usbd_core.o
                0x000000000800612c                USBD_SetClassConfig
 .text.USBD_ClrClassConfig
                0x000000000800613a       0x12 ./Middlewares/ST/STM32_USB_Device_Library/Core/Src/usbd_core.o
                0x000000000800613a                USBD_ClrClassConfig
 .text.USBD_LL_SetupStage
                0x000000000800614c       0x60 ./Middlewares/ST/STM32_USB_Device_Library/Core/Src/usbd_core.o
                0x000000000800614c                USBD_LL_SetupStage
 .text.USBD_LL_DataOutStage
                0x00000000080061ac       0x6a ./Middlewares/ST/STM32_USB_Device_Library/Core/Src/usbd_core.o
                0x00000000080061ac                USBD_LL_DataOutStage
 .text.USBD_LL_DataInStage
                0x0000000008006216       0xae ./Middlewares/ST/STM32_USB_Device_Library/Core/Src/usbd_core.o
                0x0000000008006216                USBD_LL_DataInStage
 .text.USBD_LL_Reset
                0x00000000080062c4       0x5e ./Middlewares/ST/STM32_USB_Device_Library/Core/Src/usbd_core.o
                0x00000000080062c4                USBD_LL_Reset
 .text.USBD_LL_SetSpeed
                0x0000000008006322        0x6 ./Middlewares/ST/STM32_USB_Device_Library/Core/Src/usbd_core.o
                0x0000000008006322                USBD_LL_SetSpeed
 .text.USBD_LL_Suspend
                0x0000000008006328       0x14 ./Middlewares/ST/STM32_USB_Device_Library/Core/Src/usbd_core.o
                0x0000000008006328                USBD_LL_Suspend
 .text.USBD_LL_Resume
                0x000000000800633c       0x16 ./Middlewares/ST/STM32_USB_Device_Library/Core/Src/usbd_core.o
                0x000000000800633c                USBD_LL_Resume
 .text.USBD_LL_SOF
                0x0000000008006352       0x1a ./Middlewares/ST/STM32_USB_Device_Library/Core/Src/usbd_core.o
                0x0000000008006352                USBD_LL_SOF
 .text.USBD_LL_IsoINIncomplete
                0x000000000800636c       0x28 ./Middlewares/ST/STM32_USB_Device_Library/Core/Src/usbd_core.o
                0x000000000800636c                USBD_LL_IsoINIncomplete
 .text.USBD_LL_IsoOUTIncomplete
                0x0000000008006394       0x28 ./Middlewares/ST/STM32_USB_Device_Library/Core/Src/usbd_core.o
                0x0000000008006394                USBD_LL_IsoOUTIncomplete
 .text.USBD_LL_DevConnected
                0x00000000080063bc        0x4 ./Middlewares/ST/STM32_USB_Device_Library/Core/Src/usbd_core.o
                0x00000000080063bc                USBD_LL_DevConnected
 .text.USBD_LL_DevDisconnected
                0x00000000080063c0       0x20 ./Middlewares/ST/STM32_USB_Device_Library/Core/Src/usbd_core.o
                0x00000000080063c0                USBD_LL_DevDisconnected
 .text.USBD_CoreFindIF
                0x00000000080063e0        0x4 ./Middlewares/ST/STM32_USB_Device_Library/Core/Src/usbd_core.o
                0x00000000080063e0                USBD_CoreFindIF
 .text.USBD_CoreFindEP
                0x00000000080063e4        0x4 ./Middlewares/ST/STM32_USB_Device_Library/Core/Src/usbd_core.o
                0x00000000080063e4                USBD_CoreFindEP
 .text.USBD_GetEpDesc
                0x00000000080063e8       0x24 ./Middlewares/ST/STM32_USB_Device_Library/Core/Src/usbd_core.o
                0x00000000080063e8                USBD_GetEpDesc
 .text.USBD_CtlError.constprop.0
                0x000000000800640c       0x16 ./Middlewares/ST/STM32_USB_Device_Library/Core/Src/usbd_ctlreq.o
 *fill*         0x0000000008006422        0x2 
 .text.USBD_StdDevReq
                0x0000000008006424      0x2ac ./Middlewares/ST/STM32_USB_Device_Library/Core/Src/usbd_ctlreq.o
                0x0000000008006424                USBD_StdDevReq
 .text.USBD_StdItfReq
                0x00000000080066d0       0x5e ./Middlewares/ST/STM32_USB_Device_Library/Core/Src/usbd_ctlreq.o
                0x00000000080066d0                USBD_StdItfReq
 .text.USBD_StdEPReq
                0x000000000800672e      0x13c ./Middlewares/ST/STM32_USB_Device_Library/Core/Src/usbd_ctlreq.o
                0x000000000800672e                USBD_StdEPReq
 .text.USBD_ParseSetupRequest
                0x000000000800686a       0x16 ./Middlewares/ST/STM32_USB_Device_Library/Core/Src/usbd_ctlreq.o
                0x000000000800686a                USBD_ParseSetupRequest
 .text.USBD_CtlError
                0x0000000008006880       0x16 ./Middlewares/ST/STM32_USB_Device_Library/Core/Src/usbd_ctlreq.o
                0x0000000008006880                USBD_CtlError
 .text.USBD_GetString
                0x0000000008006896       0x38 ./Middlewares/ST/STM32_USB_Device_Library/Core/Src/usbd_ctlreq.o
                0x0000000008006896                USBD_GetString
 .text.USBD_CtlSendData
                0x00000000080068ce       0x1a ./Middlewares/ST/STM32_USB_Device_Library/Core/Src/usbd_ioreq.o
                0x00000000080068ce                USBD_CtlSendData
 .text.USBD_CtlContinueSendData
                0x00000000080068e8       0x10 ./Middlewares/ST/STM32_USB_Device_Library/Core/Src/usbd_ioreq.o
                0x00000000080068e8                USBD_CtlContinueSendData
 .text.USBD_CtlPrepareRx
                0x00000000080068f8       0x1a ./Middlewares/ST/STM32_USB_Device_Library/Core/Src/usbd_ioreq.o
                0x00000000080068f8                USBD_CtlPrepareRx
 .text.USBD_CtlContinueRx
                0x0000000008006912       0x10 ./Middlewares/ST/STM32_USB_Device_Library/Core/Src/usbd_ioreq.o
                0x0000000008006912                USBD_CtlContinueRx
 .text.USBD_CtlSendStatus
                0x0000000008006922       0x16 ./Middlewares/ST/STM32_USB_Device_Library/Core/Src/usbd_ioreq.o
                0x0000000008006922                USBD_CtlSendStatus
 .text.USBD_CtlReceiveStatus
                0x0000000008006938       0x16 ./Middlewares/ST/STM32_USB_Device_Library/Core/Src/usbd_ioreq.o
                0x0000000008006938                USBD_CtlReceiveStatus
 *fill*         0x000000000800694e        0x2 
 .text.FATFS_LinkDriverEx
                0x0000000008006950       0x40 ./Middlewares/Third_Party/FatFs/src/ff_gen_drv.o
                0x0000000008006950                FATFS_LinkDriverEx
 .text.FATFS_LinkDriver
                0x0000000008006990        0x6 ./Middlewares/Third_Party/FatFs/src/ff_gen_drv.o
                0x0000000008006990                FATFS_LinkDriver
 *fill*         0x0000000008006996        0x2 
 .text.MX_USB_DEVICE_Init
                0x0000000008006998       0x50 ./USB_DEVICE/App/usb_device.o
                0x0000000008006998                MX_USB_DEVICE_Init
 .text.CDC_DeInit_FS
                0x00000000080069e8        0x4 ./USB_DEVICE/App/usbd_cdc_if.o
 .text.CDC_TransmitCplt_FS
                0x00000000080069ec        0x4 ./USB_DEVICE/App/usbd_cdc_if.o
 .text.CDC_Receive_FS
                0x00000000080069f0       0x1c ./USB_DEVICE/App/usbd_cdc_if.o
 .text.CDC_Init_FS
                0x0000000008006a0c       0x28 ./USB_DEVICE/App/usbd_cdc_if.o
 .text.CDC_Control_FS
                0x0000000008006a34       0x30 ./USB_DEVICE/App/usbd_cdc_if.o
 .text.CDC_Transmit_FS
                0x0000000008006a64       0x2c ./USB_DEVICE/App/usbd_cdc_if.o
                0x0000000008006a64                CDC_Transmit_FS
 .text.USBD_FS_DeviceDescriptor
                0x0000000008006a90        0xc ./USB_DEVICE/App/usbd_desc.o
                0x0000000008006a90                USBD_FS_DeviceDescriptor
 .text.USBD_FS_LangIDStrDescriptor
                0x0000000008006a9c        0xc ./USB_DEVICE/App/usbd_desc.o
                0x0000000008006a9c                USBD_FS_LangIDStrDescriptor
 .text.IntToUnicode
                0x0000000008006aa8       0x2a ./USB_DEVICE/App/usbd_desc.o
 *fill*         0x0000000008006ad2        0x2 
 .text.USBD_FS_SerialStrDescriptor
                0x0000000008006ad4       0x3c ./USB_DEVICE/App/usbd_desc.o
                0x0000000008006ad4                USBD_FS_SerialStrDescriptor
 .text.USBD_FS_ManufacturerStrDescriptor
                0x0000000008006b10       0x1c ./USB_DEVICE/App/usbd_desc.o
                0x0000000008006b10                USBD_FS_ManufacturerStrDescriptor
 .text.USBD_FS_ProductStrDescriptor
                0x0000000008006b2c       0x1c ./USB_DEVICE/App/usbd_desc.o
                0x0000000008006b2c                USBD_FS_ProductStrDescriptor
 .text.USBD_FS_ConfigStrDescriptor
                0x0000000008006b48       0x1c ./USB_DEVICE/App/usbd_desc.o
                0x0000000008006b48                USBD_FS_ConfigStrDescriptor
 .text.USBD_FS_InterfaceStrDescriptor
                0x0000000008006b64       0x1c ./USB_DEVICE/App/usbd_desc.o
                0x0000000008006b64                USBD_FS_InterfaceStrDescriptor
 .text.HAL_PCD_MspInit
                0x0000000008006b80       0x84 ./USB_DEVICE/Target/usbd_conf.o
                0x0000000008006b80                HAL_PCD_MspInit
 .text.HAL_PCD_SetupStageCallback
                0x0000000008006c04        0xc ./USB_DEVICE/Target/usbd_conf.o
                0x0000000008006c04                HAL_PCD_SetupStageCallback
 .text.HAL_PCD_DataOutStageCallback
                0x0000000008006c10       0x12 ./USB_DEVICE/Target/usbd_conf.o
                0x0000000008006c10                HAL_PCD_DataOutStageCallback
 .text.HAL_PCD_DataInStageCallback
                0x0000000008006c22       0x10 ./USB_DEVICE/Target/usbd_conf.o
                0x0000000008006c22                HAL_PCD_DataInStageCallback
 .text.HAL_PCD_SOFCallback
                0x0000000008006c32        0x8 ./USB_DEVICE/Target/usbd_conf.o
                0x0000000008006c32                HAL_PCD_SOFCallback
 .text.HAL_PCD_ResetCallback
                0x0000000008006c3a       0x24 ./USB_DEVICE/Target/usbd_conf.o
                0x0000000008006c3a                HAL_PCD_ResetCallback
 *fill*         0x0000000008006c5e        0x2 
 .text.HAL_PCD_SuspendCallback
                0x0000000008006c60       0x30 ./USB_DEVICE/Target/usbd_conf.o
                0x0000000008006c60                HAL_PCD_SuspendCallback
 .text.HAL_PCD_ResumeCallback
                0x0000000008006c90        0x8 ./USB_DEVICE/Target/usbd_conf.o
                0x0000000008006c90                HAL_PCD_ResumeCallback
 .text.HAL_PCD_ISOOUTIncompleteCallback
                0x0000000008006c98        0x8 ./USB_DEVICE/Target/usbd_conf.o
                0x0000000008006c98                HAL_PCD_ISOOUTIncompleteCallback
 .text.HAL_PCD_ISOINIncompleteCallback
                0x0000000008006ca0        0x8 ./USB_DEVICE/Target/usbd_conf.o
                0x0000000008006ca0                HAL_PCD_ISOINIncompleteCallback
 .text.HAL_PCD_ConnectCallback
                0x0000000008006ca8        0x8 ./USB_DEVICE/Target/usbd_conf.o
                0x0000000008006ca8                HAL_PCD_ConnectCallback
 .text.HAL_PCD_DisconnectCallback
                0x0000000008006cb0        0x8 ./USB_DEVICE/Target/usbd_conf.o
                0x0000000008006cb0                HAL_PCD_DisconnectCallback
 .text.USBD_LL_Init
                0x0000000008006cb8       0x5c ./USB_DEVICE/Target/usbd_conf.o
                0x0000000008006cb8                USBD_LL_Init
 .text.USBD_LL_IsStallEP
                0x0000000008006d14       0x26 ./USB_DEVICE/Target/usbd_conf.o
                0x0000000008006d14                USBD_LL_IsStallEP
 .text.USBD_LL_GetRxDataSize
                0x0000000008006d3a        0x8 ./USB_DEVICE/Target/usbd_conf.o
                0x0000000008006d3a                USBD_LL_GetRxDataSize
 *fill*         0x0000000008006d42        0x2 
 .text.USBD_static_malloc
                0x0000000008006d44        0x8 ./USB_DEVICE/Target/usbd_conf.o
                0x0000000008006d44                USBD_static_malloc
 .text.USBD_static_free
                0x0000000008006d4c        0x2 ./USB_DEVICE/Target/usbd_conf.o
                0x0000000008006d4c                USBD_static_free
 *fill*         0x0000000008006d4e        0x2 
 .text.USBD_Get_USB_Status
                0x0000000008006d50       0x10 ./USB_DEVICE/Target/usbd_conf.o
                0x0000000008006d50                USBD_Get_USB_Status
 .text.USBD_LL_Start
                0x0000000008006d60       0x12 ./USB_DEVICE/Target/usbd_conf.o
                0x0000000008006d60                USBD_LL_Start
 .text.USBD_LL_OpenEP
                0x0000000008006d72       0x18 ./USB_DEVICE/Target/usbd_conf.o
                0x0000000008006d72                USBD_LL_OpenEP
 .text.USBD_LL_CloseEP
                0x0000000008006d8a       0x12 ./USB_DEVICE/Target/usbd_conf.o
                0x0000000008006d8a                USBD_LL_CloseEP
 .text.USBD_LL_StallEP
                0x0000000008006d9c       0x12 ./USB_DEVICE/Target/usbd_conf.o
                0x0000000008006d9c                USBD_LL_StallEP
 .text.USBD_LL_ClearStallEP
                0x0000000008006dae       0x12 ./USB_DEVICE/Target/usbd_conf.o
                0x0000000008006dae                USBD_LL_ClearStallEP
 .text.USBD_LL_SetUSBAddress
                0x0000000008006dc0       0x12 ./USB_DEVICE/Target/usbd_conf.o
                0x0000000008006dc0                USBD_LL_SetUSBAddress
 .text.USBD_LL_Transmit
                0x0000000008006dd2       0x12 ./USB_DEVICE/Target/usbd_conf.o
                0x0000000008006dd2                USBD_LL_Transmit
 .text.USBD_LL_PrepareReceive
                0x0000000008006de4       0x12 ./USB_DEVICE/Target/usbd_conf.o
                0x0000000008006de4                USBD_LL_PrepareReceive
 *fill*         0x0000000008006df6        0x2 
 .text.__errno  0x0000000008006df8        0xc c:/st/stm32cubeide_1.11.0/stm32cubeide/plugins/com.st.stm32cube.ide.mcu.externaltools.gnu-tools-for-stm32.10.3-2021.10.win32_1.0.100.202210260954/tools/bin/../lib/gcc/arm-none-eabi/10.3.1/../../../../arm-none-eabi/lib/thumb/v7e-m+fp/hard\libc_nano.a(lib_a-errno.o)
                0x0000000008006df8                __errno
 .text.__libc_init_array
                0x0000000008006e04       0x48 c:/st/stm32cubeide_1.11.0/stm32cubeide/plugins/com.st.stm32cube.ide.mcu.externaltools.gnu-tools-for-stm32.10.3-2021.10.win32_1.0.100.202210260954/tools/bin/../lib/gcc/arm-none-eabi/10.3.1/../../../../arm-none-eabi/lib/thumb/v7e-m+fp/hard\libc_nano.a(lib_a-init.o)
                0x0000000008006e04                __libc_init_array
 .text.memset   0x0000000008006e4c       0x10 c:/st/stm32cubeide_1.11.0/stm32cubeide/plugins/com.st.stm32cube.ide.mcu.externaltools.gnu-tools-for-stm32.10.3-2021.10.win32_1.0.100.202210260954/tools/bin/../lib/gcc/arm-none-eabi/10.3.1/../../../../arm-none-eabi/lib/thumb/v7e-m+fp/hard\libc_nano.a(lib_a-memset.o)
                0x0000000008006e4c                memset
 .text.printf   0x0000000008006e5c       0x30 c:/st/stm32cubeide_1.11.0/stm32cubeide/plugins/com.st.stm32cube.ide.mcu.externaltools.gnu-tools-for-stm32.10.3-2021.10.win32_1.0.100.202210260954/tools/bin/../lib/gcc/arm-none-eabi/10.3.1/../../../../arm-none-eabi/lib/thumb/v7e-m+fp/hard\libc_nano.a(lib_a-printf.o)
                0x0000000008006e5c                iprintf
                0x0000000008006e5c                printf
 .text._puts_r  0x0000000008006e8c       0xdc c:/st/stm32cubeide_1.11.0/stm32cubeide/plugins/com.st.stm32cube.ide.mcu.externaltools.gnu-tools-for-stm32.10.3-2021.10.win32_1.0.100.202210260954/tools/bin/../lib/gcc/arm-none-eabi/10.3.1/../../../../arm-none-eabi/lib/thumb/v7e-m+fp/hard\libc_nano.a(lib_a-puts.o)
                0x0000000008006e8c                _puts_r
 .text.puts     0x0000000008006f68       0x10 c:/st/stm32cubeide_1.11.0/stm32cubeide/plugins/com.st.stm32cube.ide.mcu.externaltools.gnu-tools-for-stm32.10.3-2021.10.win32_1.0.100.202210260954/tools/bin/../lib/gcc/arm-none-eabi/10.3.1/../../../../arm-none-eabi/lib/thumb/v7e-m+fp/hard\libc_nano.a(lib_a-puts.o)
                0x0000000008006f68                puts
 .text.sprintf  0x0000000008006f78       0x40 c:/st/stm32cubeide_1.11.0/stm32cubeide/plugins/com.st.stm32cube.ide.mcu.externaltools.gnu-tools-for-stm32.10.3-2021.10.win32_1.0.100.202210260954/tools/bin/../lib/gcc/arm-none-eabi/10.3.1/../../../../arm-none-eabi/lib/thumb/v7e-m+fp/hard\libc_nano.a(lib_a-sprintf.o)
                0x0000000008006f78                siprintf
                0x0000000008006f78                sprintf
 .text.strcpy   0x0000000008006fb8       0x10 c:/st/stm32cubeide_1.11.0/stm32cubeide/plugins/com.st.stm32cube.ide.mcu.externaltools.gnu-tools-for-stm32.10.3-2021.10.win32_1.0.100.202210260954/tools/bin/../lib/gcc/arm-none-eabi/10.3.1/../../../../arm-none-eabi/lib/thumb/v7e-m+fp/hard\libc_nano.a(lib_a-strcpy.o)
                0x0000000008006fb8                strcpy
 .text.__swbuf_r
                0x0000000008006fc8       0xa4 c:/st/stm32cubeide_1.11.0/stm32cubeide/plugins/com.st.stm32cube.ide.mcu.externaltools.gnu-tools-for-stm32.10.3-2021.10.win32_1.0.100.202210260954/tools/bin/../lib/gcc/arm-none-eabi/10.3.1/../../../../arm-none-eabi/lib/thumb/v7e-m+fp/hard\libc_nano.a(lib_a-wbuf.o)
                0x0000000008006fc8                __swbuf_r
 .text.__swsetup_r
                0x000000000800706c       0xdc c:/st/stm32cubeide_1.11.0/stm32cubeide/plugins/com.st.stm32cube.ide.mcu.externaltools.gnu-tools-for-stm32.10.3-2021.10.win32_1.0.100.202210260954/tools/bin/../lib/gcc/arm-none-eabi/10.3.1/../../../../arm-none-eabi/lib/thumb/v7e-m+fp/hard\libc_nano.a(lib_a-wsetup.o)
                0x000000000800706c                __swsetup_r
 .text.__sflush_r
                0x0000000008007148      0x10c c:/st/stm32cubeide_1.11.0/stm32cubeide/plugins/com.st.stm32cube.ide.mcu.externaltools.gnu-tools-for-stm32.10.3-2021.10.win32_1.0.100.202210260954/tools/bin/../lib/gcc/arm-none-eabi/10.3.1/../../../../arm-none-eabi/lib/thumb/v7e-m+fp/hard\libc_nano.a(lib_a-fflush.o)
                0x0000000008007148                __sflush_r
 .text._fflush_r
                0x0000000008007254       0x78 c:/st/stm32cubeide_1.11.0/stm32cubeide/plugins/com.st.stm32cube.ide.mcu.externaltools.gnu-tools-for-stm32.10.3-2021.10.win32_1.0.100.202210260954/tools/bin/../lib/gcc/arm-none-eabi/10.3.1/../../../../arm-none-eabi/lib/thumb/v7e-m+fp/hard\libc_nano.a(lib_a-fflush.o)
                0x0000000008007254                _fflush_r
 .text.std      0x00000000080072cc       0x48 c:/st/stm32cubeide_1.11.0/stm32cubeide/plugins/com.st.stm32cube.ide.mcu.externaltools.gnu-tools-for-stm32.10.3-2021.10.win32_1.0.100.202210260954/tools/bin/../lib/gcc/arm-none-eabi/10.3.1/../../../../arm-none-eabi/lib/thumb/v7e-m+fp/hard\libc_nano.a(lib_a-findfp.o)
 .text._cleanup_r
                0x0000000008007314        0xc c:/st/stm32cubeide_1.11.0/stm32cubeide/plugins/com.st.stm32cube.ide.mcu.externaltools.gnu-tools-for-stm32.10.3-2021.10.win32_1.0.100.202210260954/tools/bin/../lib/gcc/arm-none-eabi/10.3.1/../../../../arm-none-eabi/lib/thumb/v7e-m+fp/hard\libc_nano.a(lib_a-findfp.o)
                0x0000000008007314                _cleanup_r
 .text.__sfmoreglue
                0x0000000008007320       0x2c c:/st/stm32cubeide_1.11.0/stm32cubeide/plugins/com.st.stm32cube.ide.mcu.externaltools.gnu-tools-for-stm32.10.3-2021.10.win32_1.0.100.202210260954/tools/bin/../lib/gcc/arm-none-eabi/10.3.1/../../../../arm-none-eabi/lib/thumb/v7e-m+fp/hard\libc_nano.a(lib_a-findfp.o)
                0x0000000008007320                __sfmoreglue
 .text.__sfp_lock_acquire
                0x000000000800734c        0xc c:/st/stm32cubeide_1.11.0/stm32cubeide/plugins/com.st.stm32cube.ide.mcu.externaltools.gnu-tools-for-stm32.10.3-2021.10.win32_1.0.100.202210260954/tools/bin/../lib/gcc/arm-none-eabi/10.3.1/../../../../arm-none-eabi/lib/thumb/v7e-m+fp/hard\libc_nano.a(lib_a-findfp.o)
                0x000000000800734c                __sfp_lock_acquire
 .text.__sfp_lock_release
                0x0000000008007358        0xc c:/st/stm32cubeide_1.11.0/stm32cubeide/plugins/com.st.stm32cube.ide.mcu.externaltools.gnu-tools-for-stm32.10.3-2021.10.win32_1.0.100.202210260954/tools/bin/../lib/gcc/arm-none-eabi/10.3.1/../../../../arm-none-eabi/lib/thumb/v7e-m+fp/hard\libc_nano.a(lib_a-findfp.o)
                0x0000000008007358                __sfp_lock_release
 .text.__sinit_lock_acquire
                0x0000000008007364        0xc c:/st/stm32cubeide_1.11.0/stm32cubeide/plugins/com.st.stm32cube.ide.mcu.externaltools.gnu-tools-for-stm32.10.3-2021.10.win32_1.0.100.202210260954/tools/bin/../lib/gcc/arm-none-eabi/10.3.1/../../../../arm-none-eabi/lib/thumb/v7e-m+fp/hard\libc_nano.a(lib_a-findfp.o)
                0x0000000008007364                __sinit_lock_acquire
 .text.__sinit_lock_release
                0x0000000008007370        0xc c:/st/stm32cubeide_1.11.0/stm32cubeide/plugins/com.st.stm32cube.ide.mcu.externaltools.gnu-tools-for-stm32.10.3-2021.10.win32_1.0.100.202210260954/tools/bin/../lib/gcc/arm-none-eabi/10.3.1/../../../../arm-none-eabi/lib/thumb/v7e-m+fp/hard\libc_nano.a(lib_a-findfp.o)
                0x0000000008007370                __sinit_lock_release
 .text.__sinit  0x000000000800737c       0x70 c:/st/stm32cubeide_1.11.0/stm32cubeide/plugins/com.st.stm32cube.ide.mcu.externaltools.gnu-tools-for-stm32.10.3-2021.10.win32_1.0.100.202210260954/tools/bin/../lib/gcc/arm-none-eabi/10.3.1/../../../../arm-none-eabi/lib/thumb/v7e-m+fp/hard\libc_nano.a(lib_a-findfp.o)
                0x000000000800737c                __sinit
 .text.__sfp    0x00000000080073ec       0x8c c:/st/stm32cubeide_1.11.0/stm32cubeide/plugins/com.st.stm32cube.ide.mcu.externaltools.gnu-tools-for-stm32.10.3-2021.10.win32_1.0.100.202210260954/tools/bin/../lib/gcc/arm-none-eabi/10.3.1/../../../../arm-none-eabi/lib/thumb/v7e-m+fp/hard\libc_nano.a(lib_a-findfp.o)
                0x00000000080073ec                __sfp
 .text._fwalk_reent
                0x0000000008007478       0x3e c:/st/stm32cubeide_1.11.0/stm32cubeide/plugins/com.st.stm32cube.ide.mcu.externaltools.gnu-tools-for-stm32.10.3-2021.10.win32_1.0.100.202210260954/tools/bin/../lib/gcc/arm-none-eabi/10.3.1/../../../../arm-none-eabi/lib/thumb/v7e-m+fp/hard\libc_nano.a(lib_a-fwalk.o)
                0x0000000008007478                _fwalk_reent
 .text.__retarget_lock_init_recursive
                0x00000000080074b6        0x2 c:/st/stm32cubeide_1.11.0/stm32cubeide/plugins/com.st.stm32cube.ide.mcu.externaltools.gnu-tools-for-stm32.10.3-2021.10.win32_1.0.100.202210260954/tools/bin/../lib/gcc/arm-none-eabi/10.3.1/../../../../arm-none-eabi/lib/thumb/v7e-m+fp/hard\libc_nano.a(lib_a-lock.o)
                0x00000000080074b6                __retarget_lock_init_recursive
 .text.__retarget_lock_acquire_recursive
                0x00000000080074b8        0x2 c:/st/stm32cubeide_1.11.0/stm32cubeide/plugins/com.st.stm32cube.ide.mcu.externaltools.gnu-tools-for-stm32.10.3-2021.10.win32_1.0.100.202210260954/tools/bin/../lib/gcc/arm-none-eabi/10.3.1/../../../../arm-none-eabi/lib/thumb/v7e-m+fp/hard\libc_nano.a(lib_a-lock.o)
                0x00000000080074b8                __retarget_lock_acquire_recursive
 .text.__retarget_lock_release_recursive
                0x00000000080074ba        0x2 c:/st/stm32cubeide_1.11.0/stm32cubeide/plugins/com.st.stm32cube.ide.mcu.externaltools.gnu-tools-for-stm32.10.3-2021.10.win32_1.0.100.202210260954/tools/bin/../lib/gcc/arm-none-eabi/10.3.1/../../../../arm-none-eabi/lib/thumb/v7e-m+fp/hard\libc_nano.a(lib_a-lock.o)
                0x00000000080074ba                __retarget_lock_release_recursive
 .text.__swhatbuf_r
                0x00000000080074bc       0x4a c:/st/stm32cubeide_1.11.0/stm32cubeide/plugins/com.st.stm32cube.ide.mcu.externaltools.gnu-tools-for-stm32.10.3-2021.10.win32_1.0.100.202210260954/tools/bin/../lib/gcc/arm-none-eabi/10.3.1/../../../../arm-none-eabi/lib/thumb/v7e-m+fp/hard\libc_nano.a(lib_a-makebuf.o)
                0x00000000080074bc                __swhatbuf_r
 *fill*         0x0000000008007506        0x2 
 .text.__smakebuf_r
                0x0000000008007508       0x80 c:/st/stm32cubeide_1.11.0/stm32cubeide/plugins/com.st.stm32cube.ide.mcu.externaltools.gnu-tools-for-stm32.10.3-2021.10.win32_1.0.100.202210260954/tools/bin/../lib/gcc/arm-none-eabi/10.3.1/../../../../arm-none-eabi/lib/thumb/v7e-m+fp/hard\libc_nano.a(lib_a-makebuf.o)
                0x0000000008007508                __smakebuf_r
 .text._free_r  0x0000000008007588       0x98 c:/st/stm32cubeide_1.11.0/stm32cubeide/plugins/com.st.stm32cube.ide.mcu.externaltools.gnu-tools-for-stm32.10.3-2021.10.win32_1.0.100.202210260954/tools/bin/../lib/gcc/arm-none-eabi/10.3.1/../../../../arm-none-eabi/lib/thumb/v7e-m+fp/hard\libc_nano.a(lib_a-nano-freer.o)
                0x0000000008007588                _free_r
 .text.sbrk_aligned
                0x0000000008007620       0x40 c:/st/stm32cubeide_1.11.0/stm32cubeide/plugins/com.st.stm32cube.ide.mcu.externaltools.gnu-tools-for-stm32.10.3-2021.10.win32_1.0.100.202210260954/tools/bin/../lib/gcc/arm-none-eabi/10.3.1/../../../../arm-none-eabi/lib/thumb/v7e-m+fp/hard\libc_nano.a(lib_a-nano-mallocr.o)
 .text._malloc_r
                0x0000000008007660       0xe8 c:/st/stm32cubeide_1.11.0/stm32cubeide/plugins/com.st.stm32cube.ide.mcu.externaltools.gnu-tools-for-stm32.10.3-2021.10.win32_1.0.100.202210260954/tools/bin/../lib/gcc/arm-none-eabi/10.3.1/../../../../arm-none-eabi/lib/thumb/v7e-m+fp/hard\libc_nano.a(lib_a-nano-mallocr.o)
                0x0000000008007660                _malloc_r
 .text.__ssputs_r
                0x0000000008007748       0xb6 c:/st/stm32cubeide_1.11.0/stm32cubeide/plugins/com.st.stm32cube.ide.mcu.externaltools.gnu-tools-for-stm32.10.3-2021.10.win32_1.0.100.202210260954/tools/bin/../lib/gcc/arm-none-eabi/10.3.1/../../../../arm-none-eabi/lib/thumb/v7e-m+fp/hard\libc_nano.a(lib_a-nano-svfprintf.o)
                0x0000000008007748                __ssputs_r
 *fill*         0x00000000080077fe        0x2 
 .text._svfprintf_r
                0x0000000008007800      0x200 c:/st/stm32cubeide_1.11.0/stm32cubeide/plugins/com.st.stm32cube.ide.mcu.externaltools.gnu-tools-for-stm32.10.3-2021.10.win32_1.0.100.202210260954/tools/bin/../lib/gcc/arm-none-eabi/10.3.1/../../../../arm-none-eabi/lib/thumb/v7e-m+fp/hard\libc_nano.a(lib_a-nano-svfprintf.o)
                0x0000000008007800                _svfiprintf_r
                0x0000000008007800                _svfprintf_r
 .text.__sfputc_r
                0x0000000008007a00       0x2e c:/st/stm32cubeide_1.11.0/stm32cubeide/plugins/com.st.stm32cube.ide.mcu.externaltools.gnu-tools-for-stm32.10.3-2021.10.win32_1.0.100.202210260954/tools/bin/../lib/gcc/arm-none-eabi/10.3.1/../../../../arm-none-eabi/lib/thumb/v7e-m+fp/hard\libc_nano.a(lib_a-nano-vfprintf.o)
 .text.__sfputs_r
                0x0000000008007a2e       0x24 c:/st/stm32cubeide_1.11.0/stm32cubeide/plugins/com.st.stm32cube.ide.mcu.externaltools.gnu-tools-for-stm32.10.3-2021.10.win32_1.0.100.202210260954/tools/bin/../lib/gcc/arm-none-eabi/10.3.1/../../../../arm-none-eabi/lib/thumb/v7e-m+fp/hard\libc_nano.a(lib_a-nano-vfprintf.o)
                0x0000000008007a2e                __sfputs_r
 *fill*         0x0000000008007a52        0x2 
 .text._vfprintf_r
                0x0000000008007a54      0x260 c:/st/stm32cubeide_1.11.0/stm32cubeide/plugins/com.st.stm32cube.ide.mcu.externaltools.gnu-tools-for-stm32.10.3-2021.10.win32_1.0.100.202210260954/tools/bin/../lib/gcc/arm-none-eabi/10.3.1/../../../../arm-none-eabi/lib/thumb/v7e-m+fp/hard\libc_nano.a(lib_a-nano-vfprintf.o)
                0x0000000008007a54                _vfprintf_r
                0x0000000008007a54                _vfiprintf_r
 .text._printf_common
                0x0000000008007cb4       0xda c:/st/stm32cubeide_1.11.0/stm32cubeide/plugins/com.st.stm32cube.ide.mcu.externaltools.gnu-tools-for-stm32.10.3-2021.10.win32_1.0.100.202210260954/tools/bin/../lib/gcc/arm-none-eabi/10.3.1/../../../../arm-none-eabi/lib/thumb/v7e-m+fp/hard\libc_nano.a(lib_a-nano-vfprintf_i.o)
                0x0000000008007cb4                _printf_common
 *fill*         0x0000000008007d8e        0x2 
 .text._printf_i
                0x0000000008007d90      0x24c c:/st/stm32cubeide_1.11.0/stm32cubeide/plugins/com.st.stm32cube.ide.mcu.externaltools.gnu-tools-for-stm32.10.3-2021.10.win32_1.0.100.202210260954/tools/bin/../lib/gcc/arm-none-eabi/10.3.1/../../../../arm-none-eabi/lib/thumb/v7e-m+fp/hard\libc_nano.a(lib_a-nano-vfprintf_i.o)
                0x0000000008007d90                _printf_i
 .text._sbrk_r  0x0000000008007fdc       0x20 c:/st/stm32cubeide_1.11.0/stm32cubeide/plugins/com.st.stm32cube.ide.mcu.externaltools.gnu-tools-for-stm32.10.3-2021.10.win32_1.0.100.202210260954/tools/bin/../lib/gcc/arm-none-eabi/10.3.1/../../../../arm-none-eabi/lib/thumb/v7e-m+fp/hard\libc_nano.a(lib_a-sbrkr.o)
                0x0000000008007fdc                _sbrk_r
 .text.__sread  0x0000000008007ffc       0x22 c:/st/stm32cubeide_1.11.0/stm32cubeide/plugins/com.st.stm32cube.ide.mcu.externaltools.gnu-tools-for-stm32.10.3-2021.10.win32_1.0.100.202210260954/tools/bin/../lib/gcc/arm-none-eabi/10.3.1/../../../../arm-none-eabi/lib/thumb/v7e-m+fp/hard\libc_nano.a(lib_a-stdio.o)
                0x0000000008007ffc                __sread
 .text.__swrite
                0x000000000800801e       0x38 c:/st/stm32cubeide_1.11.0/stm32cubeide/plugins/com.st.stm32cube.ide.mcu.externaltools.gnu-tools-for-stm32.10.3-2021.10.win32_1.0.100.202210260954/tools/bin/../lib/gcc/arm-none-eabi/10.3.1/../../../../arm-none-eabi/lib/thumb/v7e-m+fp/hard\libc_nano.a(lib_a-stdio.o)
                0x000000000800801e                __swrite
 .text.__sseek  0x0000000008008056       0x24 c:/st/stm32cubeide_1.11.0/stm32cubeide/plugins/com.st.stm32cube.ide.mcu.externaltools.gnu-tools-for-stm32.10.3-2021.10.win32_1.0.100.202210260954/tools/bin/../lib/gcc/arm-none-eabi/10.3.1/../../../../arm-none-eabi/lib/thumb/v7e-m+fp/hard\libc_nano.a(lib_a-stdio.o)
                0x0000000008008056                __sseek
 .text.__sclose
                0x000000000800807a        0x8 c:/st/stm32cubeide_1.11.0/stm32cubeide/plugins/com.st.stm32cube.ide.mcu.externaltools.gnu-tools-for-stm32.10.3-2021.10.win32_1.0.100.202210260954/tools/bin/../lib/gcc/arm-none-eabi/10.3.1/../../../../arm-none-eabi/lib/thumb/v7e-m+fp/hard\libc_nano.a(lib_a-stdio.o)
                0x000000000800807a                __sclose
 *fill*         0x0000000008008082        0x2 
 .text._write_r
                0x0000000008008084       0x24 c:/st/stm32cubeide_1.11.0/stm32cubeide/plugins/com.st.stm32cube.ide.mcu.externaltools.gnu-tools-for-stm32.10.3-2021.10.win32_1.0.100.202210260954/tools/bin/../lib/gcc/arm-none-eabi/10.3.1/../../../../arm-none-eabi/lib/thumb/v7e-m+fp/hard\libc_nano.a(lib_a-writer.o)
                0x0000000008008084                _write_r
 .text._close_r
                0x00000000080080a8       0x20 c:/st/stm32cubeide_1.11.0/stm32cubeide/plugins/com.st.stm32cube.ide.mcu.externaltools.gnu-tools-for-stm32.10.3-2021.10.win32_1.0.100.202210260954/tools/bin/../lib/gcc/arm-none-eabi/10.3.1/../../../../arm-none-eabi/lib/thumb/v7e-m+fp/hard\libc_nano.a(lib_a-closer.o)
                0x00000000080080a8                _close_r
 .text._fstat_r
                0x00000000080080c8       0x24 c:/st/stm32cubeide_1.11.0/stm32cubeide/plugins/com.st.stm32cube.ide.mcu.externaltools.gnu-tools-for-stm32.10.3-2021.10.win32_1.0.100.202210260954/tools/bin/../lib/gcc/arm-none-eabi/10.3.1/../../../../arm-none-eabi/lib/thumb/v7e-m+fp/hard\libc_nano.a(lib_a-fstatr.o)
                0x00000000080080c8                _fstat_r
 .text._isatty_r
                0x00000000080080ec       0x20 c:/st/stm32cubeide_1.11.0/stm32cubeide/plugins/com.st.stm32cube.ide.mcu.externaltools.gnu-tools-for-stm32.10.3-2021.10.win32_1.0.100.202210260954/tools/bin/../lib/gcc/arm-none-eabi/10.3.1/../../../../arm-none-eabi/lib/thumb/v7e-m+fp/hard\libc_nano.a(lib_a-isattyr.o)
                0x00000000080080ec                _isatty_r
 .text._lseek_r
                0x000000000800810c       0x24 c:/st/stm32cubeide_1.11.0/stm32cubeide/plugins/com.st.stm32cube.ide.mcu.externaltools.gnu-tools-for-stm32.10.3-2021.10.win32_1.0.100.202210260954/tools/bin/../lib/gcc/arm-none-eabi/10.3.1/../../../../arm-none-eabi/lib/thumb/v7e-m+fp/hard\libc_nano.a(lib_a-lseekr.o)
                0x000000000800810c                _lseek_r
 .text.memcpy   0x0000000008008130       0x1c c:/st/stm32cubeide_1.11.0/stm32cubeide/plugins/com.st.stm32cube.ide.mcu.externaltools.gnu-tools-for-stm32.10.3-2021.10.win32_1.0.100.202210260954/tools/bin/../lib/gcc/arm-none-eabi/10.3.1/../../../../arm-none-eabi/lib/thumb/v7e-m+fp/hard\libc_nano.a(lib_a-memcpy-stub.o)
                0x0000000008008130                memcpy
 .text.memmove  0x000000000800814c       0x34 c:/st/stm32cubeide_1.11.0/stm32cubeide/plugins/com.st.stm32cube.ide.mcu.externaltools.gnu-tools-for-stm32.10.3-2021.10.win32_1.0.100.202210260954/tools/bin/../lib/gcc/arm-none-eabi/10.3.1/../../../../arm-none-eabi/lib/thumb/v7e-m+fp/hard\libc_nano.a(lib_a-memmove.o)
                0x000000000800814c                memmove
 .text.__malloc_lock
                0x0000000008008180        0xc c:/st/stm32cubeide_1.11.0/stm32cubeide/plugins/com.st.stm32cube.ide.mcu.externaltools.gnu-tools-for-stm32.10.3-2021.10.win32_1.0.100.202210260954/tools/bin/../lib/gcc/arm-none-eabi/10.3.1/../../../../arm-none-eabi/lib/thumb/v7e-m+fp/hard\libc_nano.a(lib_a-mlock.o)
                0x0000000008008180                __malloc_lock
 .text.__malloc_unlock
                0x000000000800818c        0xc c:/st/stm32cubeide_1.11.0/stm32cubeide/plugins/com.st.stm32cube.ide.mcu.externaltools.gnu-tools-for-stm32.10.3-2021.10.win32_1.0.100.202210260954/tools/bin/../lib/gcc/arm-none-eabi/10.3.1/../../../../arm-none-eabi/lib/thumb/v7e-m+fp/hard\libc_nano.a(lib_a-mlock.o)
                0x000000000800818c                __malloc_unlock
 .text._realloc_r
                0x0000000008008198       0x5e c:/st/stm32cubeide_1.11.0/stm32cubeide/plugins/com.st.stm32cube.ide.mcu.externaltools.gnu-tools-for-stm32.10.3-2021.10.win32_1.0.100.202210260954/tools/bin/../lib/gcc/arm-none-eabi/10.3.1/../../../../arm-none-eabi/lib/thumb/v7e-m+fp/hard\libc_nano.a(lib_a-nano-reallocr.o)
                0x0000000008008198                _realloc_r
 *fill*         0x00000000080081f6        0x2 
 .text._read_r  0x00000000080081f8       0x24 c:/st/stm32cubeide_1.11.0/stm32cubeide/plugins/com.st.stm32cube.ide.mcu.externaltools.gnu-tools-for-stm32.10.3-2021.10.win32_1.0.100.202210260954/tools/bin/../lib/gcc/arm-none-eabi/10.3.1/../../../../arm-none-eabi/lib/thumb/v7e-m+fp/hard\libc_nano.a(lib_a-readr.o)
                0x00000000080081f8                _read_r
 .text._malloc_usable_size_r
                0x000000000800821c       0x10 c:/st/stm32cubeide_1.11.0/stm32cubeide/plugins/com.st.stm32cube.ide.mcu.externaltools.gnu-tools-for-stm32.10.3-2021.10.win32_1.0.100.202210260954/tools/bin/../lib/gcc/arm-none-eabi/10.3.1/../../../../arm-none-eabi/lib/thumb/v7e-m+fp/hard\libc_nano.a(lib_a-nano-msizer.o)
                0x000000000800821c                _malloc_usable_size_r
 *fill*         0x000000000800822c        0x4 
 .text.log      0x0000000008008230       0x7c c:/st/stm32cubeide_1.11.0/stm32cubeide/plugins/com.st.stm32cube.ide.mcu.externaltools.gnu-tools-for-stm32.10.3-2021.10.win32_1.0.100.202210260954/tools/bin/../lib/gcc/arm-none-eabi/10.3.1/../../../../arm-none-eabi/lib/thumb/v7e-m+fp/hard\libm.a(lib_a-w_log.o)
                0x0000000008008230                log
 *fill*         0x00000000080082ac        0x4 
 .text.__ieee754_log
                0x00000000080082b0      0x374 c:/st/stm32cubeide_1.11.0/stm32cubeide/plugins/com.st.stm32cube.ide.mcu.externaltools.gnu-tools-for-stm32.10.3-2021.10.win32_1.0.100.202210260954/tools/bin/../lib/gcc/arm-none-eabi/10.3.1/../../../../arm-none-eabi/lib/thumb/v7e-m+fp/hard\libm.a(lib_a-e_log.o)
                0x00000000080082b0                __ieee754_log
 *fill*         0x0000000008008624        0x4 
 .text.nan      0x0000000008008628       0x10 c:/st/stm32cubeide_1.11.0/stm32cubeide/plugins/com.st.stm32cube.ide.mcu.externaltools.gnu-tools-for-stm32.10.3-2021.10.win32_1.0.100.202210260954/tools/bin/../lib/gcc/arm-none-eabi/10.3.1/../../../../arm-none-eabi/lib/thumb/v7e-m+fp/hard\libm.a(lib_a-s_nan.o)
                0x0000000008008628                nan
 *(.glue_7)
 .glue_7        0x0000000008008638        0x0 linker stubs
 *(.glue_7t)
 .glue_7t       0x0000000008008638        0x0 linker stubs
 *(.eh_frame)
 .eh_frame      0x0000000008008638        0x0 c:/st/stm32cubeide_1.11.0/stm32cubeide/plugins/com.st.stm32cube.ide.mcu.externaltools.gnu-tools-for-stm32.10.3-2021.10.win32_1.0.100.202210260954/tools/bin/../lib/gcc/arm-none-eabi/10.3.1/thumb/v7e-m+fp/hard/crtbegin.o
 *(.init)
 .init          0x0000000008008638        0x4 c:/st/stm32cubeide_1.11.0/stm32cubeide/plugins/com.st.stm32cube.ide.mcu.externaltools.gnu-tools-for-stm32.10.3-2021.10.win32_1.0.100.202210260954/tools/bin/../lib/gcc/arm-none-eabi/10.3.1/thumb/v7e-m+fp/hard/crti.o
                0x0000000008008638                _init
 .init          0x000000000800863c        0x8 c:/st/stm32cubeide_1.11.0/stm32cubeide/plugins/com.st.stm32cube.ide.mcu.externaltools.gnu-tools-for-stm32.10.3-2021.10.win32_1.0.100.202210260954/tools/bin/../lib/gcc/arm-none-eabi/10.3.1/thumb/v7e-m+fp/hard/crtn.o
 *(.fini)
 .fini          0x0000000008008644        0x4 c:/st/stm32cubeide_1.11.0/stm32cubeide/plugins/com.st.stm32cube.ide.mcu.externaltools.gnu-tools-for-stm32.10.3-2021.10.win32_1.0.100.202210260954/tools/bin/../lib/gcc/arm-none-eabi/10.3.1/thumb/v7e-m+fp/hard/crti.o
                0x0000000008008644                _fini
 .fini          0x0000000008008648        0x8 c:/st/stm32cubeide_1.11.0/stm32cubeide/plugins/com.st.stm32cube.ide.mcu.externaltools.gnu-tools-for-stm32.10.3-2021.10.win32_1.0.100.202210260954/tools/bin/../lib/gcc/arm-none-eabi/10.3.1/thumb/v7e-m+fp/hard/crtn.o
                0x0000000008008650                . = ALIGN (0x4)
                0x0000000008008650                _etext = .

.vfp11_veneer   0x0000000008008650        0x0
 .vfp11_veneer  0x0000000008008650        0x0 linker stubs

.v4_bx          0x0000000008008650        0x0
 .v4_bx         0x0000000008008650        0x0 linker stubs

.iplt           0x0000000008008650        0x0
 .iplt          0x0000000008008650        0x0 c:/st/stm32cubeide_1.11.0/stm32cubeide/plugins/com.st.stm32cube.ide.mcu.externaltools.gnu-tools-for-stm32.10.3-2021.10.win32_1.0.100.202210260954/tools/bin/../lib/gcc/arm-none-eabi/10.3.1/thumb/v7e-m+fp/hard/crtbegin.o

.rodata         0x0000000008008650      0x1c0
                0x0000000008008650                . = ALIGN (0x4)
 *(.rodata)
 *(.rodata*)
 .rodata.MPU6050_Init.str1.1
                0x0000000008008650       0x4b ./Core/Src/MPU6050.o
 .rodata.main.str1.1
                0x000000000800869b       0x69 ./Core/Src/main.o
                                         0x6b (size before relaxing)
 .rodata.AHBPrescTable
                0x0000000008008704       0x10 ./Core/Src/system_stm32f4xx.o
                0x0000000008008704                AHBPrescTable
 .rodata.APBPrescTable
                0x0000000008008714        0x8 ./Core/Src/system_stm32f4xx.o
                0x0000000008008714                APBPrescTable
 .rodata.SD_Driver
                0x000000000800871c       0x14 ./FATFS/Target/sd_diskio.o
                0x000000000800871c                SD_Driver
 .rodata.USBD_FS_ManufacturerStrDescriptor.str1.1
                0x0000000008008730       0x13 ./USB_DEVICE/App/usbd_desc.o
 .rodata.USBD_FS_ProductStrDescriptor.str1.1
                0x0000000008008743       0x16 ./USB_DEVICE/App/usbd_desc.o
 .rodata.USBD_FS_ConfigStrDescriptor.str1.1
                0x0000000008008759        0xb ./USB_DEVICE/App/usbd_desc.o
 .rodata.USBD_FS_InterfaceStrDescriptor.str1.1
                0x0000000008008764        0xe ./USB_DEVICE/App/usbd_desc.o
 .rodata.CSWTCH.23
                0x0000000008008772        0x4 ./USB_DEVICE/Target/usbd_conf.o
 *fill*         0x0000000008008776        0x2 
 .rodata._global_impure_ptr
                0x0000000008008778        0x4 c:/st/stm32cubeide_1.11.0/stm32cubeide/plugins/com.st.stm32cube.ide.mcu.externaltools.gnu-tools-for-stm32.10.3-2021.10.win32_1.0.100.202210260954/tools/bin/../lib/gcc/arm-none-eabi/10.3.1/../../../../arm-none-eabi/lib/thumb/v7e-m+fp/hard\libc_nano.a(lib_a-impure.o)
                0x0000000008008778                _global_impure_ptr
 .rodata.__sf_fake_stderr
                0x000000000800877c       0x20 c:/st/stm32cubeide_1.11.0/stm32cubeide/plugins/com.st.stm32cube.ide.mcu.externaltools.gnu-tools-for-stm32.10.3-2021.10.win32_1.0.100.202210260954/tools/bin/../lib/gcc/arm-none-eabi/10.3.1/../../../../arm-none-eabi/lib/thumb/v7e-m+fp/hard\libc_nano.a(lib_a-findfp.o)
                0x000000000800877c                __sf_fake_stderr
 .rodata.__sf_fake_stdin
                0x000000000800879c       0x20 c:/st/stm32cubeide_1.11.0/stm32cubeide/plugins/com.st.stm32cube.ide.mcu.externaltools.gnu-tools-for-stm32.10.3-2021.10.win32_1.0.100.202210260954/tools/bin/../lib/gcc/arm-none-eabi/10.3.1/../../../../arm-none-eabi/lib/thumb/v7e-m+fp/hard\libc_nano.a(lib_a-findfp.o)
                0x000000000800879c                __sf_fake_stdin
 .rodata.__sf_fake_stdout
                0x00000000080087bc       0x20 c:/st/stm32cubeide_1.11.0/stm32cubeide/plugins/com.st.stm32cube.ide.mcu.externaltools.gnu-tools-for-stm32.10.3-2021.10.win32_1.0.100.202210260954/tools/bin/../lib/gcc/arm-none-eabi/10.3.1/../../../../arm-none-eabi/lib/thumb/v7e-m+fp/hard\libc_nano.a(lib_a-findfp.o)
                0x00000000080087bc                __sf_fake_stdout
 .rodata._svfprintf_r.str1.1