Archive member included to satisfy reference by file (symbol)

/opt/homebrew/Cellar/arm-none-eabi-gcc/10.3-2021.07/gcc/bin/../lib/gcc/arm-none-eabi/10.3.1/thumb/v6-m/nofp/libgcc.a(_dvmd_tls.o)
                              CMakeFiles/dotmatrix_bargraph.dir/Users/m1/Documents/C++/pico/pico-sdk/src/rp2_common/pico_divider/divider.S.obj (__aeabi_idiv0)
/opt/homebrew/Cellar/arm-none-eabi-gcc/10.3-2021.07/gcc/bin/../lib/gcc/arm-none-eabi/10.3.1/../../../../arm-none-eabi/lib/thumb/v6-m/nofp/libc.a(lib_a-calloc.o)
                              CMakeFiles/dotmatrix_bargraph.dir/Users/m1/Documents/C++/pico/pico-sdk/src/rp2_common/pico_malloc/pico_malloc.c.obj (calloc)
/opt/homebrew/Cellar/arm-none-eabi-gcc/10.3-2021.07/gcc/bin/../lib/gcc/arm-none-eabi/10.3.1/../../../../arm-none-eabi/lib/thumb/v6-m/nofp/libc.a(lib_a-callocr.o)
                              /opt/homebrew/Cellar/arm-none-eabi-gcc/10.3-2021.07/gcc/bin/../lib/gcc/arm-none-eabi/10.3.1/../../../../arm-none-eabi/lib/thumb/v6-m/nofp/libc.a(lib_a-calloc.o) (_calloc_r)
/opt/homebrew/Cellar/arm-none-eabi-gcc/10.3-2021.07/gcc/bin/../lib/gcc/arm-none-eabi/10.3.1/../../../../arm-none-eabi/lib/thumb/v6-m/nofp/libc.a(lib_a-errno.o)
                              /opt/homebrew/Cellar/arm-none-eabi-gcc/10.3-2021.07/gcc/bin/../lib/gcc/arm-none-eabi/10.3.1/../../../../arm-none-eabi/lib/thumb/v6-m/nofp/libc.a(lib_a-callocr.o) (__errno)
/opt/homebrew/Cellar/arm-none-eabi-gcc/10.3-2021.07/gcc/bin/../lib/gcc/arm-none-eabi/10.3.1/../../../../arm-none-eabi/lib/thumb/v6-m/nofp/libc.a(lib_a-impure.o)
                              /opt/homebrew/Cellar/arm-none-eabi-gcc/10.3-2021.07/gcc/bin/../lib/gcc/arm-none-eabi/10.3.1/../../../../arm-none-eabi/lib/thumb/v6-m/nofp/libc.a(lib_a-calloc.o) (_impure_ptr)
/opt/homebrew/Cellar/arm-none-eabi-gcc/10.3-2021.07/gcc/bin/../lib/gcc/arm-none-eabi/10.3.1/../../../../arm-none-eabi/lib/thumb/v6-m/nofp/libc.a(lib_a-init.o)
                              /opt/homebrew/Cellar/arm-none-eabi-gcc/10.3-2021.07/gcc/bin/../lib/gcc/arm-none-eabi/10.3.1/../../../../arm-none-eabi/lib/thumb/v6-m/nofp/crt0.o (__libc_init_array)
/opt/homebrew/Cellar/arm-none-eabi-gcc/10.3-2021.07/gcc/bin/../lib/gcc/arm-none-eabi/10.3.1/../../../../arm-none-eabi/lib/thumb/v6-m/nofp/libc.a(lib_a-malloc.o)
                              CMakeFiles/dotmatrix_bargraph.dir/Users/m1/Documents/C++/pico/pico-sdk/src/rp2_common/pico_malloc/pico_malloc.c.obj (malloc)
/opt/homebrew/Cellar/arm-none-eabi-gcc/10.3-2021.07/gcc/bin/../lib/gcc/arm-none-eabi/10.3.1/../../../../arm-none-eabi/lib/thumb/v6-m/nofp/libc.a(lib_a-mallocr.o)
                              /opt/homebrew/Cellar/arm-none-eabi-gcc/10.3-2021.07/gcc/bin/../lib/gcc/arm-none-eabi/10.3.1/../../../../arm-none-eabi/lib/thumb/v6-m/nofp/libc.a(lib_a-callocr.o) (_malloc_r)
/opt/homebrew/Cellar/arm-none-eabi-gcc/10.3-2021.07/gcc/bin/../lib/gcc/arm-none-eabi/10.3.1/../../../../arm-none-eabi/lib/thumb/v6-m/nofp/libc.a(lib_a-mlock.o)
                              /opt/homebrew/Cellar/arm-none-eabi-gcc/10.3-2021.07/gcc/bin/../lib/gcc/arm-none-eabi/10.3.1/../../../../arm-none-eabi/lib/thumb/v6-m/nofp/libc.a(lib_a-mallocr.o) (__malloc_lock)
/opt/homebrew/Cellar/arm-none-eabi-gcc/10.3-2021.07/gcc/bin/../lib/gcc/arm-none-eabi/10.3.1/../../../../arm-none-eabi/lib/thumb/v6-m/nofp/libc.a(lib_a-rand.o)
                              CMakeFiles/dotmatrix_bargraph.dir/bargraph.cpp.obj (rand)
/opt/homebrew/Cellar/arm-none-eabi-gcc/10.3-2021.07/gcc/bin/../lib/gcc/arm-none-eabi/10.3.1/../../../../arm-none-eabi/lib/thumb/v6-m/nofp/libc.a(lib_a-realloc.o)
                              CMakeFiles/dotmatrix_bargraph.dir/Users/m1/Documents/C++/pico/pico-sdk/src/rp2_common/pico_malloc/pico_malloc.c.obj (realloc)
/opt/homebrew/Cellar/arm-none-eabi-gcc/10.3-2021.07/gcc/bin/../lib/gcc/arm-none-eabi/10.3.1/../../../../arm-none-eabi/lib/thumb/v6-m/nofp/libc.a(lib_a-reallocr.o)
                              /opt/homebrew/Cellar/arm-none-eabi-gcc/10.3-2021.07/gcc/bin/../lib/gcc/arm-none-eabi/10.3.1/../../../../arm-none-eabi/lib/thumb/v6-m/nofp/libc.a(lib_a-realloc.o) (_realloc_r)
/opt/homebrew/Cellar/arm-none-eabi-gcc/10.3-2021.07/gcc/bin/../lib/gcc/arm-none-eabi/10.3.1/../../../../arm-none-eabi/lib/thumb/v6-m/nofp/libc.a(lib_a-sbrkr.o)
                              /opt/homebrew/Cellar/arm-none-eabi-gcc/10.3-2021.07/gcc/bin/../lib/gcc/arm-none-eabi/10.3.1/../../../../arm-none-eabi/lib/thumb/v6-m/nofp/libc.a(lib_a-mallocr.o) (_sbrk_r)
/opt/homebrew/Cellar/arm-none-eabi-gcc/10.3-2021.07/gcc/bin/../lib/gcc/arm-none-eabi/10.3.1/../../../../arm-none-eabi/lib/thumb/v6-m/nofp/libc.a(lib_a-strlen-stub.o)
                              CMakeFiles/dotmatrix_bargraph.dir/Users/m1/Documents/C++/pico/pico-sdk/src/rp2_common/pico_stdio/stdio.c.obj (strlen)
/opt/homebrew/Cellar/arm-none-eabi-gcc/10.3-2021.07/gcc/bin/../lib/gcc/arm-none-eabi/10.3.1/../../../../arm-none-eabi/lib/thumb/v6-m/nofp/libc.a(lib_a-freer.o)
[...]
Memory Configuration

Name             Origin             Length             Attributes
FLASH            0x0000000010000000 0x0000000000200000 xr
RAM              0x0000000020000000 0x0000000000040000 xrw
SCRATCH_X        0x0000000020040000 0x0000000000001000 xrw
SCRATCH_Y        0x0000000020041000 0x0000000000001000 xrw
*default*        0x0000000000000000 0xffffffffffffffff

Linker script and memory map

LOAD /opt/homebrew/Cellar/arm-none-eabi-gcc/10.3-2021.07/gcc/bin/../lib/gcc/arm-none-eabi/10.3.1/thumb/v6-m/nofp/crti.o
LOAD /opt/homebrew/Cellar/arm-none-eabi-gcc/10.3-2021.07/gcc/bin/../lib/gcc/arm-none-eabi/10.3.1/thumb/v6-m/nofp/crtbegin.o
LOAD /opt/homebrew/Cellar/arm-none-eabi-gcc/10.3-2021.07/gcc/bin/../lib/gcc/arm-none-eabi/10.3.1/../../../../arm-none-eabi/lib/thumb/v6-m/nofp/crt0.o

.flash_begin    0x0000000010000000        0x0
                0x0000000010000000                __flash_binary_start = .

.boot2          0x0000000010000000      0x100
                0x0000000010000000                __boot2_start__ = .
 *(.boot2)
 .boot2         0x0000000010000000      0x100 /var/folders/1n/89xdty2d7d9cc5nk8_nwq6340000gn/T//cc0XIc9p.o
                0x0000000010000100                __boot2_end__ = .
                0x0000000000000001                ASSERT (((__boot2_end__ - __boot2_start__) == 0x100), ERROR: Pico second stage bootloader must be 256 bytes in size)

.text           0x0000000010000100     0x30f8
                0x0000000010000100                __logical_binary_start = .
 *(.vectors)
 .vectors       0x0000000010000100       0xd4 CMakeFiles/dotmatrix_bargraph.dir/Users/m1/Documents/C++/pico/pico-sdk/src/rp2_common/pico_standard_link/crt0.S.obj
                0x0000000010000100                __VECTOR_TABLE
                0x0000000010000100                __vectors
                0x00000000100001c0                __default_isrs_start
                0x00000000100001c0                isr_invalid
                0x00000000100001c2                isr_nmi
                0x00000000100001c4                isr_hardfault
                0x00000000100001c6                isr_svcall
                0x00000000100001c8                isr_pendsv
                0x00000000100001ca                isr_systick
                0x00000000100001cc                isr_irq28
                0x00000000100001cc                isr_irq19
                0x00000000100001cc                isr_irq0
                0x00000000100001cc                isr_irq6
                0x00000000100001cc                isr_irq22
                0x00000000100001cc                isr_irq17
                0x00000000100001cc                isr_irq14
                0x00000000100001cc                isr_irq2
                0x00000000100001cc                isr_irq10
                0x00000000100001cc                isr_irq8
                0x00000000100001cc                isr_irq24
                0x00000000100001cc                isr_irq1
                0x00000000100001cc                isr_irq7
                0x00000000100001cc                isr_irq21
                0x00000000100001cc                isr_irq20
                0x00000000100001cc                isr_irq15
                0x00000000100001cc                isr_irq25
                0x00000000100001cc                isr_irq4
                0x00000000100001cc                isr_irq16
                0x00000000100001cc                isr_irq29
                0x00000000100001cc                isr_irq26
                0x00000000100001cc                __default_isrs_end
                0x00000000100001cc                isr_irq3
                0x00000000100001cc                isr_irq9
                0x00000000100001cc                __unhandled_user_irq
                0x00000000100001cc                isr_irq13
                0x00000000100001cc                isr_irq27
                0x00000000100001cc                isr_irq31
                0x00000000100001cc                isr_irq5
                0x00000000100001cc                isr_irq11
                0x00000000100001cc                isr_irq23
                0x00000000100001cc                isr_irq18
                0x00000000100001cc                isr_irq30
                0x00000000100001cc                isr_irq12
                0x00000000100001d2                unhandled_user_irq_num_in_r0
 *(.binary_info_header)
 .binary_info_header
                0x00000000100001d4       0x14 CMakeFiles/dotmatrix_bargraph.dir/Users/m1/Documents/C++/pico/pico-sdk/src/rp2_common/pico_standard_link/crt0.S.obj
                0x00000000100001e8                __binary_info_header_end = .
 *(.reset)
 .reset         0x00000000100001e8       0xa0 CMakeFiles/dotmatrix_bargraph.dir/Users/m1/Documents/C++/pico/pico-sdk/src/rp2_common/pico_standard_link/crt0.S.obj
                0x00000000100001e8                _entry_point
 .reset         0x0000000010000288       0x30 CMakeFiles/dotmatrix_bargraph.dir/Users/m1/Documents/C++/pico/pico-sdk/src/rp2_common/pico_standard_link/binary_info.c.obj
 *(.init)
 .init          0x00000000100002b8        0x4 /opt/homebrew/Cellar/arm-none-eabi-gcc/10.3-2021.07/gcc/bin/../lib/gcc/arm-none-eabi/10.3.1/thumb/v6-m/nofp/crti.o
                0x00000000100002b8                _init
 *(EXCLUDE_FILE(*libm.a: *libc.a:*lib_a-mem*.o *libgcc.a:) .text*)
 .text          0x00000000100002bc       0x48 /opt/homebrew/Cellar/arm-none-eabi-gcc/10.3-2021.07/gcc/bin/../lib/gcc/arm-none-eabi/10.3.1/thumb/v6-m/nofp/crtbegin.o
 .text.startup.main
                0x0000000010000304      0x12c CMakeFiles/dotmatrix_bargraph.dir/bargraph.cpp.obj
                0x0000000010000304                main
 .text.startup._GLOBAL__sub_I_i2c
                0x0000000010000430       0x4c CMakeFiles/dotmatrix_bargraph.dir/bargraph.cpp.obj
 .text.gpio_set_function
                0x000000001000047c       0x30 CMakeFiles/dotmatrix_bargraph.dir/Users/m1/Documents/C++/pico/pico-sdk/src/rp2_common/hardware_gpio/gpio.c.obj
                0x000000001000047c                gpio_set_function
 .text.gpio_get_function
                0x00000000100004ac       0x14 CMakeFiles/dotmatrix_bargraph.dir/Users/m1/Documents/C++/pico/pico-sdk/src/rp2_common/hardware_gpio/gpio.c.obj
                0x00000000100004ac                gpio_get_function
 .text.gpio_set_pulls
                0x00000000100004c0       0x30 CMakeFiles/dotmatrix_bargraph.dir/Users/m1/Documents/C++/pico/pico-sdk/src/rp2_common/hardware_gpio/gpio.c.obj
                0x00000000100004c0                gpio_set_pulls
 .text.gpio_init
                0x00000000100004f0       0x3c CMakeFiles/dotmatrix_bargraph.dir/Users/m1/Documents/C++/pico/pico-sdk/src/rp2_common/hardware_gpio/gpio.c.obj
                0x00000000100004f0                gpio_init
 .text.running_on_fpga
                0x000000001000052c       0x10 CMakeFiles/dotmatrix_bargraph.dir/Users/m1/Documents/C++/pico/pico-sdk/src/rp2_common/pico_platform/platform.c.obj
                0x000000001000052c                running_on_fpga
 .text.hw_claim_or_assert
                0x000000001000053c       0x44 CMakeFiles/dotmatrix_bargraph.dir/Users/m1/Documents/C++/pico/pico-sdk/src/rp2_common/hardware_claim/claim.c.obj
                0x000000001000053c                hw_claim_or_assert
 .text.spin_locks_reset
                0x0000000010000580       0x1c CMakeFiles/dotmatrix_bargraph.dir/Users/m1/Documents/C++/pico/pico-sdk/src/rp2_common/hardware_sync/sync.c.obj
                0x0000000010000580                spin_locks_reset
 .text.next_striped_spin_lock_num
                0x000000001000059c       0x18 CMakeFiles/dotmatrix_bargraph.dir/Users/m1/Documents/C++/pico/pico-sdk/src/rp2_common/hardware_sync/sync.c.obj
                0x000000001000059c                next_striped_spin_lock_num
 .text.irq_set_enabled
                0x00000000100005b4       0x24 CMakeFiles/dotmatrix_bargraph.dir/Users/m1/Documents/C++/pico/pico-sdk/src/rp2_common/hardware_irq/irq.c.obj
                0x00000000100005b4                irq_set_enabled
 .text.irq_get_vtable_handler
                0x00000000100005d8       0x10 CMakeFiles/dotmatrix_bargraph.dir/Users/m1/Documents/C++/pico/pico-sdk/src/rp2_common/hardware_irq/irq.c.obj
                0x00000000100005d8                irq_get_vtable_handler
 .text.irq_set_exclusive_handler
                0x00000000100005e8       0x54 CMakeFiles/dotmatrix_bargraph.dir/Users/m1/Documents/C++/pico/pico-sdk/src/rp2_common/hardware_irq/irq.c.obj
                0x00000000100005e8                irq_set_exclusive_handler
 .text.irq_remove_handler
                0x000000001000063c      0x1b0 CMakeFiles/dotmatrix_bargraph.dir/Users/m1/Documents/C++/pico/pico-sdk/src/rp2_common/hardware_irq/irq.c.obj
                0x000000001000063c                irq_remove_handler
 .text.irq_add_tail_to_free_list
                0x00000000100007ec       0xb4 CMakeFiles/dotmatrix_bargraph.dir/Users/m1/Documents/C++/pico/pico-sdk/src/rp2_common/hardware_irq/irq.c.obj
                0x00000000100007ec                irq_add_tail_to_free_list
 .text.irq_init_priorities
                0x00000000100008a0       0x24 CMakeFiles/dotmatrix_bargraph.dir/Users/m1/Documents/C++/pico/pico-sdk/src/rp2_common/hardware_irq/irq.c.obj
                0x00000000100008a0                irq_init_priorities
 .text.lock_init
                0x00000000100008c4       0x10 CMakeFiles/dotmatrix_bargraph.dir/Users/m1/Documents/C++/pico/pico-sdk/src/common/pico_sync/lock_core.c.obj
                0x00000000100008c4                lock_init
 .text.mutex_init
                0x00000000100008d4       0x1c CMakeFiles/dotmatrix_bargraph.dir/Users/m1/Documents/C++/pico/pico-sdk/src/common/pico_sync/mutex.c.obj
                0x00000000100008d4                mutex_init
 .text.recursive_mutex_init
                0x00000000100008f0       0x1c CMakeFiles/dotmatrix_bargraph.dir/Users/m1/Documents/C++/pico/pico-sdk/src/common/pico_sync/mutex.c.obj
                0x00000000100008f0                recursive_mutex_init
 .text.timer_pool_entry_comparator
                0x000000001000090c       0x34 CMakeFiles/dotmatrix_bargraph.dir/Users/m1/Documents/C++/pico/pico-sdk/src/common/pico_time/time.c.obj
                0x000000001000090c                timer_pool_entry_comparator
 .text.sleep_until_callback
                0x0000000010000940       0x30 CMakeFiles/dotmatrix_bargraph.dir/Users/m1/Documents/C++/pico/pico-sdk/src/common/pico_time/time.c.obj
 .text.add_alarm_under_lock.isra.0
                0x0000000010000970      0x100 CMakeFiles/dotmatrix_bargraph.dir/Users/m1/Documents/C++/pico/pico-sdk/src/common/pico_time/time.c.obj
 .text.alarm_pool_alarm_callback
                0x0000000010000a70      0x1bc CMakeFiles/dotmatrix_bargraph.dir/Users/m1/Documents/C++/pico/pico-sdk/src/common/pico_time/time.c.obj
 .text.alarm_pool_init_default
                0x0000000010000c2c       0x6c CMakeFiles/dotmatrix_bargraph.dir/Users/m1/Documents/C++/pico/pico-sdk/src/common/pico_time/time.c.obj
                0x0000000010000c2c                alarm_pool_init_default
 .text.alarm_pool_add_alarm_at
                0x0000000010000c98      0x178 CMakeFiles/dotmatrix_bargraph.dir/Users/m1/Documents/C++/pico/pico-sdk/src/common/pico_time/time.c.obj
                0x0000000010000c98                alarm_pool_add_alarm_at
 .text.sleep_until
                0x0000000010000e10       0xc4 CMakeFiles/dotmatrix_bargraph.dir/Users/m1/Documents/C++/pico/pico-sdk/src/common/pico_time/time.c.obj
                0x0000000010000e10                sleep_until
 .text.sleep_ms
                0x0000000010000ed4       0x34 CMakeFiles/dotmatrix_bargraph.dir/Users/m1/Documents/C++/pico/pico-sdk/src/common/pico_time/time.c.obj
                0x0000000010000ed4                sleep_ms
 .text.best_effort_wfe_or_timeout
                0x0000000010000f08       0xd4 CMakeFiles/dotmatrix_bargraph.dir/Users/m1/Documents/C++/pico/pico-sdk/src/common/pico_time/time.c.obj
                0x0000000010000f08                best_effort_wfe_or_timeout
 .text.hardware_alarm_irq_handler
                0x0000000010000fdc       0xbc CMakeFiles/dotmatrix_bargraph.dir/Users/m1/Documents/C++/pico/pico-sdk/src/rp2_common/hardware_timer/timer.c.obj
 .text.hardware_alarm_claim
                0x0000000010001098       0x18 CMakeFiles/dotmatrix_bargraph.dir/Users/m1/Documents/C++/pico/pico-sdk/src/rp2_common/hardware_timer/timer.c.obj
                0x0000000010001098                hardware_alarm_claim
 .text.time_us_64
                0x00000000100010b0       0x14 CMakeFiles/dotmatrix_bargraph.dir/Users/m1/Documents/C++/pico/pico-sdk/src/rp2_common/hardware_timer/timer.c.obj
                0x00000000100010b0                time_us_64
 .text.busy_wait_until
                0x00000000100010c4       0x20 CMakeFiles/dotmatrix_bargraph.dir/Users/m1/Documents/C++/pico/pico-sdk/src/rp2_common/hardware_timer/timer.c.obj
                0x00000000100010c4                busy_wait_until
 .text.hardware_alarm_set_callback
                0x00000000100010e4       0x8c CMakeFiles/dotmatrix_bargraph.dir/Users/m1/Documents/C++/pico/pico-sdk/src/rp2_common/hardware_timer/timer.c.obj
                0x00000000100010e4                hardware_alarm_set_callback
 .text.hardware_alarm_set_target
                0x0000000010001170       0xd4 CMakeFiles/dotmatrix_bargraph.dir/Users/m1/Documents/C++/pico/pico-sdk/src/rp2_common/hardware_timer/timer.c.obj
                0x0000000010001170                hardware_alarm_set_target
 .text.hardware_alarm_cancel
                0x0000000010001244       0x3c CMakeFiles/dotmatrix_bargraph.dir/Users/m1/Documents/C++/pico/pico-sdk/src/rp2_common/hardware_timer/timer.c.obj
                0x0000000010001244                hardware_alarm_cancel
 .text.ph_merge_nodes
                0x0000000010001280       0x68 CMakeFiles/dotmatrix_bargraph.dir/Users/m1/Documents/C++/pico/pico-sdk/src/common/pico_util/pheap.c.obj
 .text.ph_post_alloc_init
                0x00000000100012e8       0x3c CMakeFiles/dotmatrix_bargraph.dir/Users/m1/Documents/C++/pico/pico-sdk/src/common/pico_util/pheap.c.obj
                0x00000000100012e8                ph_post_alloc_init
 .text.ph_merge_two_pass
                0x0000000010001324       0x90 CMakeFiles/dotmatrix_bargraph.dir/Users/m1/Documents/C++/pico/pico-sdk/src/common/pico_util/pheap.c.obj
                0x0000000010001324                ph_merge_two_pass
 .text.ph_remove_any_head
                0x00000000100013b4      0x100 CMakeFiles/dotmatrix_bargraph.dir/Users/m1/Documents/C++/pico/pico-sdk/src/common/pico_util/pheap.c.obj
 .text.ph_remove_head
                0x00000000100014b4      0x104 CMakeFiles/dotmatrix_bargraph.dir/Users/m1/Documents/C++/pico/pico-sdk/src/common/pico_util/pheap.c.obj
                0x00000000100014b4                ph_remove_head
 .text.ph_remove_and_free_node
                0x00000000100015b8       0x7c CMakeFiles/dotmatrix_bargraph.dir/Users/m1/Documents/C++/pico/pico-sdk/src/common/pico_util/pheap.c.obj
                0x00000000100015b8                ph_remove_and_free_node
 .text.clocks_init
                0x0000000010001634      0x2d0 CMakeFiles/dotmatrix_bargraph.dir/Users/m1/Documents/C++/pico/pico-sdk/src/rp2_common/hardware_clocks/clocks.c.obj
                0x0000000010001634                clocks_init
 .text.clock_get_hz
                0x0000000010001904        0xc CMakeFiles/dotmatrix_bargraph.dir/Users/m1/Documents/C++/pico/pico-sdk/src/rp2_common/hardware_clocks/clocks.c.obj
                0x0000000010001904                clock_get_hz
 .text.pll_init
                0x0000000010001910       0xa0 CMakeFiles/dotmatrix_bargraph.dir/Users/m1/Documents/C++/pico/pico-sdk/src/rp2_common/hardware_pll/pll.c.obj
                0x0000000010001910                pll_init
 .text.watchdog_start_tick
                0x00000000100019b0       0x10 CMakeFiles/dotmatrix_bargraph.dir/Users/m1/Documents/C++/pico/pico-sdk/src/rp2_common/hardware_watchdog/watchdog.c.obj
                0x00000000100019b0                watchdog_start_tick
 .text.xosc_init
                0x00000000100019c0       0x28 CMakeFiles/dotmatrix_bargraph.dir/Users/m1/Documents/C++/pico/pico-sdk/src/rp2_common/hardware_xosc/xosc.c.obj
                0x00000000100019c0                xosc_init
 .text.runtime_init
                0x00000000100019e8       0xf0 CMakeFiles/dotmatrix_bargraph.dir/Users/m1/Documents/C++/pico/pico-sdk/src/rp2_common/pico_runtime/runtime.c.obj
                0x00000000100019e8                runtime_init
 .text._exit    0x0000000010001ad8        0x4 CMakeFiles/dotmatrix_bargraph.dir/Users/m1/Documents/C++/pico/pico-sdk/src/rp2_common/pico_runtime/runtime.c.obj
                0x0000000010001ad8                _exit
 .text.exit     0x0000000010001adc        0x8 CMakeFiles/dotmatrix_bargraph.dir/Users/m1/Documents/C++/pico/pico-sdk/src/rp2_common/pico_runtime/runtime.c.obj
                0x0000000010001adc                exit
 .text.panic    0x0000000010001ae4       0x30 CMakeFiles/dotmatrix_bargraph.dir/Users/m1/Documents/C++/pico/pico-sdk/src/rp2_common/pico_runtime/runtime.c.obj
                0x0000000010001ae4                panic
 .text.hard_assertion_failure
                0x0000000010001b14        0xc CMakeFiles/dotmatrix_bargraph.dir/Users/m1/Documents/C++/pico/pico-sdk/src/rp2_common/pico_runtime/runtime.c.obj
                0x0000000010001b14                hard_assertion_failure
 .text._out_char
                0x0000000010001b20       0x10 CMakeFiles/dotmatrix_bargraph.dir/Users/m1/Documents/C++/pico/pico-sdk/src/rp2_common/pico_printf/printf.c.obj
 .text.weak_raw_vprintf
                0x0000000010001b30       0x30 CMakeFiles/dotmatrix_bargraph.dir/Users/m1/Documents/C++/pico/pico-sdk/src/rp2_common/pico_printf/printf.c.obj
                0x0000000010001b30                weak_raw_vprintf
 .text          0x0000000010001b60       0x10 CMakeFiles/dotmatrix_bargraph.dir/Users/m1/Documents/C++/pico/pico-sdk/src/rp2_common/pico_bit_ops/bit_ops_aeabi.S.obj
 .text.rom_func_lookup
                0x0000000010001b70       0x10 CMakeFiles/dotmatrix_bargraph.dir/Users/m1/Documents/C++/pico/pico-sdk/src/rp2_common/pico_bootrom/bootrom.c.obj
                0x0000000010001b70                rom_func_lookup
 .text.rom_data_lookup
                0x0000000010001b80       0x10 CMakeFiles/dotmatrix_bargraph.dir/Users/m1/Documents/C++/pico/pico-sdk/src/rp2_common/pico_bootrom/bootrom.c.obj
                0x0000000010001b80                rom_data_lookup
 .text.rom_funcs_lookup
                0x0000000010001b90       0x44 CMakeFiles/dotmatrix_bargraph.dir/Users/m1/Documents/C++/pico/pico-sdk/src/rp2_common/pico_bootrom/bootrom.c.obj
                0x0000000010001b90                rom_funcs_lookup
 .text.__wrap___aeabi_idiv
                0x0000000010001bd4       0x50 CMakeFiles/dotmatrix_bargraph.dir/Users/m1/Documents/C++/pico/pico-sdk/src/rp2_common/pico_divider/divider.S.obj
                0x0000000010001bd4                __wrap___aeabi_idivmod
                0x0000000010001bd4                divmod_s32s32
                0x0000000010001bd4                div_s32s32
                0x0000000010001bd4                __wrap___aeabi_idiv
                0x0000000010001bdc                divmod_s32s32_unsafe
                0x0000000010001c08                divmod_s32s32_savestate
 .text.__wrap___aeabi_uidiv
                0x0000000010001c24       0x4c CMakeFiles/dotmatrix_bargraph.dir/Users/m1/Documents/C++/pico/pico-sdk/src/rp2_common/pico_divider/divider.S.obj
                0x0000000010001c24                __wrap___aeabi_uidiv
                0x0000000010001c24                __wrap___aeabi_uidivmod
                0x0000000010001c24                div_u32u32
                0x0000000010001c24                divmod_u32u32
                0x0000000010001c2c                divmod_u32u32_unsafe
                0x0000000010001c54                divmod_u32u32_savestate
 .text.__wrap___aeabi_ldiv
                0x0000000010001c70      0x424 CMakeFiles/dotmatrix_bargraph.dir/Users/m1/Documents/C++/pico/pico-sdk/src/rp2_common/pico_divider/divider.S.obj
                0x0000000010001c70                __wrap___aeabi_ldivmod
                0x0000000010001c70                div_s64s64
                0x0000000010001c70                divmod_s64s64
                0x0000000010001ca0                divmod_u64u64
                0x0000000010001ca0                div_u64u64
                0x0000000010001ca0                __wrap___aeabi_uldivmod
                0x0000000010001cb0                divmod_u64u64_savestate
                0x0000000010001cd0                divmod_s64s64_unsafe
                0x0000000010001d58                divmod_u64u64_unsafe
 .text.__wrap___aeabi_darithmetic
                0x0000000010002094       0x80 CMakeFiles/dotmatrix_bargraph.dir/Users/m1/Documents/C++/pico/pico-sdk/src/rp2_common/pico_double/double_aeabi.S.obj
                0x0000000010002094                __wrap___aeabi_drsub
                0x000000001000209a                __wrap___aeabi_dsub
                0x00000000100020ac                __wrap___aeabi_dadd
                0x00000000100020be                __wrap___aeabi_ddiv
                0x00000000100020fa                __wrap___aeabi_dmul
 .text.__wrap___aeabi_ul2d
                0x0000000010002114       0x18 CMakeFiles/dotmatrix_bargraph.dir/Users/m1/Documents/C++/pico/pico-sdk/src/rp2_common/pico_double/double_aeabi.S.obj
                0x0000000010002114                __wrap___aeabi_ul2d
 .text.__wrap___aeabi_d2f
                0x000000001000212c       0x18 CMakeFiles/dotmatrix_bargraph.dir/Users/m1/Documents/C++/pico/pico-sdk/src/rp2_common/pico_double/double_aeabi.S.obj
                0x000000001000212c                __wrap___aeabi_d2f
 .text.__aeabi_double_init
                0x0000000010002144       0x94 CMakeFiles/dotmatrix_bargraph.dir/Users/m1/Documents/C++/pico/pico-sdk/src/rp2_common/pico_double/double_init_rom.c.obj
                0x0000000010002144                __aeabi_double_init
 .text.double_table_shim_on_use_helper
                0x00000000100021d8       0x2c CMakeFiles/dotmatrix_bargraph.dir/Users/m1/Documents/C++/pico/pico-sdk/src/rp2_common/pico_double/double_v1_rom_shim.S.obj
                0x00000000100021d8                double_table_shim_on_use_helper
 .text.__wrap___aeabi_dsub
                0x0000000010002204       0x10 CMakeFiles/dotmatrix_bargraph.dir/Users/m1/Documents/C++/pico/pico-sdk/src/rp2_common/pico_double/double_v1_rom_shim.S.obj
                0x0000000010002204                drsub_shim
                0x000000001000220a                dsub_shim
 .text.dadd_shim
                0x0000000010002214      0x15c CMakeFiles/dotmatrix_bargraph.dir/Users/m1/Documents/C++/pico/pico-sdk/src/rp2_common/pico_double/double_v1_rom_shim.S.obj
                0x0000000010002214                dadd_shim
 .text.dmul_shim
                0x0000000010002370      0x15c CMakeFiles/dotmatrix_bargraph.dir/Users/m1/Documents/C++/pico/pico-sdk/src/rp2_common/pico_double/double_v1_rom_shim.S.obj
                0x0000000010002370                dmul_shim
 .text.ddiv_shim
                0x00000000100024cc      0x1b0 CMakeFiles/dotmatrix_bargraph.dir/Users/m1/Documents/C++/pico/pico-sdk/src/rp2_common/pico_double/double_v1_rom_shim.S.obj
                0x00000000100024cc                ddiv_shim
 .text.double2float_shim
                0x000000001000267c       0x5c CMakeFiles/dotmatrix_bargraph.dir/Users/m1/Documents/C++/pico/pico-sdk/src/rp2_common/pico_double/double_v1_rom_shim.S.obj
                0x000000001000267c                double2float_shim
 .text.x2double_shims
                0x00000000100026d8       0x90 CMakeFiles/dotmatrix_bargraph.dir/Users/m1/Documents/C++/pico/pico-sdk/src/rp2_common/pico_double/double_v1_rom_shim.S.obj
                0x00000000100026d8                uint2double_shim
                0x00000000100026da                ufix2double_shim
                0x00000000100026e0                int2double_shim
                0x00000000100026e2                fix2double_shim
                0x00000000100026e8                uint642double_shim
                0x00000000100026ea                ufix642double_shim
                0x00000000100026f0                int642double_shim
                0x00000000100026f2                fix642double_shim
 .text.__aeabi_lmul
                0x0000000010002768       0x32 CMakeFiles/dotmatrix_bargraph.dir/Users/m1/Documents/C++/pico/pico-sdk/src/rp2_common/pico_int64_ops/pico_int64_ops_aeabi.S.obj
                0x0000000010002768                __wrap___aeabi_lmul
 *fill*         0x000000001000279a        0x2 
 .text.__wrap___aeabi_farithmetic
                0x000000001000279c       0x48 CMakeFiles/dotmatrix_bargraph.dir/Users/m1/Documents/C++/pico/pico-sdk/src/rp2_common/pico_float/float_aeabi.S.obj
                0x000000001000279c                __wrap___aeabi_frsub
                0x00000000100027a2                __wrap___aeabi_fsub
                0x00000000100027a8                __wrap___aeabi_fadd
                0x00000000100027ae                __wrap___aeabi_fdiv
                0x00000000100027d6                __wrap___aeabi_fmul
 .text.__wrap___aeabi_cfcmple
                0x00000000100027e4       0x50 CMakeFiles/dotmatrix_bargraph.dir/Users/m1/Documents/C++/pico/pico-sdk/src/rp2_common/pico_float/float_aeabi.S.obj
                0x00000000100027e4                __wrap___aeabi_cfrcmple
                0x00000000100027f0                __wrap___aeabi_cfcmpeq
                0x00000000100027f0                __wrap___aeabi_cfcmple
 .text.__wrap___aeabi_fcmple
                0x0000000010002834       0x10 CMakeFiles/dotmatrix_bargraph.dir/Users/m1/Documents/C++/pico/pico-sdk/src/rp2_common/pico_float/float_aeabi.S.obj
                0x0000000010002834                __wrap___aeabi_fcmple
 .text.__wrap___aeabi_i2f
                0x0000000010002844       0x44 CMakeFiles/dotmatrix_bargraph.dir/Users/m1/Documents/C++/pico/pico-sdk/src/rp2_common/pico_float/float_aeabi.S.obj
                0x0000000010002844                __wrap___aeabi_i2f
 .text.fix2float
                0x0000000010002888        0xc CMakeFiles/dotmatrix_bargraph.dir/Users/m1/Documents/C++/pico/pico-sdk/src/rp2_common/pico_float/float_aeabi.S.obj
                0x0000000010002888                fix2float
 .text.__wrap_sinf
                0x0000000010002894       0x24 CMakeFiles/dotmatrix_bargraph.dir/Users/m1/Documents/C++/pico/pico-sdk/src/rp2_common/pico_float/float_aeabi.S.obj
                0x0000000010002894                __wrap_sinf
 .text.__aeabi_float_init
                0x00000000100028b8       0x64 CMakeFiles/dotmatrix_bargraph.dir/Users/m1/Documents/C++/pico/pico-sdk/src/rp2_common/pico_float/float_init_rom.c.obj
                0x00000000100028b8                __aeabi_float_init
 .text.__wrap_floorf
                0x000000001000291c       0x40 CMakeFiles/dotmatrix_bargraph.dir/Users/m1/Documents/C++/pico/pico-sdk/src/rp2_common/pico_float/float_math.c.obj
                0x000000001000291c                __wrap_floorf
 .text.__wrap_remquof
                0x000000001000295c      0x14c CMakeFiles/dotmatrix_bargraph.dir/Users/m1/Documents/C++/pico/pico-sdk/src/rp2_common/pico_float/float_math.c.obj
                0x000000001000295c                __wrap_remquof
 .text.__wrap_remainderf
                0x0000000010002aa8        0xc CMakeFiles/dotmatrix_bargraph.dir/Users/m1/Documents/C++/pico/pico-sdk/src/rp2_common/pico_float/float_math.c.obj
                0x0000000010002aa8                __wrap_remainderf
 .text.float_table_shim_on_use_helper
                0x0000000010002ab4       0x2c CMakeFiles/dotmatrix_bargraph.dir/Users/m1/Documents/C++/pico/pico-sdk/src/rp2_common/pico_float/float_v1_rom_shim.S.obj
                0x0000000010002ab4                float_table_shim_on_use_helper
 .text          0x0000000010002ae0       0x10 CMakeFiles/dotmatrix_bargraph.dir/Users/m1/Documents/C++/pico/pico-sdk/src/rp2_common/pico_mem_ops/mem_ops_aeabi.S.obj
                0x0000000010002ae0                __aeabi_mem_init
 .text.memset   0x0000000010002af0        0xc CMakeFiles/dotmatrix_bargraph.dir/Users/m1/Documents/C++/pico/pico-sdk/src/rp2_common/pico_mem_ops/mem_ops_aeabi.S.obj
                0x0000000010002af0                __wrap_memset
 .text.memcpy   0x0000000010002afc        0xc CMakeFiles/dotmatrix_bargraph.dir/Users/m1/Documents/C++/pico/pico-sdk/src/rp2_common/pico_mem_ops/mem_ops_aeabi.S.obj
                0x0000000010002afc                __wrap___aeabi_memcpy
                0x0000000010002afc                __wrap_memcpy
 .text.stdio_out_chars_no_crlf
                0x0000000010002b08       0x10 CMakeFiles/dotmatrix_bargraph.dir/Users/m1/Documents/C++/pico/pico-sdk/src/rp2_common/pico_stdio/stdio.c.obj
 .text.stdio_out_chars_crlf
                0x0000000010002b18       0xb4 CMakeFiles/dotmatrix_bargraph.dir/Users/m1/Documents/C++/pico/pico-sdk/src/rp2_common/pico_stdio/stdio.c.obj
 .text.stdio_put_string.isra.0
                0x0000000010002bcc       0xfc CMakeFiles/dotmatrix_bargraph.dir/Users/m1/Documents/C++/pico/pico-sdk/src/rp2_common/pico_stdio/stdio.c.obj
 .text.__wrap_putchar
                0x0000000010002cc8       0x98 CMakeFiles/dotmatrix_bargraph.dir/Users/m1/Documents/C++/pico/pico-sdk/src/rp2_common/pico_stdio/stdio.c.obj
                0x0000000010002cc8                __wrap_putchar
 .text.__wrap_puts
                0x0000000010002d60       0x3c CMakeFiles/dotmatrix_bargraph.dir/Users/m1/Documents/C++/pico/pico-sdk/src/rp2_common/pico_stdio/stdio.c.obj
                0x0000000010002d60                __wrap_puts
 .text._ZN8pimoroni6LTP3054initEv
                0x0000000010002d9c       0x24 CMakeFiles/dotmatrix_bargraph.dir/__/__/__/drivers/ltp305/ltp305.cpp.obj
                0x0000000010002d9c                pimoroni::LTP305::init()
 .text._ZN8pimoroni6LTP3059set_pixelEhhb
                0x0000000010002dc0       0x4c CMakeFiles/dotmatrix_bargraph.dir/__/__/__/drivers/ltp305/ltp305.cpp.obj
                0x0000000010002dc0                pimoroni::LTP305::set_pixel(unsigned char, unsigned char, bool)
 .text._ZN8pimoroni6LTP3054showEv
                0x0000000010002e0c       0x5c CMakeFiles/dotmatrix_bargraph.dir/__/__/__/drivers/ltp305/ltp305.cpp.obj
                0x0000000010002e0c                pimoroni::LTP305::show()
 .text.i2c_set_baudrate
                0x0000000010002e68       0xc4 CMakeFiles/dotmatrix_bargraph.dir/Users/m1/Documents/C++/pico/pico-sdk/src/rp2_common/hardware_i2c/i2c.c.obj
                0x0000000010002e68                i2c_set_baudrate
 .text.i2c_init
                0x0000000010002f2c       0x54 CMakeFiles/dotmatrix_bargraph.dir/Users/m1/Documents/C++/pico/pico-sdk/src/rp2_common/hardware_i2c/i2c.c.obj
                0x0000000010002f2c                i2c_init
 .text.i2c_write_blocking
                0x0000000010002f80       0xd0 CMakeFiles/dotmatrix_bargraph.dir/Users/m1/Documents/C++/pico/pico-sdk/src/rp2_common/hardware_i2c/i2c.c.obj
                0x0000000010002f80                i2c_write_blocking
 .text._ZN8pimoroni3I2C4initEv
                0x0000000010003050       0xa4 CMakeFiles/dotmatrix_bargraph.dir/__/__/__/common/pimoroni_i2c.cpp.obj
                0x0000000010003050                pimoroni::I2C::init()
 .text._ZN8pimoroni3I2C14write_blockingEhPKhjb
                0x00000000100030f4       0x14 CMakeFiles/dotmatrix_bargraph.dir/__/__/__/common/pimoroni_i2c.cpp.obj
                0x00000000100030f4                pimoroni::I2C::write_blocking(unsigned char, unsigned char const*, unsigned int, bool)
 .text._ZN8pimoroni3I2C15reg_write_uint8Ehhh
                0x0000000010003108       0x1c CMakeFiles/dotmatrix_bargraph.dir/__/__/__/common/pimoroni_i2c.cpp.obj
                0x0000000010003108                pimoroni::I2C::reg_write_uint8(unsigned char, unsigned char, unsigned char)
 .text.rand     0x0000000010003124       0x34 /opt/homebrew/Cellar/arm-none-eabi-gcc/10.3-2021.07/gcc/bin/../lib/gcc/arm-none-eabi/10.3.1/../../../../arm-none-eabi/lib/thumb/v6-m/nofp/libc.a(lib_a-rand.o)
                0x0000000010003124                rand
 .text.strlen   0x0000000010003158       0x5c /opt/homebrew/Cellar/arm-none-eabi-gcc/10.3-2021.07/gcc/bin/../lib/gcc/arm-none-eabi/10.3.1/../../../../arm-none-eabi/lib/thumb/v6-m/nofp/libc.a(lib_a-strlen-stub.o)
                0x0000000010003158                strlen
 *(.fini)
 .fini          0x00000000100031b4        0x4 /opt/homebrew/Cellar/arm-none-eabi-gcc/10.3-2021.07/gcc/bin/../lib/gcc/arm-none-eabi/10.3.1/thumb/v6-m/nofp/crti.o
                0x00000000100031b4                _fini
 .fini.__stub   0x00000000100031b8       0x40 linker stubs
 *crtbegin.o(.ctors)
 *crtbegin?.o(.ctors)
 *(EXCLUDE_FILE(*crtend.o *crtend?.o) .ctors)
 *(SORT_BY_NAME(.ctors.*))
 *(.ctors)
 *crtbegin.o(.dtors)
 *crtbegin?.o(.dtors)
 *(EXCLUDE_FILE(*crtend.o *crtend?.o) .dtors)
 *(SORT_BY_NAME(.dtors.*))
 *(.dtors)
 *(.eh_frame*)
 .eh_frame      0x00000000100031f8        0x0 /opt/homebrew/Cellar/arm-none-eabi-gcc/10.3-2021.07/gcc/bin/../lib/gcc/arm-none-eabi/10.3.1/thumb/v6-m/nofp/crtbegin.o
                0x00000000100031f8                . = ALIGN (0x4)

.glue_7         0x00000000100031f8        0x0
 .glue_7        0x00000000100031f8        0x0 linker stubs

.glue_7t        0x00000000100031f8        0x0
 .glue_7t       0x00000000100031f8        0x0 linker stubs

.vfp11_veneer   0x00000000100031f8        0x0
 .vfp11_veneer  0x00000000100031f8        0x0 linker stubs

.v4_bx          0x00000000100031f8        0x0
 .v4_bx         0x00000000100031f8        0x0 linker stubs

.iplt           0x00000000100031f8        0x0
 .iplt          0x00000000100031f8        0x0 /opt/homebrew/Cellar/arm-none-eabi-gcc/10.3-2021.07/gcc/bin/../lib/gcc/arm-none-eabi/10.3.1/thumb/v6-m/nofp/crtbegin.o

.rodata         0x00000000100031f8       0xb4
 *(EXCLUDE_FILE(*libm.a: *libc.a:*lib_a-mem*.o *libgcc.a:) .rodata*)
 .rodata.hardware_alarm_claim.str1.4
                0x00000000100031f8       0x22 CMakeFiles/dotmatrix_bargraph.dir/Users/m1/Documents/C++/pico/pico-sdk/src/rp2_common/hardware_timer/timer.c.obj
 *fill*         0x000000001000321a        0x2 
 .rodata.panic.str1.4
                0x000000001000321c       0x12 CMakeFiles/dotmatrix_bargraph.dir/Users/m1/Documents/C++/pico/pico-sdk/src/rp2_common/pico_runtime/runtime.c.obj
 *fill*         0x000000001000322e        0x2 
 .rodata.hard_assertion_failure.str1.4
                0x0000000010003230        0xc CMakeFiles/dotmatrix_bargraph.dir/Users/m1/Documents/C++/pico/pico-sdk/src/rp2_common/pico_runtime/runtime.c.obj
 .rodata.str1.4
                0x000000001000323c       0x48 CMakeFiles/dotmatrix_bargraph.dir/Users/m1/Documents/C++/pico/pico-sdk/src/rp2_common/pico_standard_link/binary_info.c.obj
 .rodata.__bi_44
                0x0000000010003284        0xc CMakeFiles/dotmatrix_bargraph.dir/Users/m1/Documents/C++/pico/pico-sdk/src/rp2_common/pico_standard_link/binary_info.c.obj
 .rodata.__bi_75
                0x0000000010003290        0xc CMakeFiles/dotmatrix_bargraph.dir/Users/m1/Documents/C++/pico/pico-sdk/src/rp2_common/pico_standard_link/binary_info.c.obj
 .rodata.__bi_81
                0x000000001000329c        0xc CMakeFiles/dotmatrix_bargraph.dir/Users/m1/Documents/C++/pico/pico-sdk/src/rp2_common/pico_standard_link/binary_info.c.obj
 .rodata.crlf_str.0
                0x00000000100032a8        0x2 CMakeFiles/dotmatrix_bargraph.dir/Users/m1/Documents/C++/pico/pico-sdk/src/rp2_common/pico_stdio/stdio.c.obj
                0x00000000100032ac                . = ALIGN (0x4)
 *fill*         0x00000000100032aa        0x2 
 *(SORT_BY_ALIGNMENT(SORT_BY_NAME(.flashdata*)))
                0x00000000100032ac                . = ALIGN (0x4)

.ARM.extab
 *(.ARM.extab* .gnu.linkonce.armextab.*)
                0x00000000100032ac                __exidx_start = .

.ARM.exidx
 *(.ARM.exidx* .gnu.linkonce.armexidx.*)
                0x00000000100032ac                __exidx_end = .
                0x00000000100032ac                . = ALIGN (0x4)
                0x00000000100032ac                __binary_info_start = .

.binary_info    0x00000000100032ac       0x1c
 *(.binary_info.keep.*)
 .binary_info.keep.__bi_ptr22
                0x00000000100032ac        0x4 CMakeFiles/dotmatrix_bargraph.dir/Users/m1/Documents/C++/pico/pico-sdk/src/rp2_common/pico_standard_link/binary_info.c.obj
 .binary_info.keep.__bi_ptr30
                0x00000000100032b0        0x4 CMakeFiles/dotmatrix_bargraph.dir/Users/m1/Documents/C++/pico/pico-sdk/src/rp2_common/pico_standard_link/binary_info.c.obj
 .binary_info.keep.__bi_ptr38
                0x00000000100032b4        0x4 CMakeFiles/dotmatrix_bargraph.dir/Users/m1/Documents/C++/pico/pico-sdk/src/rp2_common/pico_standard_link/binary_info.c.obj
 .binary_info.keep.__bi_ptr44
                0x00000000100032b8        0x4 CMakeFiles/dotmatrix_bargraph.dir/Users/m1/Documents/C++/pico/pico-sdk/src/rp2_common/pico_standard_link/binary_info.c.obj
 .binary_info.keep.__bi_ptr50
                0x00000000100032bc        0x4 CMakeFiles/dotmatrix_bargraph.dir/Users/m1/Documents/C++/pico/pico-sdk/src/rp2_common/pico_standard_link/binary_info.c.obj
 .binary_info.keep.__bi_ptr75
                0x00000000100032c0        0x4 CMakeFiles/dotmatrix_bargraph.dir/Users/m1/Documents/C++/pico/pico-sdk/src/rp2_common/pico_standard_link/binary_info.c.obj
 .binary_info.keep.__bi_ptr81
                0x00000000100032c4        0x4 CMakeFiles/dotmatrix_bargraph.dir/Users/m1/Documents/C++/pico/pico-sdk/src/rp2_common/pico_standard_link/binary_info.c.obj
 *(.binary_info.*)
                0x00000000100032c8                __binary_info_end = .

.rel.dyn        0x00000000100032c8        0x0
 .rel.iplt      0x00000000100032c8        0x0 /opt/homebrew/Cellar/arm-none-eabi-gcc/10.3-2021.07/gcc/bin/../lib/gcc/arm-none-eabi/10.3.1/thumb/v6-m/nofp/crtbegin.o
                0x00000000100032c8                . = ALIGN (0x4)

.ram_vector_table
                0x0000000020000000       0xc0
 *(.ram_vector_table)
 .ram_vector_table
                0x0000000020000000       0xc0 CMakeFiles/dotmatrix_bargraph.dir/Users/m1/Documents/C++/pico/pico-sdk/src/rp2_common/pico_runtime/runtime.c.obj
                0x0000000020000000                ram_vector_table

.data           0x00000000200000c0      0x5d0 load address 0x00000000100032c8
                0x00000000200000c0                __data_start__ = .
 *(vtable)
 *(.time_critical*)
 .time_critical.mutex_try_enter_block_until
                0x00000000200000c0       0x9c CMakeFiles/dotmatrix_bargraph.dir/Users/m1/Documents/C++/pico/pico-sdk/src/common/pico_sync/mutex.c.obj
                0x00000000200000c0                mutex_try_enter_block_until
 .time_critical.mutex_exit
                0x000000002000015c       0x28 CMakeFiles/dotmatrix_bargraph.dir/Users/m1/Documents/C++/pico/pico-sdk/src/common/pico_sync/mutex.c.obj
                0x000000002000015c                mutex_exit
 *(.text*)
 .text          0x0000000020000184        0x4 /opt/homebrew/Cellar/arm-none-eabi-gcc/10.3-2021.07/gcc/bin/../lib/gcc/arm-none-eabi/10.3.1/thumb/v6-m/nofp/libgcc.a(_dvmd_tls.o)
                0x0000000020000184                __aeabi_ldiv0
                0x0000000020000184                __aeabi_idiv0
 .text.__stub   0x0000000020000188       0x10 linker stubs
                0x0000000020000198                . = ALIGN (0x4)
 *(.rodata*)
                0x0000000020000198                . = ALIGN (0x4)
 *(.data*)
 .data.striped_spin_lock_num
                0x0000000020000198        0x1 CMakeFiles/dotmatrix_bargraph.dir/Users/m1/Documents/C++/pico/pico-sdk/src/rp2_common/hardware_sync/sync.c.obj
 *fill*         0x0000000020000199        0x3 
 .data          0x000000002000019c       0x48 CMakeFiles/dotmatrix_bargraph.dir/Users/m1/Documents/C++/pico/pico-sdk/src/rp2_common/hardware_irq/irq_handler_chain.S.obj
                0x000000002000019c                irq_handler_chain_slots
                0x00000000200001cc                irq_handler_chain_first_slot
                0x00000000200001d6                irq_handler_chain_remove_tail
 .data.default_alarm_pool
                0x00000000200001e4       0x18 CMakeFiles/dotmatrix_bargraph.dir/Users/m1/Documents/C++/pico/pico-sdk/src/common/pico_time/time.c.obj
 .data.default_alarm_pool_heap
                0x00000000200001fc       0x10 CMakeFiles/dotmatrix_bargraph.dir/Users/m1/Documents/C++/pico/pico-sdk/src/common/pico_time/time.c.obj
 *fill*         0x000000002000020c        0x4 
 .data.aeabi_bits_funcs
                0x0000000020000210       0x10 CMakeFiles/dotmatrix_bargraph.dir/Users/m1/Documents/C++/pico/pico-sdk/src/rp2_common/pico_bit_ops/bit_ops_aeabi.S.obj
                0x0000000020000210                aeabi_bits_funcs
                0x0000000020000220                aeabi_bits_funcs_end
 .data.aeabi_mem_funcs
                0x0000000020000220       0x10 CMakeFiles/dotmatrix_bargraph.dir/Users/m1/Documents/C++/pico/pico-sdk/src/rp2_common/pico_mem_ops/mem_ops_aeabi.S.obj
                0x0000000020000220                aeabi_mem_funcs
                0x0000000020000230                aeabi_mem_funcs_end
 .data.i2c0_inst
                0x0000000020000230        0x8 CMakeFiles/dotmatrix_bargraph.dir/Users/m1/Documents/C++/pico/pico-sdk/src/rp2_common/hardware_i2c/i2c.c.obj
                0x0000000020000230                i2c0_inst
 .data.i2c1_inst
                0x0000000020000238        0x8 CMakeFiles/dotmatrix_bargraph.dir/Users/m1/Documents/C++/pico/pico-sdk/src/rp2_common/hardware_i2c/i2c.c.obj
                0x0000000020000238                i2c1_inst
 .data._impure_ptr
                0x0000000020000240        0x4 /opt/homebrew/Cellar/arm-none-eabi-gcc/10.3-2021.07/gcc/bin/../lib/gcc/arm-none-eabi/10.3.1/../../../../arm-none-eabi/lib/thumb/v6-m/nofp/libc.a(lib_a-impure.o)
                0x0000000020000240                _impure_ptr
 *fill*         0x0000000020000244        0x4 
 .data.impure_data
                0x0000000020000248      0x428 /opt/homebrew/Cellar/arm-none-eabi-gcc/10.3-2021.07/gcc/bin/../lib/gcc/arm-none-eabi/10.3.1/../../../../arm-none-eabi/lib/thumb/v6-m/nofp/libc.a(lib_a-impure.o)
                0x0000000020000670                . = ALIGN (0x4)
 *(.after_data.*)
                0x0000000020000670                . = ALIGN (0x4)
                0x0000000020000670                PROVIDE (__mutex_array_start = .)
 *(SORT_BY_NAME(.mutex_array.*))
 *(.mutex_array)
 .mutex_array   0x0000000020000670        0x8 CMakeFiles/dotmatrix_bargraph.dir/Users/m1/Documents/C++/pico/pico-sdk/src/rp2_common/pico_stdio/stdio.c.obj
                0x0000000020000678                PROVIDE (__mutex_array_end = .)
                0x0000000020000678                . = ALIGN (0x4)
                0x0000000020000678                PROVIDE (__preinit_array_start = .)
 *(SORT_BY_NAME(.preinit_array.*))
 .preinit_array.00001
                0x0000000020000678        0x4 CMakeFiles/dotmatrix_bargraph.dir/Users/m1/Documents/C++/pico/pico-sdk/src/rp2_common/pico_mem_ops/mem_ops_aeabi.S.obj
 .preinit_array.00010
                0x000000002000067c        0x4 CMakeFiles/dotmatrix_bargraph.dir/Users/m1/Documents/C++/pico/pico-sdk/src/rp2_common/pico_bit_ops/bit_ops_aeabi.S.obj
 .preinit_array.00020
                0x0000000020000680        0x4 CMakeFiles/dotmatrix_bargraph.dir/Users/m1/Documents/C++/pico/pico-sdk/src/rp2_common/pico_double/double_aeabi.S.obj
 .preinit_array.00020
                0x0000000020000684        0x4 CMakeFiles/dotmatrix_bargraph.dir/Users/m1/Documents/C++/pico/pico-sdk/src/rp2_common/pico_float/float_aeabi.S.obj
 *(.preinit_array)
                0x0000000020000688                PROVIDE (__preinit_array_end = .)
                0x0000000020000688                . = ALIGN (0x4)
                0x0000000020000688                PROVIDE (__init_array_start = .)
 *(SORT_BY_NAME(.init_array.*))
 *(.init_array)
 .init_array    0x0000000020000688        0x4 /opt/homebrew/Cellar/arm-none-eabi-gcc/10.3-2021.07/gcc/bin/../lib/gcc/arm-none-eabi/10.3.1/thumb/v6-m/nofp/crtbegin.o
 .init_array    0x000000002000068c        0x4 CMakeFiles/dotmatrix_bargraph.dir/bargraph.cpp.obj
                0x0000000020000690                PROVIDE (__init_array_end = .)
                0x0000000020000690                . = ALIGN (0x4)
                [!provide]                        PROVIDE (__fini_array_start = .)
 *(SORT_BY_NAME(.fini_array.*))
 *(.fini_array)
                [!provide]                        PROVIDE (__fini_array_end = .)
 *(.jcr)
                0x0000000020000690                . = ALIGN (0x4)
                0x0000000020000690                __data_end__ = .
                0x00000000100032c8                __etext = LOADADDR (.data)

.igot.plt       0x0000000020000690        0x0 load address 0x0000000010003898
 .igot.plt      0x0000000020000690        0x0 /opt/homebrew/Cellar/arm-none-eabi-gcc/10.3-2021.07/gcc/bin/../lib/gcc/arm-none-eabi/10.3.1/thumb/v6-m/nofp/crtbegin.o

.uninitialized_data
                0x0000000020000690        0x0 load address 0x0000000010003898
                0x0000000020000690                . = ALIGN (0x4)
 *(.uninitialized_data*)

.scratch_x      0x0000000020040000        0x0 load address 0x0000000010003898
                0x0000000020040000                __scratch_x_start__ = .
 *(.scratch_x.*)
                0x0000000020040000                . = ALIGN (0x4)
                0x0000000020040000                __scratch_x_end__ = .
                0x0000000010003898                __scratch_x_source__ = LOADADDR (.scratch_x)

.scratch_y      0x0000000020041000        0x0 load address 0x0000000010003898
                0x0000000020041000                __scratch_y_start__ = .
 *(.scratch_y.*)
                0x0000000020041000                . = ALIGN (0x4)
                0x0000000020041000                __scratch_y_end__ = .
                0x0000000010003898                __scratch_y_source__ = LOADADDR (.scratch_y)

.bss            0x0000000020000690      0x400
                0x0000000020000690                . = ALIGN (0x4)
                0x0000000020000690                __bss_start__ = .
 *(SORT_BY_ALIGNMENT(SORT_BY_NAME(.bss*)))
 .bss.default_alarm_pool_entries
                0x0000000020000690      0x100 CMakeFiles/dotmatrix_bargraph.dir/Users/m1/Documents/C++/pico/pico-sdk/src/common/pico_time/time.c.obj
 .bss.sd_table  0x0000000020000790      0x100 CMakeFiles/dotmatrix_bargraph.dir/Users/m1/Documents/C++/pico/pico-sdk/src/rp2_common/pico_double/double_init_rom.c.obj
                0x0000000020000790                sd_table
 .bss.sf_table  0x0000000020000890      0x100 CMakeFiles/dotmatrix_bargraph.dir/Users/m1/Documents/C++/pico/pico-sdk/src/rp2_common/pico_float/float_init_rom.c.obj
                0x0000000020000890                sf_table
 .bss           0x0000000020000990       0x1c /opt/homebrew/Cellar/arm-none-eabi-gcc/10.3-2021.07/gcc/bin/../lib/gcc/arm-none-eabi/10.3.1/thumb/v6-m/nofp/crtbegin.o
 .bss.alarm_callbacks
                0x00000000200009ac       0x10 CMakeFiles/dotmatrix_bargraph.dir/Users/m1/Documents/C++/pico/pico-sdk/src/rp2_common/hardware_timer/timer.c.obj
 .bss.configured_freq
                0x00000000200009bc       0x28 CMakeFiles/dotmatrix_bargraph.dir/Users/m1/Documents/C++/pico/pico-sdk/src/rp2_common/hardware_clocks/clocks.c.obj
 .bss.default_alarm_pool_entry_ids_high
                0x00000000200009e4       0x10 CMakeFiles/dotmatrix_bargraph.dir/Users/m1/Documents/C++/pico/pico-sdk/src/common/pico_time/time.c.obj
 .bss.default_alarm_pool_heap_nodes
                0x00000000200009f4       0x30 CMakeFiles/dotmatrix_bargraph.dir/Users/m1/Documents/C++/pico/pico-sdk/src/common/pico_time/time.c.obj
 .bss.display   0x0000000020000a24       0x18 CMakeFiles/dotmatrix_bargraph.dir/bargraph.cpp.obj
                0x0000000020000a24                display
 .bss.drivers   0x0000000020000a3c        0x4 CMakeFiles/dotmatrix_bargraph.dir/Users/m1/Documents/C++/pico/pico-sdk/src/rp2_common/pico_stdio/stdio.c.obj
 .bss.filter    0x0000000020000a40        0x4 CMakeFiles/dotmatrix_bargraph.dir/Users/m1/Documents/C++/pico/pico-sdk/src/rp2_common/pico_stdio/stdio.c.obj
 .bss.i2c       0x0000000020000a44       0x14 CMakeFiles/dotmatrix_bargraph.dir/bargraph.cpp.obj
                0x0000000020000a44                i2c
 .bss.lazy_vsnprintf
                0x0000000020000a58        0x4 CMakeFiles/dotmatrix_bargraph.dir/Users/m1/Documents/C++/pico/pico-sdk/src/rp2_common/pico_printf/printf.c.obj
 .bss.pools     0x0000000020000a5c       0x10 CMakeFiles/dotmatrix_bargraph.dir/Users/m1/Documents/C++/pico/pico-sdk/src/common/pico_time/time.c.obj
 .bss.sf_clz_func
                0x0000000020000a6c        0x4 CMakeFiles/dotmatrix_bargraph.dir/Users/m1/Documents/C++/pico/pico-sdk/src/rp2_common/pico_double/double_init_rom.c.obj
                0x0000000020000a6c                sf_clz_func
 .bss.sleep_notifier
                0x0000000020000a70        0x4 CMakeFiles/dotmatrix_bargraph.dir/Users/m1/Documents/C++/pico/pico-sdk/src/common/pico_time/time.c.obj
 .bss.target_hi
                0x0000000020000a74       0x10 CMakeFiles/dotmatrix_bargraph.dir/Users/m1/Documents/C++/pico/pico-sdk/src/rp2_common/hardware_timer/timer.c.obj
 .bss.values    0x0000000020000a84        0x5 CMakeFiles/dotmatrix_bargraph.dir/bargraph.cpp.obj
                0x0000000020000a84                values
 .bss.claimed   0x0000000020000a89        0x1 CMakeFiles/dotmatrix_bargraph.dir/Users/m1/Documents/C++/pico/pico-sdk/src/rp2_common/hardware_timer/timer.c.obj
 .bss.irq_hander_chain_free_slot_head
                0x0000000020000a8a        0x1 CMakeFiles/dotmatrix_bargraph.dir/Users/m1/Documents/C++/pico/pico-sdk/src/rp2_common/hardware_irq/irq.c.obj
 .bss.next_value
                0x0000000020000a8b        0x1 CMakeFiles/dotmatrix_bargraph.dir/bargraph.cpp.obj
                0x0000000020000a8b                next_value
 .bss.timer_callbacks_pending
                0x0000000020000a8c        0x1 CMakeFiles/dotmatrix_bargraph.dir/Users/m1/Documents/C++/pico/pico-sdk/src/rp2_common/hardware_timer/timer.c.obj
 *(COMMON)
                0x0000000020000a90                . = ALIGN (0x4)
 *fill*         0x0000000020000a8d        0x3 
                0x0000000020000a90                __bss_end__ = .

.heap           0x0000000020000a90      0x800
                0x0000000020000a90                __end__ = .
                0x0000000020000a90                end = __end__
 *(.heap*)
 .heap          0x0000000020000a90      0x800 CMakeFiles/dotmatrix_bargraph.dir/Users/m1/Documents/C++/pico/pico-sdk/src/rp2_common/pico_standard_link/crt0.S.obj
                0x0000000020001290                __HeapLimit = .

.stack1_dummy   0x0000000020040000        0x0
 *(.stack1*)

.stack_dummy    0x0000000020041000      0x800
 *(.stack*)
 .stack         0x0000000020041000      0x800 CMakeFiles/dotmatrix_bargraph.dir/Users/m1/Documents/C++/pico/pico-sdk/src/rp2_common/pico_standard_link/crt0.S.obj

.flash_end      0x0000000010003898        0x0
                0x0000000010003898                PROVIDE (__flash_binary_end = .)
                0x0000000020040000                __StackLimit = (ORIGIN (RAM) + LENGTH (RAM))
                0x0000000020041000                __StackOneTop = (ORIGIN (SCRATCH_X) + LENGTH (SCRATCH_X))
                0x0000000020042000                __StackTop = (ORIGIN (SCRATCH_Y) + LENGTH (SCRATCH_Y))
                0x0000000020041000                __StackOneBottom = (__StackOneTop - SIZEOF (.stack1_dummy))
                0x0000000020041800                __StackBottom = (__StackTop - SIZEOF (.stack_dummy))
                0x0000000020042000                PROVIDE (__stack = __StackTop)
                0x0000000000000001                ASSERT ((__StackLimit >= __HeapLimit), region RAM overflowed)
                0x0000000000000001                ASSERT (((__binary_info_header_end - __logical_binary_start) <= 0x100), Binary info must be in first 256 bytes of the binary)
LOAD CMakeFiles/dotmatrix_bargraph.dir/bargraph.cpp.obj
LOAD CMakeFiles/dotmatrix_bargraph.dir/Users/m1/Documents/C++/pico/pico-sdk/src/rp2_common/pico_stdlib/stdlib.c.obj
LOAD CMakeFiles/dotmatrix_bargraph.dir/Users/m1/Documents/C++/pico/pico-sdk/src/rp2_common/hardware_gpio/gpio.c.obj
LOAD CMakeFiles/dotmatrix_bargraph.dir/Users/m1/Documents/C++/pico/pico-sdk/src/rp2_common/pico_platform/platform.c.obj
LOAD CMakeFiles/dotmatrix_bargraph.dir/Users/m1/Documents/C++/pico/pico-sdk/src/rp2_common/hardware_claim/claim.c.obj
LOAD CMakeFiles/dotmatrix_bargraph.dir/Users/m1/Documents/C++/pico/pico-sdk/src/rp2_common/hardware_sync/sync.c.obj
LOAD CMakeFiles/dotmatrix_bargraph.dir/Users/m1/Documents/C++/pico/pico-sdk/src/rp2_common/hardware_irq/irq.c.obj
LOAD CMakeFiles/dotmatrix_bargraph.dir/Users/m1/Documents/C++/pico/pico-sdk/src/rp2_common/hardware_irq/irq_handler_chain.S.obj
LOAD CMakeFiles/dotmatrix_bargraph.dir/Users/m1/Documents/C++/pico/pico-sdk/src/common/pico_sync/sem.c.obj
LOAD CMakeFiles/dotmatrix_bargraph.dir/Users/m1/Documents/C++/pico/pico-sdk/src/common/pico_sync/lock_core.c.obj
LOAD CMakeFiles/dotmatrix_bargraph.dir/Users/m1/Documents/C++/pico/pico-sdk/src/common/pico_sync/mutex.c.obj
LOAD CMakeFiles/dotmatrix_bargraph.dir/Users/m1/Documents/C++/pico/pico-sdk/src/common/pico_sync/critical_section.c.obj
LOAD CMakeFiles/dotmatrix_bargraph.dir/Users/m1/Documents/C++/pico/pico-sdk/src/common/pico_time/time.c.obj
LOAD CMakeFiles/dotmatrix_bargraph.dir/Users/m1/Documents/C++/pico/pico-sdk/src/common/pico_time/timeout_helper.c.obj
LOAD CMakeFiles/dotmatrix_bargraph.dir/Users/m1/Documents/C++/pico/pico-sdk/src/rp2_common/hardware_timer/timer.c.obj
LOAD CMakeFiles/dotmatrix_bargraph.dir/Users/m1/Documents/C++/pico/pico-sdk/src/common/pico_util/datetime.c.obj
LOAD CMakeFiles/dotmatrix_bargraph.dir/Users/m1/Documents/C++/pico/pico-sdk/src/common/pico_util/pheap.c.obj
LOAD CMakeFiles/dotmatrix_bargraph.dir/Users/m1/Documents/C++/pico/pico-sdk/src/common/pico_util/queue.c.obj
LOAD CMakeFiles/dotmatrix_bargraph.dir/Users/m1/Documents/C++/pico/pico-sdk/src/rp2_common/hardware_uart/uart.c.obj
LOAD CMakeFiles/dotmatrix_bargraph.dir/Users/m1/Documents/C++/pico/pico-sdk/src/rp2_common/hardware_clocks/clocks.c.obj
LOAD CMakeFiles/dotmatrix_bargraph.dir/Users/m1/Documents/C++/pico/pico-sdk/src/rp2_common/hardware_pll/pll.c.obj
LOAD CMakeFiles/dotmatrix_bargraph.dir/Users/m1/Documents/C++/pico/pico-sdk/src/rp2_common/hardware_vreg/vreg.c.obj
LOAD CMakeFiles/dotmatrix_bargraph.dir/Users/m1/Documents/C++/pico/pico-sdk/src/rp2_common/hardware_watchdog/watchdog.c.obj
LOAD CMakeFiles/dotmatrix_bargraph.dir/Users/m1/Documents/C++/pico/pico-sdk/src/rp2_common/hardware_xosc/xosc.c.obj
LOAD CMakeFiles/dotmatrix_bargraph.dir/Users/m1/Documents/C++/pico/pico-sdk/src/rp2_common/hardware_divider/divider.S.obj
LOAD CMakeFiles/dotmatrix_bargraph.dir/Users/m1/Documents/C++/pico/pico-sdk/src/rp2_common/pico_runtime/runtime.c.obj
LOAD CMakeFiles/dotmatrix_bargraph.dir/Users/m1/Documents/C++/pico/pico-sdk/src/rp2_common/pico_printf/printf.c.obj
LOAD CMakeFiles/dotmatrix_bargraph.dir/Users/m1/Documents/C++/pico/pico-sdk/src/rp2_common/pico_bit_ops/bit_ops_aeabi.S.obj
LOAD CMakeFiles/dotmatrix_bargraph.dir/Users/m1/Documents/C++/pico/pico-sdk/src/rp2_common/pico_bootrom/bootrom.c.obj
LOAD CMakeFiles/dotmatrix_bargraph.dir/Users/m1/Documents/C++/pico/pico-sdk/src/rp2_common/pico_divider/divider.S.obj
LOAD CMakeFiles/dotmatrix_bargraph.dir/Users/m1/Documents/C++/pico/pico-sdk/src/rp2_common/pico_double/double_aeabi.S.obj
LOAD CMakeFiles/dotmatrix_bargraph.dir/Users/m1/Documents/C++/pico/pico-sdk/src/rp2_common/pico_double/double_init_rom.c.obj
LOAD CMakeFiles/dotmatrix_bargraph.dir/Users/m1/Documents/C++/pico/pico-sdk/src/rp2_common/pico_double/double_math.c.obj
LOAD CMakeFiles/dotmatrix_bargraph.dir/Users/m1/Documents/C++/pico/pico-sdk/src/rp2_common/pico_double/double_v1_rom_shim.S.obj
LOAD CMakeFiles/dotmatrix_bargraph.dir/Users/m1/Documents/C++/pico/pico-sdk/src/rp2_common/pico_int64_ops/pico_int64_ops_aeabi.S.obj
LOAD CMakeFiles/dotmatrix_bargraph.dir/Users/m1/Documents/C++/pico/pico-sdk/src/rp2_common/pico_float/float_aeabi.S.obj
LOAD CMakeFiles/dotmatrix_bargraph.dir/Users/m1/Documents/C++/pico/pico-sdk/src/rp2_common/pico_float/float_init_rom.c.obj
LOAD CMakeFiles/dotmatrix_bargraph.dir/Users/m1/Documents/C++/pico/pico-sdk/src/rp2_common/pico_float/float_math.c.obj
LOAD CMakeFiles/dotmatrix_bargraph.dir/Users/m1/Documents/C++/pico/pico-sdk/src/rp2_common/pico_float/float_v1_rom_shim.S.obj
LOAD CMakeFiles/dotmatrix_bargraph.dir/Users/m1/Documents/C++/pico/pico-sdk/src/rp2_common/pico_malloc/pico_malloc.c.obj
LOAD CMakeFiles/dotmatrix_bargraph.dir/Users/m1/Documents/C++/pico/pico-sdk/src/rp2_common/pico_mem_ops/mem_ops_aeabi.S.obj
LOAD CMakeFiles/dotmatrix_bargraph.dir/Users/m1/Documents/C++/pico/pico-sdk/src/rp2_common/pico_standard_link/crt0.S.obj
LOAD CMakeFiles/dotmatrix_bargraph.dir/Users/m1/Documents/C++/pico/pico-sdk/src/rp2_common/pico_standard_link/new_delete.cpp.obj
LOAD CMakeFiles/dotmatrix_bargraph.dir/Users/m1/Documents/C++/pico/pico-sdk/src/rp2_common/pico_standard_link/binary_info.c.obj
LOAD CMakeFiles/dotmatrix_bargraph.dir/Users/m1/Documents/C++/pico/pico-sdk/src/rp2_common/pico_stdio/stdio.c.obj
LOAD CMakeFiles/dotmatrix_bargraph.dir/Users/m1/Documents/C++/pico/pico-sdk/src/rp2_common/pico_stdio_uart/stdio_uart.c.obj
LOAD CMakeFiles/dotmatrix_bargraph.dir/__/__/__/libraries/breakout_dotmatrix/breakout_dotmatrix.cpp.obj
LOAD CMakeFiles/dotmatrix_bargraph.dir/__/__/__/drivers/ltp305/ltp305.cpp.obj
LOAD CMakeFiles/dotmatrix_bargraph.dir/Users/m1/Documents/C++/pico/pico-sdk/src/rp2_common/hardware_i2c/i2c.c.obj
LOAD CMakeFiles/dotmatrix_bargraph.dir/__/__/__/common/pimoroni_i2c.cpp.obj
LOAD /var/folders/1n/89xdty2d7d9cc5nk8_nwq6340000gn/T//cc0XIc9p.o
LOAD /opt/homebrew/Cellar/arm-none-eabi-gcc/10.3-2021.07/gcc/bin/../lib/gcc/arm-none-eabi/10.3.1/../../../../arm-none-eabi/lib/thumb/v6-m/nofp/libstdc++.a
LOAD /opt/homebrew/Cellar/arm-none-eabi-gcc/10.3-2021.07/gcc/bin/../lib/gcc/arm-none-eabi/10.3.1/../../../../arm-none-eabi/lib/thumb/v6-m/nofp/libm.a
START GROUP
LOAD /opt/homebrew/Cellar/arm-none-eabi-gcc/10.3-2021.07/gcc/bin/../lib/gcc/arm-none-eabi/10.3.1/thumb/v6-m/nofp/libgcc.a
LOAD /opt/homebrew/Cellar/arm-none-eabi-gcc/10.3-2021.07/gcc/bin/../lib/gcc/arm-none-eabi/10.3.1/../../../../arm-none-eabi/lib/thumb/v6-m/nofp/libc.a
END GROUP
START GROUP
LOAD /opt/homebrew/Cellar/arm-none-eabi-gcc/10.3-2021.07/gcc/bin/../lib/gcc/arm-none-eabi/10.3.1/thumb/v6-m/nofp/libgcc.a
LOAD /opt/homebrew/Cellar/arm-none-eabi-gcc/10.3-2021.07/gcc/bin/../lib/gcc/arm-none-eabi/10.3.1/../../../../arm-none-eabi/lib/thumb/v6-m/nofp/libc.a
LOAD /opt/homebrew/Cellar/arm-none-eabi-gcc/10.3-2021.07/gcc/bin/../lib/gcc/arm-none-eabi/10.3.1/../../../../arm-none-eabi/lib/thumb/v6-m/nofp/libnosys.a
END GROUP
LOAD /opt/homebrew/Cellar/arm-none-eabi-gcc/10.3-2021.07/gcc/bin/../lib/gcc/arm-none-eabi/10.3.1/thumb/v6-m/nofp/crtend.o
LOAD /opt/homebrew/Cellar/arm-none-eabi-gcc/10.3-2021.07/gcc/bin/../lib/gcc/arm-none-eabi/10.3.1/thumb/v6-m/nofp/crtn.o
OUTPUT(dotmatrix_bargraph.elf elf32-littlearm)
LOAD linker stubs

.ARM.attributes
                0x0000000000000000       0x28
 .ARM.attributes
                0x0000000000000000       0x1e /opt/homebrew/Cellar/arm-none-eabi-gcc/10.3-2021.07/gcc/bin/../lib/gcc/arm-none-eabi/10.3.1/thumb/v6-m/nofp/crti.o
 .ARM.attributes
                0x000000000000001e       0x2c /opt/homebrew/Cellar/arm-none-eabi-gcc/10.3-2021.07/gcc/bin/../lib/gcc/arm-none-eabi/10.3.1/thumb/v6-m/nofp/crtbegin.o
 .ARM.attributes
                0x000000000000004a       0x2c CMakeFiles/dotmatrix_bargraph.dir/bargraph.cpp.obj
 .ARM.attributes
                0x0000000000000076       0x2c CMakeFiles/dotmatrix_bargraph.dir/Users/m1/Documents/C++/pico/pico-sdk/src/rp2_common/hardware_gpio/gpio.c.obj
 .ARM.attributes
                0x00000000000000a2       0x2c CMakeFiles/dotmatrix_bargraph.dir/Users/m1/Documents/C++/pico/pico-sdk/src/rp2_common/pico_platform/platform.c.obj
 .ARM.attributes
                0x00000000000000ce       0x2c CMakeFiles/dotmatrix_bargraph.dir/Users/m1/Documents/C++/pico/pico-sdk/src/rp2_common/hardware_claim/claim.c.obj
 .ARM.attributes
                0x00000000000000fa       0x2c CMakeFiles/dotmatrix_bargraph.dir/Users/m1/Documents/C++/pico/pico-sdk/src/rp2_common/hardware_sync/sync.c.obj
 .ARM.attributes
                0x0000000000000126       0x2c CMakeFiles/dotmatrix_bargraph.dir/Users/m1/Documents/C++/pico/pico-sdk/src/rp2_common/hardware_irq/irq.c.obj
 .ARM.attributes
                0x0000000000000152       0x22 CMakeFiles/dotmatrix_bargraph.dir/Users/m1/Documents/C++/pico/pico-sdk/src/rp2_common/hardware_irq/irq_handler_chain.S.obj
 .ARM.attributes
                0x0000000000000174       0x2c CMakeFiles/dotmatrix_bargraph.dir/Users/m1/Documents/C++/pico/pico-sdk/src/common/pico_sync/lock_core.c.obj
 .ARM.attributes
                0x00000000000001a0       0x2c CMakeFiles/dotmatrix_bargraph.dir/Users/m1/Documents/C++/pico/pico-sdk/src/common/pico_sync/mutex.c.obj
 .ARM.attributes
                0x00000000000001cc       0x2c CMakeFiles/dotmatrix_bargraph.dir/Users/m1/Documents/C++/pico/pico-sdk/src/common/pico_time/time.c.obj
 .ARM.attributes
                0x00000000000001f8       0x2c CMakeFiles/dotmatrix_bargraph.dir/Users/m1/Documents/C++/pico/pico-sdk/src/rp2_common/hardware_timer/timer.c.obj
 .ARM.attributes
                0x0000000000000224       0x2c CMakeFiles/dotmatrix_bargraph.dir/Users/m1/Documents/C++/pico/pico-sdk/src/common/pico_util/pheap.c.obj
 .ARM.attributes
                0x0000000000000250       0x2c CMakeFiles/dotmatrix_bargraph.dir/Users/m1/Documents/C++/pico/pico-sdk/src/rp2_common/hardware_clocks/clocks.c.obj
 .ARM.attributes
                0x000000000000027c       0x2c CMakeFiles/dotmatrix_bargraph.dir/Users/m1/Documents/C++/pico/pico-sdk/src/rp2_common/hardware_pll/pll.c.obj
 .ARM.attributes
                0x00000000000002a8       0x2c CMakeFiles/dotmatrix_bargraph.dir/Users/m1/Documents/C++/pico/pico-sdk/src/rp2_common/hardware_watchdog/watchdog.c.obj
 .ARM.attributes
                0x00000000000002d4       0x2c CMakeFiles/dotmatrix_bargraph.dir/Users/m1/Documents/C++/pico/pico-sdk/src/rp2_common/hardware_xosc/xosc.c.obj
 .ARM.attributes
                0x0000000000000300       0x2c CMakeFiles/dotmatrix_bargraph.dir/Users/m1/Documents/C++/pico/pico-sdk/src/rp2_common/pico_runtime/runtime.c.obj
 .ARM.attributes
                0x000000000000032c       0x2c CMakeFiles/dotmatrix_bargraph.dir/Users/m1/Documents/C++/pico/pico-sdk/src/rp2_common/pico_printf/printf.c.obj
 .ARM.attributes
                0x0000000000000358       0x22 CMakeFiles/dotmatrix_bargraph.dir/Users/m1/Documents/C++/pico/pico-sdk/src/rp2_common/pico_bit_ops/bit_ops_aeabi.S.obj
 .ARM.attributes
                0x000000000000037a       0x2c CMakeFiles/dotmatrix_bargraph.dir/Users/m1/Documents/C++/pico/pico-sdk/src/rp2_common/pico_bootrom/bootrom.c.obj
 .ARM.attributes
                0x00000000000003a6       0x22 CMakeFiles/dotmatrix_bargraph.dir/Users/m1/Documents/C++/pico/pico-sdk/src/rp2_common/pico_divider/divider.S.obj
 .ARM.attributes
                0x00000000000003c8       0x22 CMakeFiles/dotmatrix_bargraph.dir/Users/m1/Documents/C++/pico/pico-sdk/src/rp2_common/pico_double/double_aeabi.S.obj
 .ARM.attributes
                0x00000000000003ea       0x2c CMakeFiles/dotmatrix_bargraph.dir/Users/m1/Documents/C++/pico/pico-sdk/src/rp2_common/pico_double/double_init_rom.c.obj
 .ARM.attributes
                0x0000000000000416       0x22 CMakeFiles/dotmatrix_bargraph.dir/Users/m1/Documents/C++/pico/pico-sdk/src/rp2_common/pico_double/double_v1_rom_shim.S.obj
 .ARM.attributes
                0x0000000000000438       0x22 CMakeFiles/dotmatrix_bargraph.dir/Users/m1/Documents/C++/pico/pico-sdk/src/rp2_common/pico_int64_ops/pico_int64_ops_aeabi.S.obj
 .ARM.attributes
                0x000000000000045a       0x22 CMakeFiles/dotmatrix_bargraph.dir/Users/m1/Documents/C++/pico/pico-sdk/src/rp2_common/pico_float/float_aeabi.S.obj
 .ARM.attributes
                0x000000000000047c       0x2c CMakeFiles/dotmatrix_bargraph.dir/Users/m1/Documents/C++/pico/pico-sdk/src/rp2_common/pico_float/float_init_rom.c.obj
 .ARM.attributes
                0x00000000000004a8       0x2c CMakeFiles/dotmatrix_bargraph.dir/Users/m1/Documents/C++/pico/pico-sdk/src/rp2_common/pico_float/float_math.c.obj
 .ARM.attributes
                0x00000000000004d4       0x22 CMakeFiles/dotmatrix_bargraph.dir/Users/m1/Documents/C++/pico/pico-sdk/src/rp2_common/pico_float/float_v1_rom_shim.S.obj
 .ARM.attributes
                0x00000000000004f6       0x22 CMakeFiles/dotmatrix_bargraph.dir/Users/m1/Documents/C++/pico/pico-sdk/src/rp2_common/pico_mem_ops/mem_ops_aeabi.S.obj
 .ARM.attributes
                0x0000000000000518       0x22 CMakeFiles/dotmatrix_bargraph.dir/Users/m1/Documents/C++/pico/pico-sdk/src/rp2_common/pico_standard_link/crt0.S.obj
 .ARM.attributes
                0x000000000000053a       0x32 CMakeFiles/dotmatrix_bargraph.dir/Users/m1/Documents/C++/pico/pico-sdk/src/rp2_common/pico_standard_link/binary_info.c.obj
 .ARM.attributes
                0x000000000000056c       0x2c CMakeFiles/dotmatrix_bargraph.dir/Users/m1/Documents/C++/pico/pico-sdk/src/rp2_common/pico_stdio/stdio.c.obj
 .ARM.attributes
                0x0000000000000598       0x2c CMakeFiles/dotmatrix_bargraph.dir/__/__/__/drivers/ltp305/ltp305.cpp.obj
 .ARM.attributes
                0x00000000000005c4       0x2c CMakeFiles/dotmatrix_bargraph.dir/Users/m1/Documents/C++/pico/pico-sdk/src/rp2_common/hardware_i2c/i2c.c.obj
 .ARM.attributes
                0x00000000000005f0       0x2c CMakeFiles/dotmatrix_bargraph.dir/__/__/__/common/pimoroni_i2c.cpp.obj
 .ARM.attributes
                0x000000000000061c       0x22 /var/folders/1n/89xdty2d7d9cc5nk8_nwq6340000gn/T//cc0XIc9p.o
 .ARM.attributes
                0x000000000000063e       0x1e /opt/homebrew/Cellar/arm-none-eabi-gcc/10.3-2021.07/gcc/bin/../lib/gcc/arm-none-eabi/10.3.1/thumb/v6-m/nofp/libgcc.a(_dvmd_tls.o)
 .ARM.attributes
                0x000000000000065c       0x2c /opt/homebrew/Cellar/arm-none-eabi-gcc/10.3-2021.07/gcc/bin/../lib/gcc/arm-none-eabi/10.3.1/../../../../arm-none-eabi/lib/thumb/v6-m/nofp/libc.a(lib_a-impure.o)
 .ARM.attributes
                0x0000000000000688       0x2c /opt/homebrew/Cellar/arm-none-eabi-gcc/10.3-2021.07/gcc/bin/../lib/gcc/arm-none-eabi/10.3.1/../../../../arm-none-eabi/lib/thumb/v6-m/nofp/libc.a(lib_a-rand.o)
 .ARM.attributes
                0x00000000000006b4       0x2c /opt/homebrew/Cellar/arm-none-eabi-gcc/10.3-2021.07/gcc/bin/../lib/gcc/arm-none-eabi/10.3.1/../../../../arm-none-eabi/lib/thumb/v6-m/nofp/libc.a(lib_a-strlen-stub.o)

.comment        0x0000000000000000       0x49
 .comment       0x0000000000000000       0x49 CMakeFiles/dotmatrix_bargraph.dir/bargraph.cpp.obj
                                         0x4a (size before relaxing)
 .comment       0x0000000000000049       0x4a CMakeFiles/dotmatrix_bargraph.dir/Users/m1/Documents/C++/pico/pico-sdk/src/rp2_common/hardware_gpio/gpio.c.obj
 .comment       0x0000000000000049       0x4a CMakeFiles/dotmatrix_bargraph.dir/Users/m1/Documents/C++/pico/pico-sdk/src/rp2_common/pico_platform/platform.c.obj
 .comment       0x0000000000000049       0x4a CMakeFiles/dotmatrix_bargraph.dir/Users/m1/Documents/C++/pico/pico-sdk/src/rp2_common/hardware_claim/claim.c.obj
 .comment       0x0000000000000049       0x4a CMakeFiles/dotmatrix_bargraph.dir/Users/m1/Documents/C++/pico/pico-sdk/src/rp2_common/hardware_sync/sync.c.obj
 .comment       0x0000000000000049       0x4a CMakeFiles/dotmatrix_bargraph.dir/Users/m1/Documents/C++/pico/pico-sdk/src/rp2_common/hardware_irq/irq.c.obj
 .comment       0x0000000000000049       0x4a CMakeFiles/dotmatrix_bargraph.dir/Users/m1/Documents/C++/pico/pico-sdk/src/common/pico_sync/lock_core.c.obj
 .comment       0x0000000000000049       0x4a CMakeFiles/dotmatrix_bargraph.dir/Users/m1/Documents/C++/pico/pico-sdk/src/common/pico_sync/mutex.c.obj
 .comment       0x0000000000000049       0x4a CMakeFiles/dotmatrix_bargraph.dir/Users/m1/Documents/C++/pico/pico-sdk/src/common/pico_time/time.c.obj
 .comment       0x0000000000000049       0x4a CMakeFiles/dotmatrix_bargraph.dir/Users/m1/Documents/C++/pico/pico-sdk/src/rp2_common/hardware_timer/timer.c.obj
 .comment       0x0000000000000049       0x4a CMakeFiles/dotmatrix_bargraph.dir/Users/m1/Documents/C++/pico/pico-sdk/src/common/pico_util/pheap.c.obj
 .comment       0x0000000000000049       0x4a CMakeFiles/dotmatrix_bargraph.dir/Users/m1/Documents/C++/pico/pico-sdk/src/rp2_common/hardware_clocks/clocks.c.obj
 .comment       0x0000000000000049       0x4a CMakeFiles/dotmatrix_bargraph.dir/Users/m1/Documents/C++/pico/pico-sdk/src/rp2_common/hardware_pll/pll.c.obj
 .comment       0x0000000000000049       0x4a CMakeFiles/dotmatrix_bargraph.dir/Users/m1/Documents/C++/pico/pico-sdk/src/rp2_common/hardware_watchdog/watchdog.c.obj
 .comment       0x0000000000000049       0x4a CMakeFiles/dotmatrix_bargraph.dir/Users/m1/Documents/C++/pico/pico-sdk/src/rp2_common/hardware_xosc/xosc.c.obj
 .comment       0x0000000000000049       0x4a CMakeFiles/dotmatrix_bargraph.dir/Users/m1/Documents/C++/pico/pico-sdk/src/rp2_common/pico_runtime/runtime.c.obj
 .comment       0x0000000000000049       0x4a CMakeFiles/dotmatrix_bargraph.dir/Users/m1/Documents/C++/pico/pico-sdk/src/rp2_common/pico_printf/printf.c.obj
 .comment       0x0000000000000049       0x4a CMakeFiles/dotmatrix_bargraph.dir/Users/m1/Documents/C++/pico/pico-sdk/src/rp2_common/pico_bootrom/bootrom.c.obj
 .comment       0x0000000000000049       0x4a CMakeFiles/dotmatrix_bargraph.dir/Users/m1/Documents/C++/pico/pico-sdk/src/rp2_common/pico_double/double_init_rom.c.obj
 .comment       0x0000000000000049       0x4a CMakeFiles/dotmatrix_bargraph.dir/Users/m1/Documents/C++/pico/pico-sdk/src/rp2_common/pico_float/float_init_rom.c.obj
 .comment       0x0000000000000049       0x4a CMakeFiles/dotmatrix_bargraph.dir/Users/m1/Documents/C++/pico/pico-sdk/src/rp2_common/pico_float/float_math.c.obj
 .comment       0x0000000000000049       0x4a CMakeFiles/dotmatrix_bargraph.dir/Users/m1/Documents/C++/pico/pico-sdk/src/rp2_common/pico_standard_link/binary_info.c.obj
 .comment       0x0000000000000049       0x4a CMakeFiles/dotmatrix_bargraph.dir/Users/m1/Documents/C++/pico/pico-sdk/src/rp2_common/pico_stdio/stdio.c.obj
 .comment       0x0000000000000049       0x4a CMakeFiles/dotmatrix_bargraph.dir/__/__/__/drivers/ltp305/ltp305.cpp.obj
 .comment       0x0000000000000049       0x4a CMakeFiles/dotmatrix_bargraph.dir/Users/m1/Documents/C++/pico/pico-sdk/src/rp2_common/hardware_i2c/i2c.c.obj
 .comment       0x0000000000000049       0x4a CMakeFiles/dotmatrix_bargraph.dir/__/__/__/common/pimoroni_i2c.cpp.obj

.debug_frame    0x0000000000000000       0x60
 .debug_frame   0x0000000000000000       0x38 /opt/homebrew/Cellar/arm-none-eabi-gcc/10.3-2021.07/gcc/bin/../lib/gcc/arm-none-eabi/10.3.1/../../../../arm-none-eabi/lib/thumb/v6-m/nofp/libc.a(lib_a-rand.o)
 .debug_frame   0x0000000000000038       0x28 /opt/homebrew/Cellar/arm-none-eabi-gcc/10.3-2021.07/gcc/bin/../lib/gcc/arm-none-eabi/10.3.1/../../../../arm-none-eabi/lib/thumb/v6-m/nofp/libc.a(lib_a-strlen-stub.o)
